Inference:   0%|                                                                                                                   | 0/23 [00:00<?, ?it/s][WARN] Skipping prompt (2146 chars): Request timed out.
[WARN] Skipping prompt (1395 chars): Request timed out.
[WARN] Skipping prompt (1391 chars): Request timed out.
[WARN] Skipping prompt (1464 chars): Request timed out.
[WARN] Skipping prompt (1447 chars): Request timed out.
[WARN] Skipping prompt (1487 chars): Request timed out.
[WARN] Skipping prompt (1948 chars): Request timed out.
[WARN] Skipping prompt (1498 chars): Request timed out.
[WARN] Skipping prompt (1502 chars): Request timed out.
[WARN] Skipping prompt (1449 chars): Request timed out.
[WARN] Skipping prompt (2742 chars): Request timed out.
[WARN] Skipping prompt (2616 chars): Request timed out.
[WARN] Skipping prompt (1517 chars): Request timed out.
[WARN] Skipping prompt (1431 chars): Request timed out.
[WARN] Skipping prompt (1624 chars): Request timed out.
[WARN] Skipping prompt (1579 chars): Request timed out.
[WARN] Skipping prompt (1431 chars): Request timed out.
[WARN] Skipping prompt (1955 chars): Request timed out.
[WARN] Skipping prompt (2472 chars): Request timed out.
[WARN] Skipping prompt (1477 chars): Request timed out.
[WARN] Skipping prompt (1590 chars): Request timed out.
[WARN] Skipping prompt (1497 chars): Request timed out.
[WARN] Skipping prompt (1775 chars): Request timed out.
[WARN] Skipping prompt (1371 chars): Request timed out.
[WARN] Skipping prompt (1678 chars): Request timed out.
[WARN] Skipping prompt (1442 chars): Request timed out.
[WARN] Skipping prompt (1802 chars): Request timed out.
[WARN] Skipping prompt (1473 chars): Request timed out.
[WARN] Skipping prompt (1440 chars): Request timed out.
[WARN] Skipping prompt (1614 chars): Request timed out.
[WARN] Skipping prompt (2569 chars): Request timed out.
[WARN] Skipping prompt (2534 chars): Request timed out.
[WARN] Skipping prompt (1585 chars): Request timed out.
[WARN] Skipping prompt (1398 chars): Request timed out.
[WARN] Skipping prompt (1811 chars): Request timed out.
[WARN] Skipping prompt (1544 chars): Request timed out.
[WARN] Skipping prompt (1422 chars): Request timed out.
[WARN] Skipping prompt (1537 chars): Request timed out.
[WARN] Skipping prompt (2078 chars): Request timed out.
[WARN] Skipping prompt (2055 chars): Request timed out.
[WARN] Skipping prompt (1742 chars): Request timed out.
[WARN] Skipping prompt (1454 chars): Request timed out.
[WARN] Skipping prompt (1372 chars): Request timed out.
[WARN] Skipping prompt (2437 chars): Request timed out.
[WARN] Skipping prompt (1411 chars): Request timed out.
[WARN] Skipping prompt (1987 chars): Request timed out.
[WARN] Skipping prompt (1460 chars): Request timed out.
[WARN] Skipping prompt (2184 chars): Request timed out.
[WARN] Skipping prompt (1415 chars): Request timed out.
[WARN] Skipping prompt (1678 chars): Request timed out.
[WARN] Skipping prompt (1714 chars): Request timed out.
[WARN] Skipping prompt (1546 chars): Request timed out.
[WARN] Skipping prompt (1360 chars): Request timed out.
[WARN] Skipping prompt (1586 chars): Request timed out.
[WARN] Skipping prompt (1670 chars): Request timed out.
[WARN] Skipping prompt (1452 chars): Request timed out.
[WARN] Skipping prompt (1402 chars): Request timed out.
[WARN] Skipping prompt (1535 chars): Request timed out.
[WARN] Skipping prompt (2531 chars): Request timed out.
[WARN] Skipping prompt (1962 chars): Request timed out.
[WARN] Skipping prompt (1353 chars): Request timed out.
[WARN] Skipping prompt (1524 chars): Request timed out.
[WARN] Skipping prompt (1406 chars): Request timed out.
[WARN] Skipping prompt (2073 chars): Request timed out.
Inference:   4%|████▍                                                                                                 | 1/23 [30:03<11:01:17, 1803.53s/it][WARN] Skipping prompt (1382 chars): Request timed out.
[WARN] Skipping prompt (1364 chars): Request timed out.
[WARN] Skipping prompt (1240 chars): Request timed out.
[WARN] Skipping prompt (2272 chars): Request timed out.
[WARN] Skipping prompt (1784 chars): Request timed out.
[WARN] Skipping prompt (1269 chars): Request timed out.
[WARN] Skipping prompt (1363 chars): Request timed out.
[WARN] Skipping prompt (1672 chars): Request timed out.
[WARN] Skipping prompt (1787 chars): Request timed out.
[WARN] Skipping prompt (1896 chars): Request timed out.
[WARN] Skipping prompt (1416 chars): Request timed out.
[WARN] Skipping prompt (1269 chars): Request timed out.
[WARN] Skipping prompt (1584 chars): Request timed out.
[WARN] Skipping prompt (1250 chars): Request timed out.
[WARN] Skipping prompt (1868 chars): Request timed out.
[WARN] Skipping prompt (1453 chars): Request timed out.
[WARN] Skipping prompt (1257 chars): Request timed out.
[WARN] Skipping prompt (1735 chars): Request timed out.
[WARN] Skipping prompt (1564 chars): Request timed out.
[WARN] Skipping prompt (1425 chars): Request timed out.
[WARN] Skipping prompt (1628 chars): Request timed out.
[WARN] Skipping prompt (1560 chars): Request timed out.
[WARN] Skipping prompt (1477 chars): Request timed out.
[WARN] Skipping prompt (1610 chars): Request timed out.
[WARN] Skipping prompt (1416 chars): Request timed out.
[WARN] Skipping prompt (2124 chars): Request timed out.
[WARN] Skipping prompt (1518 chars): Request timed out.
[WARN] Skipping prompt (1524 chars): Request timed out.
[WARN] Skipping prompt (1565 chars): Request timed out.
[WARN] Skipping prompt (1422 chars): Request timed out.
[WARN] Skipping prompt (2253 chars): Request timed out.
[WARN] Skipping prompt (1371 chars): Request timed out.
[WARN] Skipping prompt (1516 chars): Request timed out.
[WARN] Skipping prompt (1484 chars): Request timed out.
[WARN] Skipping prompt (1101 chars): Request timed out.
[WARN] Skipping prompt (2144 chars): Request timed out.
[WARN] Skipping prompt (1762 chars): Request timed out.
[WARN] Skipping prompt (2121 chars): Request timed out.
[WARN] Skipping prompt (1403 chars): Request timed out.
[WARN] Skipping prompt (1404 chars): Request timed out.
[WARN] Skipping prompt (1396 chars): Request timed out.
[WARN] Skipping prompt (2117 chars): Request timed out.
[WARN] Skipping prompt (1352 chars): Request timed out.
[WARN] Skipping prompt (1350 chars): Request timed out.
[WARN] Skipping prompt (1294 chars): Request timed out.
[WARN] Skipping prompt (1379 chars): Request timed out.
[WARN] Skipping prompt (1453 chars): Request timed out.
[WARN] Skipping prompt (1495 chars): Request timed out.
[WARN] Skipping prompt (1715 chars): Request timed out.
[WARN] Skipping prompt (1204 chars): Request timed out.
[WARN] Skipping prompt (1768 chars): Request timed out.
[WARN] Skipping prompt (1727 chars): Request timed out.
[WARN] Skipping prompt (1775 chars): Request timed out.
[WARN] Skipping prompt (1844 chars): Request timed out.
[WARN] Skipping prompt (1263 chars): Request timed out.
[WARN] Skipping prompt (1640 chars): Request timed out.
[WARN] Skipping prompt (1545 chars): Request timed out.
[WARN] Skipping prompt (1447 chars): Request timed out.
[WARN] Skipping prompt (1214 chars): Request timed out.
[WARN] Skipping prompt (1585 chars): Request timed out.
[WARN] Skipping prompt (1116 chars): Request timed out.
[WARN] Skipping prompt (1211 chars): Request timed out.
[WARN] Skipping prompt (1374 chars): Request timed out.
[WARN] Skipping prompt (1348 chars): Request timed out.
Inference:   9%|████████▋                                                                                           | 2/23 [1:00:06<10:31:12, 1803.43s/it][WARN] Skipping prompt (1694 chars): Request timed out.
[WARN] Skipping prompt (1217 chars): Request timed out.
[WARN] Skipping prompt (1424 chars): Request timed out.
[WARN] Skipping prompt (1440 chars): Request timed out.
[WARN] Skipping prompt (1865 chars): Request timed out.
[WARN] Skipping prompt (1552 chars): Request timed out.
[WARN] Skipping prompt (1842 chars): Request timed out.
[WARN] Skipping prompt (1837 chars): Request timed out.
[WARN] Skipping prompt (2333 chars): Request timed out.
[WARN] Skipping prompt (1469 chars): Request timed out.
[WARN] Skipping prompt (1258 chars): Request timed out.
[WARN] Skipping prompt (1716 chars): Request timed out.
[WARN] Skipping prompt (1204 chars): Request timed out.
Inference:  13%|█████████████                                                                                       | 3/23 [1:30:10<10:01:07, 1803.39s/it][WARN] Skipping prompt (2352 chars): Request timed out.
[WARN] Skipping prompt (1502 chars): Request timed out.
[WARN] Skipping prompt (3406 chars): Request timed out.
[WARN] Skipping prompt (2111 chars): Request timed out.
[WARN] Skipping prompt (1929 chars): Request timed out.
[WARN] Skipping prompt (3056 chars): Request timed out.
[WARN] Skipping prompt (2167 chars): Request timed out.
[WARN] Skipping prompt (2035 chars): Request timed out.
[WARN] Skipping prompt (1900 chars): Request timed out.
[WARN] Skipping prompt (1430 chars): Request timed out.
[WARN] Skipping prompt (1942 chars): Request timed out.
[WARN] Skipping prompt (2177 chars): Request timed out.
[WARN] Skipping prompt (1376 chars): Request timed out.
[WARN] Skipping prompt (1749 chars): Request timed out.
Inference:  17%|█████████████████▌                                                                                   | 4/23 [2:00:13<9:31:03, 1803.34s/it][WARN] Skipping prompt (1836 chars): Request timed out.
[WARN] Skipping prompt (1938 chars): Request timed out.
[WARN] Skipping prompt (1480 chars): Request timed out.
[WARN] Skipping prompt (1704 chars): Request timed out.
[WARN] Skipping prompt (2482 chars): Request timed out.
[WARN] Skipping prompt (1853 chars): Request timed out.
[WARN] Skipping prompt (1351 chars): Request timed out.
[WARN] Skipping prompt (2168 chars): Request timed out.
[WARN] Skipping prompt (1920 chars): Request timed out.
[WARN] Skipping prompt (1574 chars): Request timed out.
[WARN] Skipping prompt (1798 chars): Request timed out.
[WARN] Skipping prompt (2653 chars): Request timed out.
[WARN] Skipping prompt (2188 chars): Request timed out.
[WARN] Skipping prompt (2126 chars): Request timed out.
Inference:  22%|█████████████████████▉                                                                               | 5/23 [2:30:16<9:00:59, 1803.30s/it][WARN] Skipping prompt (1521 chars): Request timed out.
[WARN] Skipping prompt (1538 chars): Request timed out.
[WARN] Skipping prompt (1663 chars): Request timed out.
[WARN] Skipping prompt (1363 chars): Request timed out.
[WARN] Skipping prompt (1462 chars): Request timed out.
[WARN] Skipping prompt (1511 chars): Request timed out.
[WARN] Skipping prompt (1348 chars): Request timed out.
[WARN] Skipping prompt (1678 chars): Request timed out.
[WARN] Skipping prompt (2014 chars): Request timed out.
[WARN] Skipping prompt (1528 chars): Request timed out.
[WARN] Skipping prompt (1783 chars): Request timed out.
[WARN] Skipping prompt (1684 chars): Request timed out.
[WARN] Skipping prompt (1393 chars): Request timed out.
Inference:  26%|██████████████████████████▎                                                                          | 6/23 [3:00:20<8:30:56, 1803.30s/it][WARN] Skipping prompt (1363 chars): Request timed out.
[WARN] Skipping prompt (1635 chars): Request timed out.
[WARN] Skipping prompt (1828 chars): Request timed out.
[WARN] Skipping prompt (1675 chars): Request timed out.
[WARN] Skipping prompt (1325 chars): Request timed out.
[WARN] Skipping prompt (1341 chars): Request timed out.
[WARN] Skipping prompt (1655 chars): Request timed out.
[WARN] Skipping prompt (1531 chars): Request timed out.
[WARN] Skipping prompt (1842 chars): Request timed out.
[WARN] Skipping prompt (1626 chars): Request timed out.
[WARN] Skipping prompt (1666 chars): Request timed out.
[WARN] Skipping prompt (2096 chars): Request timed out.
Inference:  30%|██████████████████████████████▋                                                                      | 7/23 [3:30:23<8:00:52, 1803.29s/it][WARN] Skipping prompt (1831 chars): Request timed out.
[WARN] Skipping prompt (1489 chars): Request timed out.
[WARN] Skipping prompt (1608 chars): Request timed out.
[WARN] Skipping prompt (1794 chars): Request timed out.
[WARN] Skipping prompt (1446 chars): Request timed out.
[WARN] Skipping prompt (1492 chars): Request timed out.
[WARN] Skipping prompt (1512 chars): Request timed out.
[WARN] Skipping prompt (1448 chars): Request timed out.
[WARN] Skipping prompt (1605 chars): Request timed out.
[WARN] Skipping prompt (1498 chars): Request timed out.
Inference:  35%|███████████████████████████████████▏                                                                 | 8/23 [4:00:26<7:30:49, 1803.29s/it][WARN] Skipping prompt (1543 chars): Request timed out.
[WARN] Skipping prompt (1326 chars): Request timed out.
[WARN] Skipping prompt (1618 chars): Request timed out.
[WARN] Skipping prompt (1406 chars): Request timed out.
[WARN] Skipping prompt (1289 chars): Request timed out.
[WARN] Skipping prompt (1747 chars): Request timed out.
[WARN] Skipping prompt (1569 chars): Request timed out.
[WARN] Skipping prompt (1396 chars): Request timed out.
[WARN] Skipping prompt (1356 chars): Request timed out.
[WARN] Skipping prompt (1634 chars): Request timed out.
[WARN] Skipping prompt (1292 chars): Request timed out.
Inference:  39%|███████████████████████████████████████▌                                                             | 9/23 [4:30:29<7:00:46, 1803.29s/it][WARN] Skipping prompt (2033 chars): Request timed out.
[WARN] Skipping prompt (1369 chars): Error code: 500 - {'error': {'message': 'EngineCore encountered an issue. See stack trace (above) for the root cause.', 'type': 'InternalServerError', 'param': None, 'code': 500}}
[WARN] Skipping prompt (1903 chars): Error code: 500 - {'error': {'message': 'EngineCore encountered an issue. See stack trace (above) for the root cause.', 'type': 'InternalServerError', 'param': None, 'code': 500}}
[WARN] Skipping prompt (1271 chars): Error code: 500 - {'error': {'message': 'EngineCore encountered an issue. See stack trace (above) for the root cause.', 'type': 'InternalServerError', 'param': None, 'code': 500}}
[WARN] Skipping prompt (1748 chars): Error code: 500 - {'error': {'message': 'EngineCore encountered an issue. See stack trace (above) for the root cause.', 'type': 'InternalServerError', 'param': None, 'code': 500}}
[WARN] Skipping prompt (1790 chars): Error code: 500 - {'error': {'message': 'EngineCore encountered an issue. See stack trace (above) for the root cause.', 'type': 'InternalServerError', 'param': None, 'code': 500}}
[WARN] Skipping prompt (2192 chars): Error code: 500 - {'error': {'message': 'EngineCore encountered an issue. See stack trace (above) for the root cause.', 'type': 'InternalServerError', 'param': None, 'code': 500}}
[WARN] Skipping prompt (1846 chars): Error code: 500 - {'error': {'message': 'EngineCore encountered an issue. See stack trace (above) for the root cause.', 'type': 'InternalServerError', 'param': None, 'code': 500}}
[WARN] Skipping prompt (1694 chars): Error code: 500 - {'error': {'message': 'EngineCore encountered an issue. See stack trace (above) for the root cause.', 'type': 'InternalServerError', 'param': None, 'code': 500}}
[WARN] Skipping prompt (1114 chars): Error code: 500 - {'error': {'message': 'EngineCore encountered an issue. See stack trace (above) for the root cause.', 'type': 'InternalServerError', 'param': None, 'code': 500}}
[WARN] Skipping prompt (1138 chars): Error code: 500 - {'error': {'message': 'EngineCore encountered an issue. See stack trace (above) for the root cause.', 'type': 'InternalServerError', 'param': None, 'code': 500}}
[WARN] Skipping prompt (1399 chars): Error code: 500 - {'error': {'message': 'EngineCore encountered an issue. See stack trace (above) for the root cause.', 'type': 'InternalServerError', 'param': None, 'code': 500}}
Inference:  43%|███████████████████████████████████████████▍                                                        | 10/23 [5:00:29<6:30:27, 1802.14s/it][WARN] Skipping prompt (1316 chars): Connection error.
[WARN] Skipping prompt (1406 chars): Connection error.
[WARN] Skipping prompt (1502 chars): Connection error.
[WARN] Skipping prompt (1389 chars): Connection error.
[WARN] Skipping prompt (1579 chars): Connection error.
[WARN] Skipping prompt (1842 chars): Connection error.
[WARN] Skipping prompt (1435 chars): Connection error.
[WARN] Skipping prompt (1624 chars): Connection error.
[WARN] Skipping prompt (1687 chars): Connection error.
[WARN] Skipping prompt (1429 chars): Connection error.
[WARN] Skipping prompt (1402 chars): Connection error.
[WARN] Skipping prompt (1403 chars): Connection error.
[WARN] Skipping prompt (1520 chars): Connection error.
[WARN] Skipping prompt (1835 chars): Connection error.
[WARN] Skipping prompt (1887 chars): Connection error.
[WARN] Skipping prompt (1532 chars): Connection error.
[WARN] Skipping prompt (1440 chars): Connection error.
[WARN] Skipping prompt (1525 chars): Connection error.
[WARN] Skipping prompt (1419 chars): Connection error.
[WARN] Skipping prompt (1969 chars): Connection error.
[WARN] Skipping prompt (2048 chars): Connection error.
[WARN] Skipping prompt (1593 chars): Connection error.
[WARN] Skipping prompt (1694 chars): Connection error.
[WARN] Skipping prompt (1520 chars): Connection error.
[WARN] Skipping prompt (1910 chars): Connection error.
[WARN] Skipping prompt (1358 chars): Connection error.
[WARN] Skipping prompt (2591 chars): Connection error.
[WARN] Skipping prompt (1519 chars): Connection error.
[WARN] Skipping prompt (1589 chars): Connection error.
[WARN] Skipping prompt (1586 chars): Connection error.
[WARN] Skipping prompt (2103 chars): Connection error.
[WARN] Skipping prompt (1521 chars): Connection error.
[WARN] Skipping prompt (1804 chars): Connection error.
[WARN] Skipping prompt (1627 chars): Connection error.
[WARN] Skipping prompt (1702 chars): Connection error.
[WARN] Skipping prompt (1441 chars): Connection error.
[WARN] Skipping prompt (1723 chars): Connection error.
[WARN] Skipping prompt (1622 chars): Connection error.
[WARN] Skipping prompt (1517 chars): Connection error.
[WARN] Skipping prompt (1993 chars): Connection error.
[WARN] Skipping prompt (1465 chars): Connection error.
[WARN] Skipping prompt (1456 chars): Connection error.
[WARN] Skipping prompt (1560 chars): Connection error.
[WARN] Skipping prompt (1414 chars): Connection error.
[WARN] Skipping prompt (1453 chars): Connection error.
[WARN] Skipping prompt (1590 chars): Connection error.
[WARN] Skipping prompt (2514 chars): Connection error.
[WARN] Skipping prompt (1869 chars): Connection error.
[WARN] Skipping prompt (2196 chars): Connection error.
[WARN] Skipping prompt (1907 chars): Connection error.
[WARN] Skipping prompt (1695 chars): Connection error.
[WARN] Skipping prompt (1243 chars): Connection error.
[WARN] Skipping prompt (1647 chars): Connection error.
[WARN] Skipping prompt (1504 chars): Connection error.
[WARN] Skipping prompt (1399 chars): Connection error.
[WARN] Skipping prompt (1621 chars): Connection error.
[WARN] Skipping prompt (1820 chars): Connection error.
[WARN] Skipping prompt (1885 chars): Connection error.
[WARN] Skipping prompt (1366 chars): Connection error.
[WARN] Skipping prompt (1158 chars): Connection error.
[WARN] Skipping prompt (1337 chars): Connection error.
[WARN] Skipping prompt (1447 chars): Connection error.
[WARN] Skipping prompt (1546 chars): Connection error.
[WARN] Skipping prompt (1434 chars): Connection error.
Inference:  48%|███████████████████████████████████████████████▊                                                    | 11/23 [5:00:32<4:10:19, 1251.60s/it][WARN] Skipping prompt (1209 chars): Connection error.
[WARN] Skipping prompt (1583 chars): Connection error.
[WARN] Skipping prompt (2766 chars): Connection error.
[WARN] Skipping prompt (1689 chars): Connection error.
[WARN] Skipping prompt (1318 chars): Connection error.
[WARN] Skipping prompt (1563 chars): Connection error.
[WARN] Skipping prompt (1471 chars): Connection error.
[WARN] Skipping prompt (1991 chars): Connection error.
[WARN] Skipping prompt (1978 chars): Connection error.
[WARN] Skipping prompt (1294 chars): Connection error.
[WARN] Skipping prompt (1473 chars): Connection error.
[WARN] Skipping prompt (1346 chars): Connection error.
[WARN] Skipping prompt (1470 chars): Connection error.
[WARN] Skipping prompt (1495 chars): Connection error.
[WARN] Skipping prompt (1176 chars): Connection error.
[WARN] Skipping prompt (1441 chars): Connection error.
[WARN] Skipping prompt (1426 chars): Connection error.
[WARN] Skipping prompt (1664 chars): Connection error.
[WARN] Skipping prompt (1553 chars): Connection error.
[WARN] Skipping prompt (2005 chars): Connection error.
[WARN] Skipping prompt (1648 chars): Connection error.
[WARN] Skipping prompt (1756 chars): Connection error.
[WARN] Skipping prompt (1275 chars): Connection error.
[WARN] Skipping prompt (1263 chars): Connection error.
[WARN] Skipping prompt (1470 chars): Connection error.
[WARN] Skipping prompt (1216 chars): Connection error.
[WARN] Skipping prompt (1400 chars): Connection error.
[WARN] Skipping prompt (1357 chars): Connection error.
[WARN] Skipping prompt (1612 chars): Connection error.
[WARN] Skipping prompt (1797 chars): Connection error.
[WARN] Skipping prompt (1321 chars): Connection error.
[WARN] Skipping prompt (1897 chars): Connection error.
[WARN] Skipping prompt (1735 chars): Connection error.
[WARN] Skipping prompt (2290 chars): Connection error.
[WARN] Skipping prompt (2042 chars): Connection error.
[WARN] Skipping prompt (1502 chars): Connection error.
[WARN] Skipping prompt (1486 chars): Connection error.
[WARN] Skipping prompt (1506 chars): Connection error.
[WARN] Skipping prompt (1688 chars): Connection error.
[WARN] Skipping prompt (1952 chars): Connection error.
[WARN] Skipping prompt (1438 chars): Connection error.
[WARN] Skipping prompt (1436 chars): Connection error.
[WARN] Skipping prompt (1395 chars): Connection error.
[WARN] Skipping prompt (1516 chars): Connection error.
[WARN] Skipping prompt (1859 chars): Connection error.
[WARN] Skipping prompt (1268 chars): Connection error.
[WARN] Skipping prompt (1491 chars): Connection error.
[WARN] Skipping prompt (2182 chars): Connection error.
[WARN] Skipping prompt (1486 chars): Connection error.
[WARN] Skipping prompt (1285 chars): Connection error.
[WARN] Skipping prompt (1449 chars): Connection error.
[WARN] Skipping prompt (1248 chars): Connection error.
[WARN] Skipping prompt (1878 chars): Connection error.
[WARN] Skipping prompt (1600 chars): Connection error.
[WARN] Skipping prompt (1398 chars): Connection error.
[WARN] Skipping prompt (1555 chars): Connection error.
[WARN] Skipping prompt (2104 chars): Connection error.
[WARN] Skipping prompt (1607 chars): Connection error.
[WARN] Skipping prompt (1526 chars): Connection error.
[WARN] Skipping prompt (2038 chars): Connection error.
[WARN] Skipping prompt (1682 chars): Connection error.
[WARN] Skipping prompt (1960 chars): Connection error.
[WARN] Skipping prompt (1996 chars): Connection error.
[WARN] Skipping prompt (2082 chars): Connection error.
Inference:  52%|████████████████████████████████████████████████████▋                                                | 12/23 [5:00:35<2:39:50, 871.84s/it][WARN] Skipping prompt (1165 chars): Connection error.
[WARN] Skipping prompt (1658 chars): Connection error.
[WARN] Skipping prompt (1632 chars): Connection error.
[WARN] Skipping prompt (1625 chars): Connection error.
[WARN] Skipping prompt (1450 chars): Connection error.
[WARN] Skipping prompt (1270 chars): Connection error.
[WARN] Skipping prompt (1840 chars): Connection error.
[WARN] Skipping prompt (1498 chars): Connection error.
[WARN] Skipping prompt (1843 chars): Connection error.
[WARN] Skipping prompt (2307 chars): Connection error.
[WARN] Skipping prompt (1642 chars): Connection error.
[WARN] Skipping prompt (1541 chars): Connection error.
[WARN] Skipping prompt (1851 chars): Connection error.
[WARN] Skipping prompt (1684 chars): Connection error.
[WARN] Skipping prompt (1244 chars): Connection error.
[WARN] Skipping prompt (1455 chars): Connection error.
[WARN] Skipping prompt (1355 chars): Connection error.
[WARN] Skipping prompt (1677 chars): Connection error.
[WARN] Skipping prompt (1381 chars): Connection error.
[WARN] Skipping prompt (1441 chars): Connection error.
[WARN] Skipping prompt (2155 chars): Connection error.
[WARN] Skipping prompt (2233 chars): Connection error.
[WARN] Skipping prompt (1504 chars): Connection error.
[WARN] Skipping prompt (1444 chars): Connection error.
[WARN] Skipping prompt (2356 chars): Connection error.
[WARN] Skipping prompt (1399 chars): Connection error.
[WARN] Skipping prompt (2175 chars): Connection error.
[WARN] Skipping prompt (1457 chars): Connection error.
[WARN] Skipping prompt (1140 chars): Connection error.
[WARN] Skipping prompt (1397 chars): Connection error.
[WARN] Skipping prompt (1480 chars): Connection error.
[WARN] Skipping prompt (1262 chars): Connection error.
[WARN] Skipping prompt (1851 chars): Connection error.
[WARN] Skipping prompt (1256 chars): Connection error.
[WARN] Skipping prompt (1397 chars): Connection error.
[WARN] Skipping prompt (1251 chars): Connection error.
[WARN] Skipping prompt (1484 chars): Connection error.
[WARN] Skipping prompt (1733 chars): Connection error.
[WARN] Skipping prompt (1900 chars): Connection error.
[WARN] Skipping prompt (1533 chars): Connection error.
[WARN] Skipping prompt (1324 chars): Connection error.
[WARN] Skipping prompt (1462 chars): Connection error.
[WARN] Skipping prompt (1403 chars): Connection error.
[WARN] Skipping prompt (1430 chars): Connection error.
[WARN] Skipping prompt (1348 chars): Connection error.
[WARN] Skipping prompt (1401 chars): Connection error.
[WARN] Skipping prompt (1420 chars): Connection error.
[WARN] Skipping prompt (1241 chars): Connection error.
[WARN] Skipping prompt (2794 chars): Connection error.
[WARN] Skipping prompt (1789 chars): Connection error.
[WARN] Skipping prompt (1842 chars): Connection error.
[WARN] Skipping prompt (1605 chars): Connection error.
[WARN] Skipping prompt (1561 chars): Connection error.
[WARN] Skipping prompt (1530 chars): Connection error.
[WARN] Skipping prompt (1661 chars): Connection error.
[WARN] Skipping prompt (1196 chars): Connection error.
[WARN] Skipping prompt (1288 chars): Connection error.
[WARN] Skipping prompt (1864 chars): Connection error.
[WARN] Skipping prompt (1369 chars): Connection error.
[WARN] Skipping prompt (1271 chars): Connection error.
[WARN] Skipping prompt (1188 chars): Connection error.
[WARN] Skipping prompt (1379 chars): Connection error.
[WARN] Skipping prompt (1878 chars): Connection error.
[WARN] Skipping prompt (1285 chars): Connection error.
Inference:  57%|█████████████████████████████████████████████████████████                                            | 13/23 [5:00:39<1:41:27, 608.71s/it][WARN] Skipping prompt (1648 chars): Connection error.
[WARN] Skipping prompt (1434 chars): Connection error.
[WARN] Skipping prompt (1719 chars): Connection error.
[WARN] Skipping prompt (1547 chars): Connection error.
[WARN] Skipping prompt (1925 chars): Connection error.
[WARN] Skipping prompt (1490 chars): Connection error.
[WARN] Skipping prompt (1599 chars): Connection error.
[WARN] Skipping prompt (1860 chars): Connection error.
[WARN] Skipping prompt (1740 chars): Connection error.
[WARN] Skipping prompt (1896 chars): Connection error.
[WARN] Skipping prompt (1514 chars): Connection error.
[WARN] Skipping prompt (1231 chars): Connection error.
[WARN] Skipping prompt (1529 chars): Connection error.
[WARN] Skipping prompt (1493 chars): Connection error.
[WARN] Skipping prompt (1764 chars): Connection error.
[WARN] Skipping prompt (1247 chars): Connection error.
[WARN] Skipping prompt (1445 chars): Connection error.
[WARN] Skipping prompt (1938 chars): Connection error.
[WARN] Skipping prompt (1182 chars): Connection error.
[WARN] Skipping prompt (1430 chars): Connection error.
[WARN] Skipping prompt (2147 chars): Connection error.
[WARN] Skipping prompt (1520 chars): Connection error.
[WARN] Skipping prompt (1649 chars): Connection error.
[WARN] Skipping prompt (1743 chars): Connection error.
[WARN] Skipping prompt (1495 chars): Connection error.
[WARN] Skipping prompt (1389 chars): Connection error.
[WARN] Skipping prompt (1295 chars): Connection error.
[WARN] Skipping prompt (1452 chars): Connection error.
[WARN] Skipping prompt (1152 chars): Connection error.
[WARN] Skipping prompt (1545 chars): Connection error.
[WARN] Skipping prompt (1207 chars): Connection error.
[WARN] Skipping prompt (1933 chars): Connection error.
[WARN] Skipping prompt (1853 chars): Connection error.
[WARN] Skipping prompt (1302 chars): Connection error.
[WARN] Skipping prompt (1671 chars): Connection error.
[WARN] Skipping prompt (1814 chars): Connection error.
[WARN] Skipping prompt (1615 chars): Connection error.
[WARN] Skipping prompt (1784 chars): Connection error.
[WARN] Skipping prompt (1867 chars): Connection error.
[WARN] Skipping prompt (1463 chars): Connection error.
[WARN] Skipping prompt (1444 chars): Connection error.
[WARN] Skipping prompt (1583 chars): Connection error.
[WARN] Skipping prompt (1995 chars): Connection error.
[WARN] Skipping prompt (1979 chars): Connection error.
[WARN] Skipping prompt (1709 chars): Connection error.
[WARN] Skipping prompt (1385 chars): Connection error.
[WARN] Skipping prompt (1539 chars): Connection error.
[WARN] Skipping prompt (1719 chars): Connection error.
[WARN] Skipping prompt (1934 chars): Connection error.
[WARN] Skipping prompt (1558 chars): Connection error.
[WARN] Skipping prompt (1680 chars): Connection error.
[WARN] Skipping prompt (1878 chars): Connection error.
[WARN] Skipping prompt (1934 chars): Connection error.
[WARN] Skipping prompt (1824 chars): Connection error.
[WARN] Skipping prompt (1407 chars): Connection error.
[WARN] Skipping prompt (1687 chars): Connection error.
[WARN] Skipping prompt (1934 chars): Connection error.
[WARN] Skipping prompt (1681 chars): Connection error.
[WARN] Skipping prompt (1487 chars): Connection error.
[WARN] Skipping prompt (1953 chars): Connection error.
[WARN] Skipping prompt (1182 chars): Connection error.
[WARN] Skipping prompt (1273 chars): Connection error.
[WARN] Skipping prompt (1295 chars): Connection error.
[WARN] Skipping prompt (1511 chars): Connection error.
Inference:  61%|█████████████████████████████████████████████████████████████▍                                       | 14/23 [5:00:42<1:03:52, 425.82s/it][WARN] Skipping prompt (1161 chars): Connection error.
[WARN] Skipping prompt (1307 chars): Connection error.
[WARN] Skipping prompt (1493 chars): Connection error.
[WARN] Skipping prompt (1417 chars): Connection error.
[WARN] Skipping prompt (2166 chars): Connection error.
[WARN] Skipping prompt (1214 chars): Connection error.
[WARN] Skipping prompt (1694 chars): Connection error.
[WARN] Skipping prompt (1226 chars): Connection error.
[WARN] Skipping prompt (1500 chars): Connection error.
[WARN] Skipping prompt (1411 chars): Connection error.
[WARN] Skipping prompt (1212 chars): Connection error.
[WARN] Skipping prompt (1412 chars): Connection error.
[WARN] Skipping prompt (2410 chars): Connection error.
[WARN] Skipping prompt (1764 chars): Connection error.
[WARN] Skipping prompt (1702 chars): Connection error.
[WARN] Skipping prompt (1283 chars): Connection error.
[WARN] Skipping prompt (1747 chars): Connection error.
[WARN] Skipping prompt (2581 chars): Connection error.
[WARN] Skipping prompt (1280 chars): Connection error.
[WARN] Skipping prompt (1735 chars): Connection error.
[WARN] Skipping prompt (1274 chars): Connection error.
[WARN] Skipping prompt (1337 chars): Connection error.
[WARN] Skipping prompt (1242 chars): Connection error.
[WARN] Skipping prompt (1210 chars): Connection error.
[WARN] Skipping prompt (1498 chars): Connection error.
[WARN] Skipping prompt (1929 chars): Connection error.
[WARN] Skipping prompt (1452 chars): Connection error.
[WARN] Skipping prompt (1295 chars): Connection error.
[WARN] Skipping prompt (1437 chars): Connection error.
[WARN] Skipping prompt (1546 chars): Connection error.
[WARN] Skipping prompt (1303 chars): Connection error.
[WARN] Skipping prompt (1708 chars): Connection error.
[WARN] Skipping prompt (2068 chars): Connection error.
[WARN] Skipping prompt (1350 chars): Connection error.
[WARN] Skipping prompt (1402 chars): Connection error.
[WARN] Skipping prompt (1200 chars): Connection error.
[WARN] Skipping prompt (2109 chars): Connection error.
[WARN] Skipping prompt (1356 chars): Connection error.
[WARN] Skipping prompt (1233 chars): Connection error.
[WARN] Skipping prompt (1393 chars): Connection error.
[WARN] Skipping prompt (1545 chars): Connection error.
[WARN] Skipping prompt (1252 chars): Connection error.
[WARN] Skipping prompt (1170 chars): Connection error.
[WARN] Skipping prompt (1417 chars): Connection error.
[WARN] Skipping prompt (1196 chars): Connection error.
[WARN] Skipping prompt (2302 chars): Connection error.
[WARN] Skipping prompt (1418 chars): Connection error.
[WARN] Skipping prompt (1348 chars): Connection error.
[WARN] Skipping prompt (1381 chars): Connection error.
[WARN] Skipping prompt (1353 chars): Connection error.
[WARN] Skipping prompt (1433 chars): Connection error.
[WARN] Skipping prompt (1526 chars): Connection error.
[WARN] Skipping prompt (1515 chars): Connection error.
[WARN] Skipping prompt (1838 chars): Connection error.
[WARN] Skipping prompt (1556 chars): Connection error.
[WARN] Skipping prompt (1599 chars): Connection error.
[WARN] Skipping prompt (1533 chars): Connection error.
[WARN] Skipping prompt (1242 chars): Connection error.
[WARN] Skipping prompt (1330 chars): Connection error.
[WARN] Skipping prompt (1325 chars): Connection error.
[WARN] Skipping prompt (1342 chars): Connection error.
[WARN] Skipping prompt (1299 chars): Connection error.
[WARN] Skipping prompt (1844 chars): Connection error.
[WARN] Skipping prompt (1403 chars): Connection error.
Inference:  65%|███████████████████████████████████████████████████████████████████▏                                   | 15/23 [5:00:45<39:47, 298.45s/it][WARN] Skipping prompt (1620 chars): Connection error.
[WARN] Skipping prompt (1516 chars): Connection error.
[WARN] Skipping prompt (1313 chars): Connection error.
[WARN] Skipping prompt (1711 chars): Connection error.
[WARN] Skipping prompt (1411 chars): Connection error.
[WARN] Skipping prompt (1230 chars): Connection error.
[WARN] Skipping prompt (1274 chars): Connection error.
[WARN] Skipping prompt (1695 chars): Connection error.
[WARN] Skipping prompt (1303 chars): Connection error.
[WARN] Skipping prompt (1543 chars): Connection error.
[WARN] Skipping prompt (1250 chars): Connection error.
[WARN] Skipping prompt (1561 chars): Connection error.
[WARN] Skipping prompt (2039 chars): Connection error.
[WARN] Skipping prompt (1538 chars): Connection error.
[WARN] Skipping prompt (1399 chars): Connection error.
[WARN] Skipping prompt (2176 chars): Connection error.
[WARN] Skipping prompt (1259 chars): Connection error.
[WARN] Skipping prompt (1188 chars): Connection error.
[WARN] Skipping prompt (1292 chars): Connection error.
[WARN] Skipping prompt (1410 chars): Connection error.
[WARN] Skipping prompt (2042 chars): Connection error.
[WARN] Skipping prompt (2225 chars): Connection error.
[WARN] Skipping prompt (1406 chars): Connection error.
[WARN] Skipping prompt (1537 chars): Connection error.
[WARN] Skipping prompt (1774 chars): Connection error.
[WARN] Skipping prompt (1742 chars): Connection error.
[WARN] Skipping prompt (1884 chars): Connection error.
[WARN] Skipping prompt (1964 chars): Connection error.
[WARN] Skipping prompt (2555 chars): Connection error.
[WARN] Skipping prompt (1445 chars): Connection error.
[WARN] Skipping prompt (1490 chars): Connection error.
[WARN] Skipping prompt (2044 chars): Connection error.
[WARN] Skipping prompt (2226 chars): Connection error.
[WARN] Skipping prompt (1277 chars): Connection error.
[WARN] Skipping prompt (1628 chars): Connection error.
[WARN] Skipping prompt (1451 chars): Connection error.
[WARN] Skipping prompt (1580 chars): Connection error.
[WARN] Skipping prompt (1564 chars): Connection error.
[WARN] Skipping prompt (2029 chars): Connection error.
[WARN] Skipping prompt (1252 chars): Connection error.
[WARN] Skipping prompt (1942 chars): Connection error.
[WARN] Skipping prompt (1455 chars): Connection error.
[WARN] Skipping prompt (1687 chars): Connection error.
[WARN] Skipping prompt (1338 chars): Connection error.
[WARN] Skipping prompt (1466 chars): Connection error.
[WARN] Skipping prompt (1284 chars): Connection error.
[WARN] Skipping prompt (1425 chars): Connection error.
[WARN] Skipping prompt (1838 chars): Connection error.
[WARN] Skipping prompt (1495 chars): Connection error.
[WARN] Skipping prompt (1441 chars): Connection error.
[WARN] Skipping prompt (1330 chars): Connection error.
[WARN] Skipping prompt (1521 chars): Connection error.
[WARN] Skipping prompt (1458 chars): Connection error.
[WARN] Skipping prompt (1635 chars): Connection error.
[WARN] Skipping prompt (1448 chars): Connection error.
[WARN] Skipping prompt (1636 chars): Connection error.
[WARN] Skipping prompt (1168 chars): Connection error.
[WARN] Skipping prompt (1283 chars): Connection error.
[WARN] Skipping prompt (2746 chars): Connection error.
[WARN] Skipping prompt (1245 chars): Connection error.
[WARN] Skipping prompt (1544 chars): Connection error.
[WARN] Skipping prompt (1488 chars): Connection error.
[WARN] Skipping prompt (1338 chars): Connection error.
[WARN] Skipping prompt (1063 chars): Connection error.
Inference:  70%|███████████████████████████████████████████████████████████████████████▋                               | 16/23 [5:00:48<24:27, 209.59s/it][WARN] Skipping prompt (1460 chars): Connection error.
[WARN] Skipping prompt (1491 chars): Connection error.
[WARN] Skipping prompt (1262 chars): Connection error.
[WARN] Skipping prompt (1530 chars): Connection error.
[WARN] Skipping prompt (1358 chars): Connection error.
[WARN] Skipping prompt (1137 chars): Connection error.
[WARN] Skipping prompt (1169 chars): Connection error.
[WARN] Skipping prompt (1469 chars): Connection error.
[WARN] Skipping prompt (1467 chars): Connection error.
[WARN] Skipping prompt (1568 chars): Connection error.
[WARN] Skipping prompt (1676 chars): Connection error.
[WARN] Skipping prompt (1240 chars): Connection error.
[WARN] Skipping prompt (1953 chars): Connection error.
[WARN] Skipping prompt (1458 chars): Connection error.
[WARN] Skipping prompt (1711 chars): Connection error.
[WARN] Skipping prompt (1470 chars): Connection error.
[WARN] Skipping prompt (1318 chars): Connection error.
[WARN] Skipping prompt (1741 chars): Connection error.
[WARN] Skipping prompt (1596 chars): Connection error.
[WARN] Skipping prompt (1459 chars): Connection error.
[WARN] Skipping prompt (1939 chars): Connection error.
[WARN] Skipping prompt (1169 chars): Connection error.
[WARN] Skipping prompt (1137 chars): Connection error.
[WARN] Skipping prompt (1744 chars): Connection error.
[WARN] Skipping prompt (1869 chars): Connection error.
[WARN] Skipping prompt (1652 chars): Connection error.
[WARN] Skipping prompt (1502 chars): Connection error.
[WARN] Skipping prompt (1246 chars): Connection error.
[WARN] Skipping prompt (1318 chars): Connection error.
[WARN] Skipping prompt (1487 chars): Connection error.
[WARN] Skipping prompt (1871 chars): Connection error.
[WARN] Skipping prompt (1417 chars): Connection error.
[WARN] Skipping prompt (1123 chars): Connection error.
[WARN] Skipping prompt (1579 chars): Connection error.
[WARN] Skipping prompt (1328 chars): Connection error.
[WARN] Skipping prompt (1450 chars): Connection error.
[WARN] Skipping prompt (1840 chars): Connection error.
[WARN] Skipping prompt (2038 chars): Connection error.
[WARN] Skipping prompt (1498 chars): Connection error.
[WARN] Skipping prompt (1373 chars): Connection error.
[WARN] Skipping prompt (1566 chars): Connection error.
[WARN] Skipping prompt (1245 chars): Connection error.
[WARN] Skipping prompt (1273 chars): Connection error.
[WARN] Skipping prompt (1142 chars): Connection error.
[WARN] Skipping prompt (1590 chars): Connection error.
[WARN] Skipping prompt (2312 chars): Connection error.
[WARN] Skipping prompt (1504 chars): Connection error.
[WARN] Skipping prompt (1267 chars): Connection error.
[WARN] Skipping prompt (1560 chars): Connection error.
[WARN] Skipping prompt (1651 chars): Connection error.
[WARN] Skipping prompt (1453 chars): Connection error.
[WARN] Skipping prompt (1980 chars): Connection error.
[WARN] Skipping prompt (1360 chars): Connection error.
[WARN] Skipping prompt (1433 chars): Connection error.
[WARN] Skipping prompt (1714 chars): Connection error.
[WARN] Skipping prompt (1556 chars): Connection error.
[WARN] Skipping prompt (1699 chars): Connection error.
[WARN] Skipping prompt (1747 chars): Connection error.
[WARN] Skipping prompt (1181 chars): Connection error.
[WARN] Skipping prompt (2329 chars): Connection error.
[WARN] Skipping prompt (1631 chars): Connection error.
[WARN] Skipping prompt (2206 chars): Connection error.
[WARN] Skipping prompt (1726 chars): Connection error.
[WARN] Skipping prompt (1391 chars): Connection error.
Inference:  74%|████████████████████████████████████████████████████████████████████████████▏                          | 17/23 [5:00:52<14:45, 147.54s/it][WARN] Skipping prompt (1278 chars): Connection error.
[WARN] Skipping prompt (1345 chars): Connection error.
[WARN] Skipping prompt (1454 chars): Connection error.
[WARN] Skipping prompt (1399 chars): Connection error.
[WARN] Skipping prompt (1330 chars): Connection error.
[WARN] Skipping prompt (1471 chars): Connection error.
[WARN] Skipping prompt (1758 chars): Connection error.
[WARN] Skipping prompt (1473 chars): Connection error.
[WARN] Skipping prompt (1600 chars): Connection error.
[WARN] Skipping prompt (1896 chars): Connection error.
[WARN] Skipping prompt (1153 chars): Connection error.
[WARN] Skipping prompt (1832 chars): Connection error.
[WARN] Skipping prompt (1454 chars): Connection error.
[WARN] Skipping prompt (1979 chars): Connection error.
[WARN] Skipping prompt (1366 chars): Connection error.
[WARN] Skipping prompt (1415 chars): Connection error.
[WARN] Skipping prompt (1873 chars): Connection error.
[WARN] Skipping prompt (1293 chars): Connection error.
[WARN] Skipping prompt (1385 chars): Connection error.
[WARN] Skipping prompt (1296 chars): Connection error.
[WARN] Skipping prompt (1326 chars): Connection error.
[WARN] Skipping prompt (1163 chars): Connection error.
[WARN] Skipping prompt (1684 chars): Connection error.
[WARN] Skipping prompt (1483 chars): Connection error.
[WARN] Skipping prompt (1157 chars): Connection error.
[WARN] Skipping prompt (2128 chars): Connection error.
[WARN] Skipping prompt (1861 chars): Connection error.
[WARN] Skipping prompt (1436 chars): Connection error.
[WARN] Skipping prompt (1377 chars): Connection error.
[WARN] Skipping prompt (1451 chars): Connection error.
[WARN] Skipping prompt (1407 chars): Connection error.
[WARN] Skipping prompt (1523 chars): Connection error.
[WARN] Skipping prompt (1898 chars): Connection error.
[WARN] Skipping prompt (1497 chars): Connection error.
[WARN] Skipping prompt (1521 chars): Connection error.
[WARN] Skipping prompt (1431 chars): Connection error.
[WARN] Skipping prompt (1780 chars): Connection error.
[WARN] Skipping prompt (1513 chars): Connection error.
[WARN] Skipping prompt (1455 chars): Connection error.
[WARN] Skipping prompt (1631 chars): Connection error.
[WARN] Skipping prompt (1537 chars): Connection error.
[WARN] Skipping prompt (1340 chars): Connection error.
[WARN] Skipping prompt (1933 chars): Connection error.
[WARN] Skipping prompt (2369 chars): Connection error.
[WARN] Skipping prompt (1307 chars): Connection error.
[WARN] Skipping prompt (1256 chars): Connection error.
[WARN] Skipping prompt (2190 chars): Connection error.
[WARN] Skipping prompt (1361 chars): Connection error.
[WARN] Skipping prompt (1456 chars): Connection error.
[WARN] Skipping prompt (2117 chars): Connection error.
[WARN] Skipping prompt (1292 chars): Connection error.
[WARN] Skipping prompt (1067 chars): Connection error.
[WARN] Skipping prompt (3074 chars): Connection error.
[WARN] Skipping prompt (1361 chars): Connection error.
[WARN] Skipping prompt (1383 chars): Connection error.
[WARN] Skipping prompt (1492 chars): Connection error.
[WARN] Skipping prompt (1268 chars): Connection error.
[WARN] Skipping prompt (1421 chars): Connection error.
[WARN] Skipping prompt (2014 chars): Connection error.
[WARN] Skipping prompt (1246 chars): Connection error.
[WARN] Skipping prompt (2612 chars): Connection error.
[WARN] Skipping prompt (1508 chars): Connection error.
[WARN] Skipping prompt (1903 chars): Connection error.
[WARN] Skipping prompt (1682 chars): Connection error.
Inference:  78%|████████████████████████████████████████████████████████████████████████████████▌                      | 18/23 [5:00:55<08:40, 104.20s/it][WARN] Skipping prompt (1441 chars): Connection error.
[WARN] Skipping prompt (1524 chars): Connection error.
[WARN] Skipping prompt (1100 chars): Connection error.
[WARN] Skipping prompt (1648 chars): Connection error.
[WARN] Skipping prompt (2408 chars): Connection error.
[WARN] Skipping prompt (1462 chars): Connection error.
[WARN] Skipping prompt (1458 chars): Connection error.
[WARN] Skipping prompt (1379 chars): Connection error.
[WARN] Skipping prompt (1561 chars): Connection error.
[WARN] Skipping prompt (1435 chars): Connection error.
[WARN] Skipping prompt (1394 chars): Connection error.
[WARN] Skipping prompt (1648 chars): Connection error.
[WARN] Skipping prompt (1380 chars): Connection error.
[WARN] Skipping prompt (1822 chars): Connection error.
[WARN] Skipping prompt (1621 chars): Connection error.
[WARN] Skipping prompt (1718 chars): Connection error.
[WARN] Skipping prompt (1578 chars): Connection error.
[WARN] Skipping prompt (2297 chars): Connection error.
[WARN] Skipping prompt (1171 chars): Connection error.
[WARN] Skipping prompt (2073 chars): Connection error.
[WARN] Skipping prompt (1357 chars): Connection error.
[WARN] Skipping prompt (1356 chars): Connection error.
[WARN] Skipping prompt (1496 chars): Connection error.
[WARN] Skipping prompt (1503 chars): Connection error.
[WARN] Skipping prompt (2494 chars): Connection error.
[WARN] Skipping prompt (1317 chars): Connection error.
[WARN] Skipping prompt (1504 chars): Connection error.
[WARN] Skipping prompt (1659 chars): Connection error.
[WARN] Skipping prompt (1405 chars): Connection error.
[WARN] Skipping prompt (1116 chars): Connection error.
[WARN] Skipping prompt (1134 chars): Connection error.
[WARN] Skipping prompt (1468 chars): Connection error.
[WARN] Skipping prompt (1888 chars): Connection error.
[WARN] Skipping prompt (1510 chars): Connection error.
[WARN] Skipping prompt (1883 chars): Connection error.
[WARN] Skipping prompt (2223 chars): Connection error.
[WARN] Skipping prompt (1453 chars): Connection error.
[WARN] Skipping prompt (1697 chars): Connection error.
[WARN] Skipping prompt (1299 chars): Connection error.
[WARN] Skipping prompt (1370 chars): Connection error.
[WARN] Skipping prompt (1355 chars): Connection error.
[WARN] Skipping prompt (1463 chars): Connection error.
[WARN] Skipping prompt (1343 chars): Connection error.
[WARN] Skipping prompt (1224 chars): Connection error.
[WARN] Skipping prompt (1583 chars): Connection error.
[WARN] Skipping prompt (1289 chars): Connection error.
[WARN] Skipping prompt (1557 chars): Connection error.
[WARN] Skipping prompt (1767 chars): Connection error.
[WARN] Skipping prompt (1447 chars): Connection error.
[WARN] Skipping prompt (1308 chars): Connection error.
[WARN] Skipping prompt (1140 chars): Connection error.
[WARN] Skipping prompt (1933 chars): Connection error.
[WARN] Skipping prompt (1139 chars): Connection error.
[WARN] Skipping prompt (1507 chars): Connection error.
[WARN] Skipping prompt (1663 chars): Connection error.
[WARN] Skipping prompt (1465 chars): Connection error.
[WARN] Skipping prompt (1413 chars): Connection error.
[WARN] Skipping prompt (1249 chars): Connection error.
[WARN] Skipping prompt (1701 chars): Connection error.
[WARN] Skipping prompt (1680 chars): Connection error.
[WARN] Skipping prompt (1576 chars): Connection error.
[WARN] Skipping prompt (1249 chars): Connection error.
[WARN] Skipping prompt (1589 chars): Connection error.
[WARN] Skipping prompt (1385 chars): Connection error.
Inference:  83%|█████████████████████████████████████████████████████████████████████████████████████▉                  | 19/23 [5:00:58<04:55, 73.87s/it][WARN] Skipping prompt (1146 chars): Connection error.
[WARN] Skipping prompt (1428 chars): Connection error.
[WARN] Skipping prompt (1891 chars): Connection error.
[WARN] Skipping prompt (1873 chars): Connection error.
[WARN] Skipping prompt (1618 chars): Connection error.
[WARN] Skipping prompt (1699 chars): Connection error.
[WARN] Skipping prompt (1345 chars): Connection error.
[WARN] Skipping prompt (1532 chars): Connection error.
[WARN] Skipping prompt (2204 chars): Connection error.
[WARN] Skipping prompt (1368 chars): Connection error.
[WARN] Skipping prompt (1179 chars): Connection error.
[WARN] Skipping prompt (1655 chars): Connection error.
[WARN] Skipping prompt (2292 chars): Connection error.
[WARN] Skipping prompt (1625 chars): Connection error.
[WARN] Skipping prompt (1652 chars): Connection error.
[WARN] Skipping prompt (1280 chars): Connection error.
[WARN] Skipping prompt (1843 chars): Connection error.
[WARN] Skipping prompt (2163 chars): Connection error.
[WARN] Skipping prompt (2541 chars): Connection error.
[WARN] Skipping prompt (1507 chars): Connection error.
[WARN] Skipping prompt (1391 chars): Connection error.
[WARN] Skipping prompt (1495 chars): Connection error.
[WARN] Skipping prompt (1561 chars): Connection error.
[WARN] Skipping prompt (1848 chars): Connection error.
[WARN] Skipping prompt (1528 chars): Connection error.
[WARN] Skipping prompt (1577 chars): Connection error.
[WARN] Skipping prompt (1191 chars): Connection error.
[WARN] Skipping prompt (1374 chars): Connection error.
[WARN] Skipping prompt (1997 chars): Connection error.
[WARN] Skipping prompt (1399 chars): Connection error.
[WARN] Skipping prompt (1669 chars): Connection error.
[WARN] Skipping prompt (1385 chars): Connection error.
[WARN] Skipping prompt (1627 chars): Connection error.
[WARN] Skipping prompt (1391 chars): Connection error.
[WARN] Skipping prompt (1832 chars): Connection error.
[WARN] Skipping prompt (1337 chars): Connection error.
[WARN] Skipping prompt (1499 chars): Connection error.
[WARN] Skipping prompt (1177 chars): Connection error.
[WARN] Skipping prompt (1611 chars): Connection error.
[WARN] Skipping prompt (1329 chars): Connection error.
[WARN] Skipping prompt (1408 chars): Connection error.
[WARN] Skipping prompt (1293 chars): Connection error.
[WARN] Skipping prompt (1353 chars): Connection error.
[WARN] Skipping prompt (2023 chars): Connection error.
[WARN] Skipping prompt (1242 chars): Connection error.
[WARN] Skipping prompt (2856 chars): Connection error.
[WARN] Skipping prompt (1404 chars): Connection error.
[WARN] Skipping prompt (1357 chars): Connection error.
[WARN] Skipping prompt (1230 chars): Connection error.
[WARN] Skipping prompt (1386 chars): Connection error.
[WARN] Skipping prompt (2309 chars): Connection error.
[WARN] Skipping prompt (1623 chars): Connection error.
[WARN] Skipping prompt (1844 chars): Connection error.
[WARN] Skipping prompt (1497 chars): Connection error.
[WARN] Skipping prompt (2869 chars): Connection error.
[WARN] Skipping prompt (1532 chars): Connection error.
[WARN] Skipping prompt (1423 chars): Connection error.
[WARN] Skipping prompt (1462 chars): Connection error.
[WARN] Skipping prompt (1602 chars): Connection error.
[WARN] Skipping prompt (1516 chars): Connection error.
[WARN] Skipping prompt (1834 chars): Connection error.
[WARN] Skipping prompt (1644 chars): Connection error.
[WARN] Skipping prompt (1392 chars): Connection error.
[WARN] Skipping prompt (1743 chars): Connection error.
Inference:  87%|██████████████████████████████████████████████████████████████████████████████████████████▍             | 20/23 [5:01:01<02:37, 52.66s/it][WARN] Skipping prompt (1167 chars): Connection error.
[WARN] Skipping prompt (1872 chars): Connection error.
[WARN] Skipping prompt (1410 chars): Connection error.
[WARN] Skipping prompt (1681 chars): Connection error.
[WARN] Skipping prompt (1195 chars): Connection error.
[WARN] Skipping prompt (1712 chars): Connection error.
[WARN] Skipping prompt (1267 chars): Connection error.
[WARN] Skipping prompt (1472 chars): Connection error.
[WARN] Skipping prompt (2208 chars): Connection error.
[WARN] Skipping prompt (1425 chars): Connection error.
[WARN] Skipping prompt (1357 chars): Connection error.
[WARN] Skipping prompt (1872 chars): Connection error.
[WARN] Skipping prompt (1407 chars): Connection error.
[WARN] Skipping prompt (1839 chars): Connection error.
[WARN] Skipping prompt (1443 chars): Connection error.
[WARN] Skipping prompt (1374 chars): Connection error.
[WARN] Skipping prompt (1630 chars): Connection error.
[WARN] Skipping prompt (1455 chars): Connection error.
[WARN] Skipping prompt (1703 chars): Connection error.
[WARN] Skipping prompt (1389 chars): Connection error.
[WARN] Skipping prompt (1365 chars): Connection error.
[WARN] Skipping prompt (1412 chars): Connection error.
[WARN] Skipping prompt (1358 chars): Connection error.
[WARN] Skipping prompt (1501 chars): Connection error.
[WARN] Skipping prompt (1294 chars): Connection error.
[WARN] Skipping prompt (1447 chars): Connection error.
[WARN] Skipping prompt (1281 chars): Connection error.
[WARN] Skipping prompt (1623 chars): Connection error.
[WARN] Skipping prompt (1415 chars): Connection error.
[WARN] Skipping prompt (1184 chars): Connection error.
[WARN] Skipping prompt (1201 chars): Connection error.
[WARN] Skipping prompt (1835 chars): Connection error.
[WARN] Skipping prompt (1360 chars): Connection error.
[WARN] Skipping prompt (1402 chars): Connection error.
[WARN] Skipping prompt (1676 chars): Connection error.
[WARN] Skipping prompt (1292 chars): Connection error.
[WARN] Skipping prompt (1398 chars): Connection error.
[WARN] Skipping prompt (1801 chars): Connection error.
[WARN] Skipping prompt (1955 chars): Connection error.
[WARN] Skipping prompt (1686 chars): Connection error.
[WARN] Skipping prompt (1625 chars): Connection error.
[WARN] Skipping prompt (1648 chars): Connection error.
[WARN] Skipping prompt (1346 chars): Connection error.
[WARN] Skipping prompt (1980 chars): Connection error.
[WARN] Skipping prompt (1698 chars): Connection error.
[WARN] Skipping prompt (1630 chars): Connection error.
[WARN] Skipping prompt (1659 chars): Connection error.
[WARN] Skipping prompt (1774 chars): Connection error.
[WARN] Skipping prompt (1502 chars): Connection error.
[WARN] Skipping prompt (1447 chars): Connection error.
[WARN] Skipping prompt (1453 chars): Connection error.
[WARN] Skipping prompt (1359 chars): Connection error.
[WARN] Skipping prompt (2048 chars): Connection error.
[WARN] Skipping prompt (1751 chars): Connection error.
[WARN] Skipping prompt (1268 chars): Connection error.
[WARN] Skipping prompt (1390 chars): Connection error.
[WARN] Skipping prompt (1767 chars): Connection error.
[WARN] Skipping prompt (1646 chars): Connection error.
[WARN] Skipping prompt (2220 chars): Connection error.
[WARN] Skipping prompt (2097 chars): Connection error.
[WARN] Skipping prompt (1402 chars): Connection error.
[WARN] Skipping prompt (1395 chars): Connection error.
[WARN] Skipping prompt (1624 chars): Connection error.
[WARN] Skipping prompt (1505 chars): Connection error.
Inference:  91%|██████████████████████████████████████████████████████████████████████████████████████████████▉         | 21/23 [5:01:05<01:15, 37.82s/it][WARN] Skipping prompt (1490 chars): Connection error.
[WARN] Skipping prompt (1326 chars): Connection error.
[WARN] Skipping prompt (1258 chars): Connection error.
[WARN] Skipping prompt (1402 chars): Connection error.
[WARN] Skipping prompt (1345 chars): Connection error.
[WARN] Skipping prompt (1517 chars): Connection error.
[WARN] Skipping prompt (1431 chars): Connection error.
[WARN] Skipping prompt (1534 chars): Connection error.
[WARN] Skipping prompt (2268 chars): Connection error.
[WARN] Skipping prompt (1473 chars): Connection error.
[WARN] Skipping prompt (1493 chars): Connection error.
[WARN] Skipping prompt (1918 chars): Connection error.
[WARN] Skipping prompt (1273 chars): Connection error.
[WARN] Skipping prompt (1435 chars): Connection error.
[WARN] Skipping prompt (1386 chars): Connection error.
[WARN] Skipping prompt (1877 chars): Connection error.
[WARN] Skipping prompt (2205 chars): Connection error.
[WARN] Skipping prompt (1495 chars): Connection error.
[WARN] Skipping prompt (1834 chars): Connection error.
[WARN] Skipping prompt (1512 chars): Connection error.
[WARN] Skipping prompt (1417 chars): Connection error.
[WARN] Skipping prompt (2169 chars): Connection error.
[WARN] Skipping prompt (1653 chars): Connection error.
[WARN] Skipping prompt (1598 chars): Connection error.
[WARN] Skipping prompt (1288 chars): Connection error.
[WARN] Skipping prompt (1900 chars): Connection error.
[WARN] Skipping prompt (1799 chars): Connection error.
[WARN] Skipping prompt (1555 chars): Connection error.
[WARN] Skipping prompt (2202 chars): Connection error.
[WARN] Skipping prompt (1484 chars): Connection error.
[WARN] Skipping prompt (1439 chars): Connection error.
[WARN] Skipping prompt (1386 chars): Connection error.
[WARN] Skipping prompt (1243 chars): Connection error.
[WARN] Skipping prompt (1633 chars): Connection error.
[WARN] Skipping prompt (1686 chars): Connection error.
[WARN] Skipping prompt (2073 chars): Connection error.
[WARN] Skipping prompt (1710 chars): Connection error.
[WARN] Skipping prompt (1881 chars): Connection error.
[WARN] Skipping prompt (1812 chars): Connection error.
[WARN] Skipping prompt (1325 chars): Connection error.
[WARN] Skipping prompt (1567 chars): Connection error.
[WARN] Skipping prompt (2868 chars): Connection error.
[WARN] Skipping prompt (1383 chars): Connection error.
[WARN] Skipping prompt (1743 chars): Connection error.
[WARN] Skipping prompt (2689 chars): Connection error.
[WARN] Skipping prompt (1058 chars): Connection error.
[WARN] Skipping prompt (1420 chars): Connection error.
[WARN] Skipping prompt (1551 chars): Connection error.
[WARN] Skipping prompt (1478 chars): Connection error.
[WARN] Skipping prompt (2253 chars): Connection error.
[WARN] Skipping prompt (1142 chars): Connection error.
[WARN] Skipping prompt (1383 chars): Connection error.
[WARN] Skipping prompt (1671 chars): Connection error.
[WARN] Skipping prompt (1366 chars): Connection error.
[WARN] Skipping prompt (1557 chars): Connection error.
[WARN] Skipping prompt (1141 chars): Connection error.
[WARN] Skipping prompt (1943 chars): Connection error.
[WARN] Skipping prompt (1622 chars): Connection error.
[WARN] Skipping prompt (1860 chars): Connection error.
[WARN] Skipping prompt (1623 chars): Connection error.
[WARN] Skipping prompt (1975 chars): Connection error.
[WARN] Skipping prompt (1466 chars): Connection error.
[WARN] Skipping prompt (1400 chars): Connection error.
[WARN] Skipping prompt (1606 chars): Connection error.
Inference:  96%|███████████████████████████████████████████████████████████████████████████████████████████████████▍    | 22/23 [5:01:08<00:27, 27.47s/it][WARN] Skipping prompt (1352 chars): Connection error.
[WARN] Skipping prompt (1505 chars): Connection error.
[WARN] Skipping prompt (1208 chars): Connection error.
[WARN] Skipping prompt (1348 chars): Connection error.
[WARN] Skipping prompt (2140 chars): Connection error.
[WARN] Skipping prompt (1220 chars): Connection error.
[WARN] Skipping prompt (1445 chars): Connection error.
[WARN] Skipping prompt (1702 chars): Connection error.
[WARN] Skipping prompt (1252 chars): Connection error.
[WARN] Skipping prompt (1420 chars): Connection error.
[WARN] Skipping prompt (1397 chars): Connection error.
[WARN] Skipping prompt (1448 chars): Connection error.
[WARN] Skipping prompt (1179 chars): Connection error.
[WARN] Skipping prompt (1567 chars): Connection error.
[WARN] Skipping prompt (1475 chars): Connection error.
[WARN] Skipping prompt (1477 chars): Connection error.
[WARN] Skipping prompt (1514 chars): Connection error.
[WARN] Skipping prompt (1429 chars): Connection error.
[WARN] Skipping prompt (1403 chars): Connection error.
[WARN] Skipping prompt (1867 chars): Connection error.
[WARN] Skipping prompt (1814 chars): Connection error.
[WARN] Skipping prompt (1462 chars): Connection error.
[WARN] Skipping prompt (1378 chars): Connection error.
[WARN] Skipping prompt (3062 chars): Connection error.
[WARN] Skipping prompt (1298 chars): Connection error.
[WARN] Skipping prompt (2059 chars): Connection error.
[WARN] Skipping prompt (1469 chars): Connection error.
[WARN] Skipping prompt (2045 chars): Connection error.
[WARN] Skipping prompt (1510 chars): Connection error.
[WARN] Skipping prompt (1493 chars): Connection error.
[WARN] Skipping prompt (1081 chars): Connection error.
[WARN] Skipping prompt (1230 chars): Connection error.
[WARN] Skipping prompt (2275 chars): Connection error.
[WARN] Skipping prompt (1272 chars): Connection error.
[WARN] Skipping prompt (1495 chars): Connection error.
[WARN] Skipping prompt (1355 chars): Connection error.
[WARN] Skipping prompt (1585 chars): Connection error.
[WARN] Skipping prompt (1184 chars): Connection error.
[WARN] Skipping prompt (1679 chars): Connection error.
[WARN] Skipping prompt (1518 chars): Connection error.
[WARN] Skipping prompt (1333 chars): Connection error.
[WARN] Skipping prompt (1094 chars): Connection error.
[WARN] Skipping prompt (1367 chars): Connection error.
Inference: 100%|████████████████████████████████████████████████████████████████████████████████████████████████████████| 23/23 [5:01:11<00:00, 20.17s/it]Inference: 100%|███████████████████████████████████████████████████████████████████████████████████████████████████████| 23/23 [5:01:11<00:00, 785.72s/it]
Time used: 18071.654321670532
Each batch time: 785.7241009421971
