Inference:   0%|                                                                                                                   | 0/23 [00:00<?, ?it/s][WARN] Skipping prompt (1497 chars): Request timed out.
[WARN] Skipping prompt (1371 chars): Request timed out.
[WARN] Skipping prompt (1398 chars): Request timed out.
[WARN] Skipping prompt (1524 chars): Request timed out.
[WARN] Skipping prompt (1962 chars): Request timed out.
[WARN] Skipping prompt (2184 chars): Request timed out.
[WARN] Skipping prompt (1411 chars): Request timed out.
[WARN] Skipping prompt (2073 chars): Request timed out.
[WARN] Skipping prompt (1406 chars): Request timed out.
[WARN] Skipping prompt (2472 chars): Request timed out.
[WARN] Skipping prompt (1535 chars): Request timed out.
[WARN] Skipping prompt (1544 chars): Request timed out.
[WARN] Skipping prompt (1987 chars): Request timed out.
[WARN] Skipping prompt (1579 chars): Request timed out.
[WARN] Skipping prompt (1498 chars): Request timed out.
[WARN] Skipping prompt (1353 chars): Request timed out.
[WARN] Skipping prompt (1473 chars): Request timed out.
[WARN] Skipping prompt (1624 chars): Request timed out.
[WARN] Skipping prompt (1442 chars): Request timed out.
[WARN] Skipping prompt (1811 chars): Request timed out.
[WARN] Skipping prompt (2742 chars): Request timed out.
[WARN] Skipping prompt (1360 chars): Request timed out.
[WARN] Skipping prompt (2531 chars): Request timed out.
[WARN] Skipping prompt (1678 chars): Request timed out.
[WARN] Skipping prompt (1670 chars): Request timed out.
[WARN] Skipping prompt (1431 chars): Request timed out.
[WARN] Skipping prompt (1502 chars): Request timed out.
[WARN] Skipping prompt (1955 chars): Request timed out.
[WARN] Skipping prompt (1447 chars): Request timed out.
[WARN] Skipping prompt (2146 chars): Request timed out.
[WARN] Skipping prompt (1487 chars): Request timed out.
[WARN] Skipping prompt (1477 chars): Request timed out.
[WARN] Skipping prompt (1395 chars): Request timed out.
[WARN] Skipping prompt (2534 chars): Request timed out.
[WARN] Skipping prompt (1431 chars): Request timed out.
Inference:   4%|████▍                                                                                                 | 1/23 [30:03<11:01:16, 1803.49s/it]Inference:   9%|████████▊                                                                                             | 2/23 [58:24<10:10:11, 1743.39s/it][WARN] Skipping prompt (1432 chars): Request timed out.
[WARN] Skipping prompt (1414 chars): Request timed out.
[WARN] Skipping prompt (1258 chars): Request timed out.
[WARN] Skipping prompt (1416 chars): Request timed out.
[WARN] Skipping prompt (1842 chars): Request timed out.
[WARN] Skipping prompt (1565 chars): Request timed out.
[WARN] Skipping prompt (1217 chars): Request timed out.
[WARN] Skipping prompt (1469 chars): Request timed out.
[WARN] Skipping prompt (1763 chars): Request timed out.
[WARN] Skipping prompt (1428 chars): Request timed out.
[WARN] Skipping prompt (1552 chars): Request timed out.
[WARN] Skipping prompt (1469 chars): Request timed out.
[WARN] Skipping prompt (1732 chars): Request timed out.
[WARN] Skipping prompt (1510 chars): Request timed out.
[WARN] Skipping prompt (1837 chars): Request timed out.
[WARN] Skipping prompt (1748 chars): Request timed out.
[WARN] Skipping prompt (1865 chars): Request timed out.
[WARN] Skipping prompt (1434 chars): Request timed out.
[WARN] Skipping prompt (1470 chars): Request timed out.
[WARN] Skipping prompt (1787 chars): Request timed out.
[WARN] Skipping prompt (1561 chars): Request timed out.
[WARN] Skipping prompt (1565 chars): Request timed out.
[WARN] Skipping prompt (1371 chars): Request timed out.
[WARN] Skipping prompt (1708 chars): Request timed out.
[WARN] Skipping prompt (1871 chars): Request timed out.
[WARN] Skipping prompt (1701 chars): Request timed out.
[WARN] Skipping prompt (1380 chars): Request timed out.
[WARN] Skipping prompt (1208 chars): Request timed out.
[WARN] Skipping prompt (1436 chars): Request timed out.
[WARN] Skipping prompt (1650 chars): Request timed out.
[WARN] Skipping prompt (2323 chars): Request timed out.
[WARN] Skipping prompt (1987 chars): Request timed out.
[WARN] Skipping prompt (1776 chars): Request timed out.
[WARN] Skipping prompt (1463 chars): Request timed out.
[WARN] Skipping prompt (1756 chars): Request timed out.
[WARN] Skipping prompt (1818 chars): Request timed out.
[WARN] Skipping prompt (1397 chars): Request timed out.
[WARN] Skipping prompt (1352 chars): Request timed out.
[WARN] Skipping prompt (1681 chars): Request timed out.
[WARN] Skipping prompt (1336 chars): Request timed out.
[WARN] Skipping prompt (1779 chars): Request timed out.
[WARN] Skipping prompt (2309 chars): Request timed out.
[WARN] Skipping prompt (1716 chars): Request timed out.
[WARN] Skipping prompt (1204 chars): Request timed out.
[WARN] Skipping prompt (1204 chars): Request timed out.
[WARN] Skipping prompt (1607 chars): Request timed out.
[WARN] Skipping prompt (2333 chars): Request timed out.
[WARN] Skipping prompt (1756 chars): Request timed out.
[WARN] Skipping prompt (1440 chars): Request timed out.
[WARN] Skipping prompt (1357 chars): Request timed out.
[WARN] Skipping prompt (1398 chars): Request timed out.
[WARN] Skipping prompt (1652 chars): Request timed out.
[WARN] Skipping prompt (1455 chars): Request timed out.
[WARN] Skipping prompt (1139 chars): Request timed out.
[WARN] Skipping prompt (1437 chars): Request timed out.
[WARN] Skipping prompt (1350 chars): Request timed out.
[WARN] Skipping prompt (1741 chars): Request timed out.
[WARN] Skipping prompt (1818 chars): Request timed out.
[WARN] Skipping prompt (1694 chars): Request timed out.
[WARN] Skipping prompt (1424 chars): Request timed out.
[WARN] Skipping prompt (1448 chars): Request timed out.
[WARN] Skipping prompt (1412 chars): Request timed out.
[WARN] Skipping prompt (1885 chars): Request timed out.
[WARN] Skipping prompt (1435 chars): Request timed out.
Inference:  13%|█████████████▏                                                                                       | 3/23 [1:28:28<9:50:15, 1770.76s/it][WARN] Skipping prompt (1395 chars): Request timed out.
[WARN] Skipping prompt (2352 chars): Request timed out.
[WARN] Skipping prompt (1956 chars): Request timed out.
[WARN] Skipping prompt (1564 chars): Request timed out.
[WARN] Skipping prompt (1454 chars): Request timed out.
[WARN] Skipping prompt (1502 chars): Request timed out.
[WARN] Skipping prompt (1942 chars): Request timed out.
[WARN] Skipping prompt (1378 chars): Request timed out.
[WARN] Skipping prompt (2167 chars): Request timed out.
[WARN] Skipping prompt (1496 chars): Request timed out.
[WARN] Skipping prompt (1446 chars): Request timed out.
[WARN] Skipping prompt (2177 chars): Request timed out.
[WARN] Skipping prompt (1422 chars): Request timed out.
[WARN] Skipping prompt (1571 chars): Request timed out.
[WARN] Skipping prompt (1661 chars): Request timed out.
[WARN] Skipping prompt (1934 chars): Request timed out.
[WARN] Skipping prompt (2073 chars): Request timed out.
[WARN] Skipping prompt (1789 chars): Request timed out.
[WARN] Skipping prompt (1985 chars): Request timed out.
[WARN] Skipping prompt (1454 chars): Request timed out.
[WARN] Skipping prompt (1963 chars): Request timed out.
[WARN] Skipping prompt (1865 chars): Request timed out.
[WARN] Skipping prompt (1827 chars): Request timed out.
[WARN] Skipping prompt (1749 chars): Request timed out.
[WARN] Skipping prompt (1980 chars): Request timed out.
[WARN] Skipping prompt (2365 chars): Request timed out.
[WARN] Skipping prompt (1508 chars): Request timed out.
[WARN] Skipping prompt (1536 chars): Request timed out.
[WARN] Skipping prompt (1630 chars): Request timed out.
[WARN] Skipping prompt (1667 chars): Request timed out.
[WARN] Skipping prompt (1430 chars): Request timed out.
[WARN] Skipping prompt (1653 chars): Request timed out.
[WARN] Skipping prompt (1564 chars): Request timed out.
[WARN] Skipping prompt (2035 chars): Request timed out.
[WARN] Skipping prompt (1967 chars): Request timed out.
[WARN] Skipping prompt (2469 chars): Request timed out.
[WARN] Skipping prompt (1720 chars): Request timed out.
[WARN] Skipping prompt (1376 chars): Request timed out.
[WARN] Skipping prompt (1722 chars): Request timed out.
[WARN] Skipping prompt (3406 chars): Request timed out.
[WARN] Skipping prompt (2111 chars): Request timed out.
[WARN] Skipping prompt (1832 chars): Request timed out.
[WARN] Skipping prompt (3277 chars): Request timed out.
[WARN] Skipping prompt (1639 chars): Request timed out.
[WARN] Skipping prompt (1728 chars): Request timed out.
[WARN] Skipping prompt (1933 chars): Request timed out.
[WARN] Skipping prompt (1663 chars): Request timed out.
[WARN] Skipping prompt (1361 chars): Request timed out.
[WARN] Skipping prompt (1872 chars): Request timed out.
[WARN] Skipping prompt (2019 chars): Request timed out.
[WARN] Skipping prompt (1217 chars): Request timed out.
[WARN] Skipping prompt (1886 chars): Request timed out.
[WARN] Skipping prompt (1900 chars): Request timed out.
[WARN] Skipping prompt (1627 chars): Request timed out.
[WARN] Skipping prompt (1467 chars): Request timed out.
[WARN] Skipping prompt (1958 chars): Request timed out.
[WARN] Skipping prompt (1551 chars): Request timed out.
[WARN] Skipping prompt (2027 chars): Request timed out.
[WARN] Skipping prompt (2105 chars): Request timed out.
[WARN] Skipping prompt (3056 chars): Request timed out.
[WARN] Skipping prompt (1666 chars): Request timed out.
[WARN] Skipping prompt (1929 chars): Request timed out.
[WARN] Skipping prompt (1715 chars): Request timed out.
[WARN] Skipping prompt (1922 chars): Request timed out.
Inference:  17%|█████████████████▌                                                                                   | 4/23 [1:58:31<9:24:49, 1783.64s/it][WARN] Skipping prompt (1870 chars): Request timed out.
[WARN] Skipping prompt (1409 chars): Request timed out.
[WARN] Skipping prompt (1955 chars): Request timed out.
[WARN] Skipping prompt (2188 chars): Request timed out.
[WARN] Skipping prompt (1194 chars): Request timed out.
[WARN] Skipping prompt (1798 chars): Request timed out.
[WARN] Skipping prompt (1990 chars): Request timed out.
[WARN] Skipping prompt (1519 chars): Request timed out.
[WARN] Skipping prompt (3230 chars): Request timed out.
[WARN] Skipping prompt (1514 chars): Request timed out.
[WARN] Skipping prompt (1752 chars): Request timed out.
[WARN] Skipping prompt (1689 chars): Request timed out.
[WARN] Skipping prompt (1665 chars): Request timed out.
[WARN] Skipping prompt (1961 chars): Request timed out.
[WARN] Skipping prompt (2653 chars): Request timed out.
[WARN] Skipping prompt (1351 chars): Request timed out.
[WARN] Skipping prompt (1704 chars): Request timed out.
[WARN] Skipping prompt (1920 chars): Request timed out.
[WARN] Skipping prompt (1875 chars): Request timed out.
[WARN] Skipping prompt (2386 chars): Request timed out.
[WARN] Skipping prompt (1973 chars): Request timed out.
[WARN] Skipping prompt (1935 chars): Request timed out.
[WARN] Skipping prompt (1790 chars): Request timed out.
[WARN] Skipping prompt (1631 chars): Request timed out.
[WARN] Skipping prompt (1480 chars): Request timed out.
[WARN] Skipping prompt (1401 chars): Request timed out.
[WARN] Skipping prompt (2241 chars): Request timed out.
[WARN] Skipping prompt (1938 chars): Request timed out.
[WARN] Skipping prompt (1742 chars): Request timed out.
[WARN] Skipping prompt (1525 chars): Request timed out.
[WARN] Skipping prompt (1859 chars): Request timed out.
[WARN] Skipping prompt (2126 chars): Request timed out.
[WARN] Skipping prompt (1836 chars): Request timed out.
[WARN] Skipping prompt (1654 chars): Request timed out.
[WARN] Skipping prompt (1703 chars): Request timed out.
[WARN] Skipping prompt (2083 chars): Request timed out.
[WARN] Skipping prompt (1846 chars): Request timed out.
[WARN] Skipping prompt (2168 chars): Request timed out.
[WARN] Skipping prompt (2329 chars): Request timed out.
[WARN] Skipping prompt (2246 chars): Request timed out.
[WARN] Skipping prompt (1720 chars): Request timed out.
[WARN] Skipping prompt (2057 chars): Request timed out.
[WARN] Skipping prompt (1853 chars): Request timed out.
[WARN] Skipping prompt (2482 chars): Request timed out.
[WARN] Skipping prompt (1591 chars): Request timed out.
[WARN] Skipping prompt (1575 chars): Request timed out.
[WARN] Skipping prompt (2388 chars): Request timed out.
[WARN] Skipping prompt (1799 chars): Request timed out.
[WARN] Skipping prompt (1745 chars): Request timed out.
[WARN] Skipping prompt (1742 chars): Request timed out.
[WARN] Skipping prompt (1557 chars): Request timed out.
[WARN] Skipping prompt (2505 chars): Request timed out.
[WARN] Skipping prompt (1969 chars): Request timed out.
[WARN] Skipping prompt (1522 chars): Request timed out.
[WARN] Skipping prompt (1574 chars): Request timed out.
[WARN] Skipping prompt (2240 chars): Request timed out.
[WARN] Skipping prompt (1911 chars): Request timed out.
[WARN] Skipping prompt (1948 chars): Request timed out.
[WARN] Skipping prompt (1812 chars): Request timed out.
[WARN] Skipping prompt (1892 chars): Request timed out.
[WARN] Skipping prompt (1964 chars): Request timed out.
[WARN] Skipping prompt (2054 chars): Request timed out.
[WARN] Skipping prompt (1786 chars): Request timed out.
[WARN] Skipping prompt (1850 chars): Request timed out.
Inference:  22%|█████████████████████▉                                                                               | 5/23 [2:28:34<8:57:13, 1790.76s/it][WARN] Skipping prompt (1538 chars): Request timed out.
[WARN] Skipping prompt (2484 chars): Request timed out.
[WARN] Skipping prompt (1906 chars): Request timed out.
[WARN] Skipping prompt (1462 chars): Request timed out.
[WARN] Skipping prompt (1792 chars): Request timed out.
[WARN] Skipping prompt (1888 chars): Request timed out.
[WARN] Skipping prompt (2096 chars): Request timed out.
[WARN] Skipping prompt (1977 chars): Request timed out.
[WARN] Skipping prompt (1804 chars): Request timed out.
[WARN] Skipping prompt (1393 chars): Request timed out.
[WARN] Skipping prompt (1789 chars): Request timed out.
[WARN] Skipping prompt (1783 chars): Request timed out.
[WARN] Skipping prompt (1658 chars): Request timed out.
[WARN] Skipping prompt (1663 chars): Request timed out.
[WARN] Skipping prompt (1499 chars): Request timed out.
[WARN] Skipping prompt (1783 chars): Request timed out.
[WARN] Skipping prompt (1712 chars): Request timed out.
[WARN] Skipping prompt (1694 chars): Request timed out.
[WARN] Skipping prompt (1684 chars): Request timed out.
[WARN] Skipping prompt (1501 chars): Request timed out.
[WARN] Skipping prompt (1369 chars): Request timed out.
[WARN] Skipping prompt (1706 chars): Request timed out.
[WARN] Skipping prompt (1260 chars): Request timed out.
[WARN] Skipping prompt (2277 chars): Request timed out.
[WARN] Skipping prompt (2055 chars): Request timed out.
[WARN] Skipping prompt (2014 chars): Request timed out.
[WARN] Skipping prompt (1377 chars): Request timed out.
[WARN] Skipping prompt (1391 chars): Request timed out.
[WARN] Skipping prompt (2009 chars): Request timed out.
[WARN] Skipping prompt (1540 chars): Request timed out.
[WARN] Skipping prompt (1443 chars): Request timed out.
[WARN] Skipping prompt (1309 chars): Request timed out.
[WARN] Skipping prompt (1442 chars): Request timed out.
[WARN] Skipping prompt (1530 chars): Request timed out.
[WARN] Skipping prompt (2380 chars): Request timed out.
[WARN] Skipping prompt (1990 chars): Request timed out.
[WARN] Skipping prompt (1587 chars): Request timed out.
[WARN] Skipping prompt (2277 chars): Request timed out.
[WARN] Skipping prompt (2037 chars): Request timed out.
[WARN] Skipping prompt (1568 chars): Request timed out.
[WARN] Skipping prompt (1592 chars): Request timed out.
[WARN] Skipping prompt (1982 chars): Request timed out.
[WARN] Skipping prompt (1386 chars): Request timed out.
[WARN] Skipping prompt (2573 chars): Request timed out.
[WARN] Skipping prompt (1363 chars): Request timed out.
[WARN] Skipping prompt (1478 chars): Request timed out.
[WARN] Skipping prompt (1511 chars): Request timed out.
[WARN] Skipping prompt (1541 chars): Request timed out.
[WARN] Skipping prompt (1889 chars): Request timed out.
[WARN] Skipping prompt (1887 chars): Request timed out.
[WARN] Skipping prompt (1521 chars): Request timed out.
[WARN] Skipping prompt (1726 chars): Request timed out.
[WARN] Skipping prompt (1742 chars): Request timed out.
[WARN] Skipping prompt (2432 chars): Request timed out.
[WARN] Skipping prompt (1699 chars): Request timed out.
[WARN] Skipping prompt (1348 chars): Request timed out.
[WARN] Skipping prompt (1276 chars): Request timed out.
[WARN] Skipping prompt (1528 chars): Request timed out.
[WARN] Skipping prompt (2096 chars): Request timed out.
[WARN] Skipping prompt (1678 chars): Request timed out.
[WARN] Skipping prompt (1838 chars): Request timed out.
[WARN] Skipping prompt (1745 chars): Request timed out.
[WARN] Skipping prompt (2276 chars): Request timed out.
[WARN] Skipping prompt (1580 chars): Request timed out.
Inference:  26%|██████████████████████████▎                                                                          | 6/23 [2:58:38<8:28:35, 1795.05s/it][WARN] Skipping prompt (1283 chars): Request timed out.
[WARN] Skipping prompt (1532 chars): Request timed out.
[WARN] Skipping prompt (1635 chars): Request timed out.
[WARN] Skipping prompt (1666 chars): Request timed out.
[WARN] Skipping prompt (1658 chars): Request timed out.
[WARN] Skipping prompt (1583 chars): Request timed out.
[WARN] Skipping prompt (1397 chars): Request timed out.
[WARN] Skipping prompt (1403 chars): Request timed out.
[WARN] Skipping prompt (1463 chars): Request timed out.
[WARN] Skipping prompt (1842 chars): Request timed out.
[WARN] Skipping prompt (2399 chars): Request timed out.
[WARN] Skipping prompt (1449 chars): Request timed out.
[WARN] Skipping prompt (1315 chars): Request timed out.
[WARN] Skipping prompt (1835 chars): Request timed out.
[WARN] Skipping prompt (1189 chars): Request timed out.
[WARN] Skipping prompt (1628 chars): Request timed out.
[WARN] Skipping prompt (1445 chars): Request timed out.
[WARN] Skipping prompt (1300 chars): Request timed out.
[WARN] Skipping prompt (1655 chars): Request timed out.
[WARN] Skipping prompt (1317 chars): Request timed out.
[WARN] Skipping prompt (1842 chars): Request timed out.
[WARN] Skipping prompt (1597 chars): Request timed out.
[WARN] Skipping prompt (1626 chars): Request timed out.
[WARN] Skipping prompt (1475 chars): Request timed out.
[WARN] Skipping prompt (1330 chars): Request timed out.
[WARN] Skipping prompt (1387 chars): Request timed out.
[WARN] Skipping prompt (2096 chars): Request timed out.
[WARN] Skipping prompt (1432 chars): Request timed out.
[WARN] Skipping prompt (1803 chars): Request timed out.
[WARN] Skipping prompt (1325 chars): Request timed out.
[WARN] Skipping prompt (1815 chars): Request timed out.
[WARN] Skipping prompt (1445 chars): Request timed out.
[WARN] Skipping prompt (1159 chars): Request timed out.
[WARN] Skipping prompt (1546 chars): Request timed out.
[WARN] Skipping prompt (1407 chars): Request timed out.
[WARN] Skipping prompt (1333 chars): Request timed out.
[WARN] Skipping prompt (1341 chars): Request timed out.
[WARN] Skipping prompt (1901 chars): Request timed out.
[WARN] Skipping prompt (2284 chars): Request timed out.
[WARN] Skipping prompt (1816 chars): Request timed out.
[WARN] Skipping prompt (1397 chars): Request timed out.
[WARN] Skipping prompt (1186 chars): Request timed out.
[WARN] Skipping prompt (1357 chars): Request timed out.
[WARN] Skipping prompt (1488 chars): Request timed out.
[WARN] Skipping prompt (1828 chars): Request timed out.
[WARN] Skipping prompt (1363 chars): Request timed out.
[WARN] Skipping prompt (1903 chars): Request timed out.
[WARN] Skipping prompt (1401 chars): Request timed out.
[WARN] Skipping prompt (1540 chars): Request timed out.
[WARN] Skipping prompt (1379 chars): Request timed out.
[WARN] Skipping prompt (1676 chars): Request timed out.
[WARN] Skipping prompt (1367 chars): Request timed out.
[WARN] Skipping prompt (1495 chars): Request timed out.
[WARN] Skipping prompt (2194 chars): Request timed out.
[WARN] Skipping prompt (2020 chars): Request timed out.
[WARN] Skipping prompt (1858 chars): Request timed out.
[WARN] Skipping prompt (1459 chars): Request timed out.
[WARN] Skipping prompt (1675 chars): Request timed out.
[WARN] Skipping prompt (1531 chars): Request timed out.
[WARN] Skipping prompt (1365 chars): Request timed out.
[WARN] Skipping prompt (1454 chars): Request timed out.
[WARN] Skipping prompt (1893 chars): Request timed out.
[WARN] Skipping prompt (1261 chars): Request timed out.
[WARN] Skipping prompt (1422 chars): Request timed out.
Inference:  30%|██████████████████████████████▋                                                                      | 7/23 [3:28:41<7:59:23, 1797.75s/it][WARN] Skipping prompt (1492 chars): Request timed out.
[WARN] Skipping prompt (1497 chars): Request timed out.
[WARN] Skipping prompt (1321 chars): Request timed out.
[WARN] Skipping prompt (1324 chars): Request timed out.
[WARN] Skipping prompt (1614 chars): Request timed out.
[WARN] Skipping prompt (1463 chars): Request timed out.
[WARN] Skipping prompt (1253 chars): Request timed out.
[WARN] Skipping prompt (1316 chars): Request timed out.
[WARN] Skipping prompt (1309 chars): Request timed out.
[WARN] Skipping prompt (1285 chars): Request timed out.
[WARN] Skipping prompt (1333 chars): Request timed out.
[WARN] Skipping prompt (1330 chars): Request timed out.
[WARN] Skipping prompt (1400 chars): Request timed out.
[WARN] Skipping prompt (1314 chars): Request timed out.
[WARN] Skipping prompt (1479 chars): Request timed out.
[WARN] Skipping prompt (1461 chars): Request timed out.
[WARN] Skipping prompt (1527 chars): Request timed out.
[WARN] Skipping prompt (1833 chars): Request timed out.
[WARN] Skipping prompt (1822 chars): Request timed out.
[WARN] Skipping prompt (1361 chars): Request timed out.
[WARN] Skipping prompt (1442 chars): Request timed out.
[WARN] Skipping prompt (1872 chars): Request timed out.
[WARN] Skipping prompt (1345 chars): Request timed out.
[WARN] Skipping prompt (1512 chars): Request timed out.
[WARN] Skipping prompt (1498 chars): Request timed out.
[WARN] Skipping prompt (1485 chars): Request timed out.
[WARN] Skipping prompt (1475 chars): Request timed out.
[WARN] Skipping prompt (1516 chars): Request timed out.
[WARN] Skipping prompt (1276 chars): Request timed out.
[WARN] Skipping prompt (1286 chars): Request timed out.
[WARN] Skipping prompt (1608 chars): Request timed out.
[WARN] Skipping prompt (1332 chars): Request timed out.
[WARN] Skipping prompt (1605 chars): Request timed out.
[WARN] Skipping prompt (1535 chars): Request timed out.
[WARN] Skipping prompt (1337 chars): Request timed out.
[WARN] Skipping prompt (1418 chars): Request timed out.
[WARN] Skipping prompt (1295 chars): Request timed out.
[WARN] Skipping prompt (1456 chars): Request timed out.
[WARN] Skipping prompt (1530 chars): Request timed out.
[WARN] Skipping prompt (1274 chars): Request timed out.
[WARN] Skipping prompt (1632 chars): Request timed out.
[WARN] Skipping prompt (1328 chars): Request timed out.
[WARN] Skipping prompt (1362 chars): Request timed out.
[WARN] Skipping prompt (1878 chars): Request timed out.
[WARN] Skipping prompt (1636 chars): Request timed out.
[WARN] Skipping prompt (1477 chars): Request timed out.
[WARN] Skipping prompt (1794 chars): Request timed out.
[WARN] Skipping prompt (1616 chars): Request timed out.
[WARN] Skipping prompt (1321 chars): Request timed out.
[WARN] Skipping prompt (1415 chars): Request timed out.
[WARN] Skipping prompt (1360 chars): Request timed out.
[WARN] Skipping prompt (1448 chars): Request timed out.
[WARN] Skipping prompt (1339 chars): Request timed out.
[WARN] Skipping prompt (1596 chars): Request timed out.
[WARN] Skipping prompt (1306 chars): Request timed out.
[WARN] Skipping prompt (1353 chars): Request timed out.
[WARN] Skipping prompt (1831 chars): Request timed out.
[WARN] Skipping prompt (1370 chars): Request timed out.
[WARN] Skipping prompt (1490 chars): Request timed out.
[WARN] Skipping prompt (1447 chars): Request timed out.
[WARN] Skipping prompt (1446 chars): Request timed out.
[WARN] Skipping prompt (1315 chars): Request timed out.
[WARN] Skipping prompt (1400 chars): Request timed out.
[WARN] Skipping prompt (1489 chars): Request timed out.
Inference:  35%|███████████████████████████████████▏                                                                 | 8/23 [3:58:44<7:29:52, 1799.52s/it][WARN] Skipping prompt (1578 chars): Request timed out.
[WARN] Skipping prompt (1384 chars): Request timed out.
[WARN] Skipping prompt (1398 chars): Request timed out.
[WARN] Skipping prompt (1388 chars): Request timed out.
[WARN] Skipping prompt (1739 chars): Request timed out.
[WARN] Skipping prompt (1376 chars): Request timed out.
[WARN] Skipping prompt (1396 chars): Request timed out.
[WARN] Skipping prompt (1487 chars): Request timed out.
[WARN] Skipping prompt (1406 chars): Request timed out.
[WARN] Skipping prompt (1568 chars): Request timed out.
[WARN] Skipping prompt (1553 chars): Request timed out.
[WARN] Skipping prompt (1551 chars): Request timed out.
[WARN] Skipping prompt (1618 chars): Request timed out.
[WARN] Skipping prompt (1747 chars): Request timed out.
[WARN] Skipping prompt (1559 chars): Request timed out.
[WARN] Skipping prompt (1305 chars): Request timed out.
[WARN] Skipping prompt (1424 chars): Request timed out.
[WARN] Skipping prompt (1470 chars): Request timed out.
[WARN] Skipping prompt (1678 chars): Request timed out.
[WARN] Skipping prompt (1647 chars): Request timed out.
[WARN] Skipping prompt (1386 chars): Request timed out.
[WARN] Skipping prompt (1543 chars): Request timed out.
[WARN] Skipping prompt (1406 chars): Request timed out.
[WARN] Skipping prompt (1569 chars): Request timed out.
[WARN] Skipping prompt (1626 chars): Request timed out.
[WARN] Skipping prompt (1567 chars): Request timed out.
[WARN] Skipping prompt (1326 chars): Request timed out.
[WARN] Skipping prompt (1409 chars): Request timed out.
[WARN] Skipping prompt (1449 chars): Request timed out.
[WARN] Skipping prompt (1380 chars): Request timed out.
[WARN] Skipping prompt (1284 chars): Request timed out.
[WARN] Skipping prompt (1586 chars): Request timed out.
[WARN] Skipping prompt (1382 chars): Request timed out.
[WARN] Skipping prompt (1646 chars): Request timed out.
[WARN] Skipping prompt (1285 chars): Request timed out.
[WARN] Skipping prompt (1292 chars): Request timed out.
[WARN] Skipping prompt (1307 chars): Request timed out.
[WARN] Skipping prompt (1468 chars): Request timed out.
[WARN] Skipping prompt (1230 chars): Request timed out.
[WARN] Skipping prompt (1887 chars): Request timed out.
[WARN] Skipping prompt (1401 chars): Request timed out.
[WARN] Skipping prompt (1289 chars): Request timed out.
[WARN] Skipping prompt (1351 chars): Request timed out.
[WARN] Skipping prompt (1332 chars): Request timed out.
[WARN] Skipping prompt (1436 chars): Request timed out.
[WARN] Skipping prompt (2301 chars): Request timed out.
[WARN] Skipping prompt (1634 chars): Request timed out.
[WARN] Skipping prompt (1303 chars): Request timed out.
[WARN] Skipping prompt (2304 chars): Request timed out.
[WARN] Skipping prompt (1467 chars): Request timed out.
[WARN] Skipping prompt (1696 chars): Request timed out.
[WARN] Skipping prompt (1422 chars): Request timed out.
[WARN] Skipping prompt (1452 chars): Request timed out.
[WARN] Skipping prompt (1629 chars): Request timed out.
[WARN] Skipping prompt (1391 chars): Request timed out.
[WARN] Skipping prompt (1634 chars): Request timed out.
[WARN] Skipping prompt (1661 chars): Request timed out.
[WARN] Skipping prompt (1553 chars): Request timed out.
[WARN] Skipping prompt (1402 chars): Request timed out.
[WARN] Skipping prompt (1356 chars): Request timed out.
[WARN] Skipping prompt (1767 chars): Request timed out.
[WARN] Skipping prompt (1632 chars): Request timed out.
[WARN] Skipping prompt (1330 chars): Request timed out.
[WARN] Skipping prompt (1302 chars): Request timed out.
Inference:  39%|███████████████████████████████████████▌                                                             | 9/23 [4:28:48<7:00:10, 1800.73s/it][WARN] Skipping prompt (1453 chars): Request timed out.
[WARN] Skipping prompt (1711 chars): Request timed out.
[WARN] Skipping prompt (1468 chars): Request timed out.
[WARN] Skipping prompt (2113 chars): Request timed out.
[WARN] Skipping prompt (3053 chars): Request timed out.
[WARN] Skipping prompt (1547 chars): Request timed out.
[WARN] Skipping prompt (1805 chars): Request timed out.
[WARN] Skipping prompt (1528 chars): Request timed out.
[WARN] Skipping prompt (1903 chars): Request timed out.
[WARN] Skipping prompt (2062 chars): Request timed out.
[WARN] Skipping prompt (1951 chars): Request timed out.
[WARN] Skipping prompt (1597 chars): Request timed out.
[WARN] Skipping prompt (2067 chars): Request timed out.
[WARN] Skipping prompt (2385 chars): Request timed out.
[WARN] Skipping prompt (1114 chars): Request timed out.
[WARN] Skipping prompt (1667 chars): Request timed out.
[WARN] Skipping prompt (2889 chars): Request timed out.
[WARN] Skipping prompt (2192 chars): Request timed out.
[WARN] Skipping prompt (1710 chars): Request timed out.
[WARN] Skipping prompt (1790 chars): Request timed out.
[WARN] Skipping prompt (1149 chars): Request timed out.
[WARN] Skipping prompt (1770 chars): Request timed out.
[WARN] Skipping prompt (2195 chars): Request timed out.
[WARN] Skipping prompt (1279 chars): Request timed out.
[WARN] Skipping prompt (1926 chars): Request timed out.
[WARN] Skipping prompt (1774 chars): Request timed out.
[WARN] Skipping prompt (2206 chars): Request timed out.
[WARN] Skipping prompt (1468 chars): Request timed out.
[WARN] Skipping prompt (1854 chars): Request timed out.
[WARN] Skipping prompt (1971 chars): Request timed out.
[WARN] Skipping prompt (1846 chars): Request timed out.
[WARN] Skipping prompt (1446 chars): Request timed out.
[WARN] Skipping prompt (1570 chars): Request timed out.
[WARN] Skipping prompt (1399 chars): Request timed out.
[WARN] Skipping prompt (1475 chars): Request timed out.
[WARN] Skipping prompt (1388 chars): Request timed out.
[WARN] Skipping prompt (1935 chars): Request timed out.
[WARN] Skipping prompt (1765 chars): Request timed out.
[WARN] Skipping prompt (1666 chars): Request timed out.
[WARN] Skipping prompt (1169 chars): Request timed out.
[WARN] Skipping prompt (1333 chars): Request timed out.
[WARN] Skipping prompt (1138 chars): Request timed out.
[WARN] Skipping prompt (2548 chars): Request timed out.
[WARN] Skipping prompt (1271 chars): Request timed out.
[WARN] Skipping prompt (2318 chars): Request timed out.
[WARN] Skipping prompt (1592 chars): Request timed out.
[WARN] Skipping prompt (2117 chars): Request timed out.
[WARN] Skipping prompt (2080 chars): Request timed out.
[WARN] Skipping prompt (1414 chars): Request timed out.
[WARN] Skipping prompt (1422 chars): Request timed out.
[WARN] Skipping prompt (1544 chars): Request timed out.
[WARN] Skipping prompt (1808 chars): Request timed out.
[WARN] Skipping prompt (1170 chars): Request timed out.
[WARN] Skipping prompt (1499 chars): Request timed out.
[WARN] Skipping prompt (1369 chars): Request timed out.
[WARN] Skipping prompt (2033 chars): Request timed out.
[WARN] Skipping prompt (1405 chars): Request timed out.
[WARN] Skipping prompt (1278 chars): Request timed out.
[WARN] Skipping prompt (2192 chars): Request timed out.
[WARN] Skipping prompt (1294 chars): Request timed out.
[WARN] Skipping prompt (1748 chars): Request timed out.
[WARN] Skipping prompt (1694 chars): Request timed out.
[WARN] Skipping prompt (1358 chars): Request timed out.
[WARN] Skipping prompt (1521 chars): Request timed out.
Inference:  43%|███████████████████████████████████████████▍                                                        | 10/23 [4:58:51<6:30:19, 1801.53s/it][WARN] Skipping prompt (1910 chars): Request timed out.
[WARN] Skipping prompt (1687 chars): Request timed out.
[WARN] Skipping prompt (1907 chars): Request timed out.
[WARN] Skipping prompt (1429 chars): Request timed out.
[WARN] Skipping prompt (1723 chars): Request timed out.
[WARN] Skipping prompt (1435 chars): Request timed out.
[WARN] Skipping prompt (1520 chars): Request timed out.
[WARN] Skipping prompt (2514 chars): Request timed out.
[WARN] Skipping prompt (1820 chars): Request timed out.
[WARN] Skipping prompt (1546 chars): Request timed out.
[WARN] Skipping prompt (1624 chars): Request timed out.
[WARN] Skipping prompt (1453 chars): Request timed out.
[WARN] Skipping prompt (1804 chars): Request timed out.
[WARN] Skipping prompt (1520 chars): Request timed out.
[WARN] Skipping prompt (1560 chars): Request timed out.
[WARN] Skipping prompt (1406 chars): Request timed out.
[WARN] Skipping prompt (1366 chars): Request timed out.
[WARN] Skipping prompt (1456 chars): Request timed out.
[WARN] Skipping prompt (1419 chars): Request timed out.
[WARN] Skipping prompt (1589 chars): Request timed out.
[WARN] Skipping prompt (1389 chars): Request timed out.
[WARN] Skipping prompt (1441 chars): Request timed out.
[WARN] Skipping prompt (1447 chars): Request timed out.
[WARN] Skipping prompt (2196 chars): Request timed out.
[WARN] Skipping prompt (1502 chars): Request timed out.
[WARN] Skipping prompt (1399 chars): Request timed out.
[WARN] Skipping prompt (1517 chars): Request timed out.
[WARN] Skipping prompt (1521 chars): Request timed out.
[WARN] Skipping prompt (1504 chars): Request timed out.
[WARN] Skipping prompt (1402 chars): Request timed out.
[WARN] Skipping prompt (1358 chars): Request timed out.
[WARN] Skipping prompt (1593 chars): Request timed out.
[WARN] Skipping prompt (2048 chars): Request timed out.
[WARN] Skipping prompt (1842 chars): Request timed out.
[WARN] Skipping prompt (1694 chars): Request timed out.
[WARN] Skipping prompt (1695 chars): Request timed out.
[WARN] Skipping prompt (1414 chars): Request timed out.
[WARN] Skipping prompt (1579 chars): Request timed out.
[WARN] Skipping prompt (1519 chars): Request timed out.
[WARN] Skipping prompt (2591 chars): Request timed out.
[WARN] Skipping prompt (1622 chars): Request timed out.
[WARN] Skipping prompt (1869 chars): Request timed out.
[WARN] Skipping prompt (1243 chars): Request timed out.
[WARN] Skipping prompt (1158 chars): Request timed out.
[WARN] Skipping prompt (1702 chars): Request timed out.
[WARN] Skipping prompt (1887 chars): Request timed out.
[WARN] Skipping prompt (1993 chars): Request timed out.
[WARN] Skipping prompt (1532 chars): Request timed out.
[WARN] Skipping prompt (1590 chars): Request timed out.
[WARN] Skipping prompt (1969 chars): Request timed out.
[WARN] Skipping prompt (1647 chars): Request timed out.
[WARN] Skipping prompt (1885 chars): Request timed out.
[WARN] Skipping prompt (2103 chars): Request timed out.
[WARN] Skipping prompt (1525 chars): Request timed out.
[WARN] Skipping prompt (1621 chars): Request timed out.
[WARN] Skipping prompt (1465 chars): Request timed out.
[WARN] Skipping prompt (1316 chars): Request timed out.
[WARN] Skipping prompt (1835 chars): Request timed out.
[WARN] Skipping prompt (1440 chars): Request timed out.
[WARN] Skipping prompt (1403 chars): Request timed out.
[WARN] Skipping prompt (1627 chars): Request timed out.
[WARN] Skipping prompt (1337 chars): Request timed out.
[WARN] Skipping prompt (1586 chars): Request timed out.
[WARN] Skipping prompt (1434 chars): Request timed out.
Inference:  48%|███████████████████████████████████████████████▊                                                    | 11/23 [5:28:55<6:00:25, 1802.11s/it][WARN] Skipping prompt (1176 chars): Request timed out.
[WARN] Skipping prompt (2042 chars): Request timed out.
[WARN] Skipping prompt (1248 chars): Request timed out.
[WARN] Skipping prompt (1275 chars): Request timed out.
[WARN] Skipping prompt (1285 chars): Request timed out.
[WARN] Skipping prompt (1664 chars): Request timed out.
[WARN] Skipping prompt (2766 chars): Request timed out.
[WARN] Skipping prompt (1688 chars): Request timed out.
[WARN] Skipping prompt (1756 chars): Request timed out.
[WARN] Skipping prompt (1209 chars): Request timed out.
[WARN] Skipping prompt (1395 chars): Request timed out.
[WARN] Skipping prompt (1526 chars): Request timed out.
[WARN] Skipping prompt (1735 chars): Request timed out.
[WARN] Skipping prompt (1506 chars): Request timed out.
[WARN] Skipping prompt (1555 chars): Request timed out.
[WARN] Skipping prompt (1263 chars): Request timed out.
[WARN] Skipping prompt (1897 chars): Request timed out.
[WARN] Skipping prompt (1689 chars): Request timed out.
[WARN] Skipping prompt (1449 chars): Request timed out.
[WARN] Skipping prompt (1878 chars): Request timed out.
[WARN] Skipping prompt (2182 chars): Request timed out.
[WARN] Skipping prompt (1495 chars): Request timed out.
[WARN] Skipping prompt (1426 chars): Request timed out.
[WARN] Skipping prompt (1268 chars): Request timed out.
[WARN] Skipping prompt (1996 chars): Request timed out.
[WARN] Skipping prompt (1216 chars): Request timed out.
[WARN] Skipping prompt (1294 chars): Request timed out.
[WARN] Skipping prompt (1491 chars): Request timed out.
[WARN] Skipping prompt (1441 chars): Request timed out.
[WARN] Skipping prompt (1583 chars): Request timed out.
[WARN] Skipping prompt (1470 chars): Request timed out.
[WARN] Skipping prompt (1516 chars): Request timed out.
[WARN] Skipping prompt (1398 chars): Request timed out.
[WARN] Skipping prompt (1321 chars): Request timed out.
[WARN] Skipping prompt (1682 chars): Request timed out.
[WARN] Skipping prompt (1470 chars): Request timed out.
[WARN] Skipping prompt (1600 chars): Request timed out.
[WARN] Skipping prompt (2038 chars): Request timed out.
[WARN] Skipping prompt (1486 chars): Request timed out.
[WARN] Skipping prompt (1473 chars): Request timed out.
[WARN] Skipping prompt (2290 chars): Request timed out.
[WARN] Skipping prompt (1436 chars): Request timed out.
[WARN] Skipping prompt (1612 chars): Request timed out.
[WARN] Skipping prompt (1553 chars): Request timed out.
[WARN] Skipping prompt (1318 chars): Request timed out.
[WARN] Skipping prompt (1438 chars): Request timed out.
[WARN] Skipping prompt (1400 chars): Request timed out.
[WARN] Skipping prompt (1357 chars): Request timed out.
[WARN] Skipping prompt (1952 chars): Request timed out.
[WARN] Skipping prompt (2005 chars): Request timed out.
[WARN] Skipping prompt (1978 chars): Request timed out.
[WARN] Skipping prompt (1563 chars): Request timed out.
[WARN] Skipping prompt (1991 chars): Request timed out.
[WARN] Skipping prompt (1471 chars): Request timed out.
[WARN] Skipping prompt (2082 chars): Request timed out.
[WARN] Skipping prompt (1648 chars): Request timed out.
[WARN] Skipping prompt (1859 chars): Request timed out.
[WARN] Skipping prompt (2104 chars): Request timed out.
[WARN] Skipping prompt (1607 chars): Request timed out.
[WARN] Skipping prompt (1486 chars): Request timed out.
[WARN] Skipping prompt (1797 chars): Request timed out.
[WARN] Skipping prompt (1346 chars): Request timed out.
[WARN] Skipping prompt (1502 chars): Request timed out.
[WARN] Skipping prompt (1960 chars): Request timed out.
Inference:  52%|████████████████████████████████████████████████████▏                                               | 12/23 [5:58:58<5:30:27, 1802.46s/it][WARN] Skipping prompt (1244 chars): Request timed out.
[WARN] Skipping prompt (1605 chars): Request timed out.
[WARN] Skipping prompt (2307 chars): Request timed out.
[WARN] Skipping prompt (1504 chars): Request timed out.
[WARN] Skipping prompt (1851 chars): Request timed out.
[WARN] Skipping prompt (1403 chars): Request timed out.
[WARN] Skipping prompt (1381 chars): Request timed out.
[WARN] Skipping prompt (1271 chars): Request timed out.
[WARN] Skipping prompt (1498 chars): Request timed out.
[WARN] Skipping prompt (1484 chars): Request timed out.
[WARN] Skipping prompt (1642 chars): Request timed out.
[WARN] Skipping prompt (1864 chars): Request timed out.
[WARN] Skipping prompt (1684 chars): Request timed out.
[WARN] Skipping prompt (1420 chars): Request timed out.
[WARN] Skipping prompt (1878 chars): Request timed out.
[WARN] Skipping prompt (1196 chars): Request timed out.
[WARN] Skipping prompt (1379 chars): Request timed out.
[WARN] Skipping prompt (1401 chars): Request timed out.
[WARN] Skipping prompt (1140 chars): Request timed out.
[WARN] Skipping prompt (1450 chars): Request timed out.
[WARN] Skipping prompt (2794 chars): Request timed out.
[WARN] Skipping prompt (1285 chars): Request timed out.
[WARN] Skipping prompt (2356 chars): Request timed out.
[WARN] Skipping prompt (1441 chars): Request timed out.
[WARN] Skipping prompt (1541 chars): Request timed out.
[WARN] Skipping prompt (1480 chars): Request timed out.
[WARN] Skipping prompt (1900 chars): Request timed out.
[WARN] Skipping prompt (1262 chars): Request timed out.
[WARN] Skipping prompt (1369 chars): Request timed out.
[WARN] Skipping prompt (1462 chars): Request timed out.
[WARN] Skipping prompt (1165 chars): Request timed out.
[WARN] Skipping prompt (1661 chars): Request timed out.
[WARN] Skipping prompt (1632 chars): Request timed out.
[WARN] Skipping prompt (1658 chars): Request timed out.
[WARN] Skipping prompt (1840 chars): Request timed out.
[WARN] Skipping prompt (1188 chars): Request timed out.
[WARN] Skipping prompt (1851 chars): Request timed out.
[WARN] Skipping prompt (1444 chars): Request timed out.
[WARN] Skipping prompt (1241 chars): Request timed out.
[WARN] Skipping prompt (1625 chars): Request timed out.
[WARN] Skipping prompt (1397 chars): Request timed out.
[WARN] Skipping prompt (1533 chars): Request timed out.
[WARN] Skipping prompt (1530 chars): Request timed out.
[WARN] Skipping prompt (1842 chars): Request timed out.
[WARN] Skipping prompt (1677 chars): Request timed out.
[WARN] Skipping prompt (1843 chars): Request timed out.
[WARN] Skipping prompt (1789 chars): Request timed out.
[WARN] Skipping prompt (1355 chars): Request timed out.
[WARN] Skipping prompt (1324 chars): Request timed out.
[WARN] Skipping prompt (1288 chars): Request timed out.
[WARN] Skipping prompt (1455 chars): Request timed out.
[WARN] Skipping prompt (2233 chars): Request timed out.
[WARN] Skipping prompt (1457 chars): Request timed out.
[WARN] Skipping prompt (2155 chars): Request timed out.
[WARN] Skipping prompt (1270 chars): Request timed out.
[WARN] Skipping prompt (1348 chars): Request timed out.
[WARN] Skipping prompt (1251 chars): Request timed out.
[WARN] Skipping prompt (1399 chars): Request timed out.
[WARN] Skipping prompt (2175 chars): Request timed out.
[WARN] Skipping prompt (1256 chars): Request timed out.
[WARN] Skipping prompt (1430 chars): Request timed out.
[WARN] Skipping prompt (1733 chars): Request timed out.
[WARN] Skipping prompt (1397 chars): Request timed out.
[WARN] Skipping prompt (1561 chars): Request timed out.
Inference:  57%|████████████████████████████████████████████████████████▌                                           | 13/23 [6:29:01<5:00:27, 1802.75s/it][WARN] Skipping prompt (1743 chars): Request timed out.
[WARN] Skipping prompt (1933 chars): Request timed out.
[WARN] Skipping prompt (1853 chars): Request timed out.
[WARN] Skipping prompt (1511 chars): Request timed out.
[WARN] Skipping prompt (1709 chars): Request timed out.
[WARN] Skipping prompt (1925 chars): Request timed out.
[WARN] Skipping prompt (1719 chars): Request timed out.
[WARN] Skipping prompt (1514 chars): Request timed out.
[WARN] Skipping prompt (1182 chars): Request timed out.
[WARN] Skipping prompt (1545 chars): Request timed out.
[WARN] Skipping prompt (1445 chars): Request timed out.
[WARN] Skipping prompt (1934 chars): Request timed out.
[WARN] Skipping prompt (1444 chars): Request timed out.
[WARN] Skipping prompt (1648 chars): Request timed out.
[WARN] Skipping prompt (1615 chars): Request timed out.
[WARN] Skipping prompt (1784 chars): Request timed out.
[WARN] Skipping prompt (1407 chars): Request timed out.
[WARN] Skipping prompt (1385 chars): Request timed out.
[WARN] Skipping prompt (1490 chars): Request timed out.
[WARN] Skipping prompt (1860 chars): Request timed out.
[WARN] Skipping prompt (2147 chars): Request timed out.
[WARN] Skipping prompt (1302 chars): Request timed out.
[WARN] Skipping prompt (1599 chars): Request timed out.
[WARN] Skipping prompt (1152 chars): Request timed out.
[WARN] Skipping prompt (1995 chars): Request timed out.
[WARN] Skipping prompt (1430 chars): Request timed out.
[WARN] Skipping prompt (1878 chars): Request timed out.
[WARN] Skipping prompt (1273 chars): Request timed out.
[WARN] Skipping prompt (1247 chars): Request timed out.
[WARN] Skipping prompt (1719 chars): Request timed out.
[WARN] Skipping prompt (1896 chars): Request timed out.
[WARN] Skipping prompt (1979 chars): Request timed out.
[WARN] Skipping prompt (1740 chars): Request timed out.
[WARN] Skipping prompt (1520 chars): Request timed out.
[WARN] Skipping prompt (1824 chars): Request timed out.
[WARN] Skipping prompt (1547 chars): Request timed out.
[WARN] Skipping prompt (1539 chars): Request timed out.
[WARN] Skipping prompt (1558 chars): Request timed out.
[WARN] Skipping prompt (1295 chars): Request timed out.
[WARN] Skipping prompt (1681 chars): Request timed out.
[WARN] Skipping prompt (1934 chars): Request timed out.
[WARN] Skipping prompt (1583 chars): Request timed out.
[WARN] Skipping prompt (1814 chars): Request timed out.
[WARN] Skipping prompt (1493 chars): Request timed out.
[WARN] Skipping prompt (1938 chars): Request timed out.
[WARN] Skipping prompt (1934 chars): Request timed out.
[WARN] Skipping prompt (1495 chars): Request timed out.
[WARN] Skipping prompt (1764 chars): Request timed out.
[WARN] Skipping prompt (1649 chars): Request timed out.
[WARN] Skipping prompt (1452 chars): Request timed out.
[WARN] Skipping prompt (1434 chars): Request timed out.
[WARN] Skipping prompt (1463 chars): Request timed out.
[WARN] Skipping prompt (1207 chars): Request timed out.
[WARN] Skipping prompt (1529 chars): Request timed out.
[WARN] Skipping prompt (1231 chars): Request timed out.
[WARN] Skipping prompt (1687 chars): Request timed out.
[WARN] Skipping prompt (1671 chars): Request timed out.
[WARN] Skipping prompt (1953 chars): Request timed out.
[WARN] Skipping prompt (1867 chars): Request timed out.
[WARN] Skipping prompt (1487 chars): Request timed out.
[WARN] Skipping prompt (1182 chars): Request timed out.
[WARN] Skipping prompt (1680 chars): Request timed out.
[WARN] Skipping prompt (1295 chars): Request timed out.
[WARN] Skipping prompt (1389 chars): Request timed out.
Inference:  61%|████████████████████████████████████████████████████████████▊                                       | 14/23 [6:59:05<4:30:26, 1802.94s/it][WARN] Skipping prompt (1694 chars): Request timed out.
[WARN] Skipping prompt (2109 chars): Request timed out.
[WARN] Skipping prompt (2068 chars): Request timed out.
[WARN] Skipping prompt (1412 chars): Request timed out.
[WARN] Skipping prompt (1381 chars): Request timed out.
[WARN] Skipping prompt (2581 chars): Request timed out.
[WARN] Skipping prompt (1418 chars): Request timed out.
[WARN] Skipping prompt (1556 chars): Request timed out.
[WARN] Skipping prompt (1500 chars): Request timed out.
[WARN] Skipping prompt (1929 chars): Request timed out.
[WARN] Skipping prompt (1252 chars): Request timed out.
[WARN] Skipping prompt (1325 chars): Request timed out.
[WARN] Skipping prompt (1274 chars): Request timed out.
[WARN] Skipping prompt (1214 chars): Request timed out.
[WARN] Skipping prompt (1200 chars): Request timed out.
[WARN] Skipping prompt (1526 chars): Request timed out.
[WARN] Skipping prompt (1402 chars): Request timed out.
[WARN] Skipping prompt (1283 chars): Request timed out.
[WARN] Skipping prompt (1307 chars): Request timed out.
[WARN] Skipping prompt (1437 chars): Request timed out.
[WARN] Skipping prompt (1393 chars): Request timed out.
[WARN] Skipping prompt (1299 chars): Request timed out.
[WARN] Skipping prompt (1708 chars): Request timed out.
[WARN] Skipping prompt (1844 chars): Request timed out.
[WARN] Skipping prompt (1348 chars): Request timed out.
[WARN] Skipping prompt (1196 chars): Request timed out.
[WARN] Skipping prompt (1161 chars): Request timed out.
[WARN] Skipping prompt (1433 chars): Request timed out.
[WARN] Skipping prompt (2166 chars): Request timed out.
[WARN] Skipping prompt (1533 chars): Request timed out.
[WARN] Skipping prompt (1838 chars): Request timed out.
[WARN] Skipping prompt (1546 chars): Request timed out.
[WARN] Skipping prompt (1735 chars): Request timed out.
[WARN] Skipping prompt (1356 chars): Request timed out.
[WARN] Skipping prompt (1599 chars): Request timed out.
[WARN] Skipping prompt (1233 chars): Request timed out.
[WARN] Skipping prompt (1411 chars): Request timed out.
[WARN] Skipping prompt (1280 chars): Request timed out.
[WARN] Skipping prompt (1353 chars): Request timed out.
[WARN] Skipping prompt (1747 chars): Request timed out.
[WARN] Skipping prompt (1702 chars): Request timed out.
[WARN] Skipping prompt (1210 chars): Request timed out.
[WARN] Skipping prompt (1403 chars): Request timed out.
[WARN] Skipping prompt (1452 chars): Request timed out.
[WARN] Skipping prompt (1350 chars): Request timed out.
[WARN] Skipping prompt (1330 chars): Request timed out.
[WARN] Skipping prompt (2302 chars): Request timed out.
[WARN] Skipping prompt (1493 chars): Request timed out.
[WARN] Skipping prompt (1226 chars): Request timed out.
[WARN] Skipping prompt (1515 chars): Request timed out.
[WARN] Skipping prompt (1337 chars): Request timed out.
[WARN] Skipping prompt (1242 chars): Request timed out.
[WARN] Skipping prompt (1764 chars): Request timed out.
[WARN] Skipping prompt (1417 chars): Request timed out.
[WARN] Skipping prompt (1170 chars): Request timed out.
[WARN] Skipping prompt (2410 chars): Request timed out.
[WARN] Skipping prompt (1212 chars): Request timed out.
[WARN] Skipping prompt (1342 chars): Request timed out.
[WARN] Skipping prompt (1295 chars): Request timed out.
[WARN] Skipping prompt (1545 chars): Request timed out.
[WARN] Skipping prompt (1498 chars): Request timed out.
[WARN] Skipping prompt (1303 chars): Request timed out.
[WARN] Skipping prompt (1242 chars): Request timed out.
[WARN] Skipping prompt (1417 chars): Request timed out.
Inference:  65%|█████████████████████████████████████████████████████████████████▏                                  | 15/23 [7:29:08<4:00:24, 1803.06s/it][WARN] Skipping prompt (1425 chars): Request timed out.
[WARN] Skipping prompt (1455 chars): Request timed out.
[WARN] Skipping prompt (1628 chars): Request timed out.
[WARN] Skipping prompt (1561 chars): Request timed out.
[WARN] Skipping prompt (1230 chars): Request timed out.
[WARN] Skipping prompt (1516 chars): Request timed out.
[WARN] Skipping prompt (1537 chars): Request timed out.
[WARN] Skipping prompt (1303 chars): Request timed out.
[WARN] Skipping prompt (1451 chars): Request timed out.
[WARN] Skipping prompt (1406 chars): Request timed out.
[WARN] Skipping prompt (1445 chars): Request timed out.
[WARN] Skipping prompt (1250 chars): Request timed out.
[WARN] Skipping prompt (2044 chars): Request timed out.
[WARN] Skipping prompt (1245 chars): Request timed out.
[WARN] Skipping prompt (1687 chars): Request timed out.
[WARN] Skipping prompt (1466 chars): Request timed out.
[WARN] Skipping prompt (1488 chars): Request timed out.
[WARN] Skipping prompt (2176 chars): Request timed out.
[WARN] Skipping prompt (1283 chars): Request timed out.
[WARN] Skipping prompt (1330 chars): Request timed out.
[WARN] Skipping prompt (1538 chars): Request timed out.
[WARN] Skipping prompt (1284 chars): Request timed out.
[WARN] Skipping prompt (1695 chars): Request timed out.
[WARN] Skipping prompt (1063 chars): Request timed out.
[WARN] Skipping prompt (1838 chars): Request timed out.
[WARN] Skipping prompt (1338 chars): Request timed out.
[WARN] Skipping prompt (2746 chars): Request timed out.
[WARN] Skipping prompt (1620 chars): Request timed out.
[WARN] Skipping prompt (2029 chars): Request timed out.
[WARN] Skipping prompt (1495 chars): Request timed out.
[WARN] Skipping prompt (1313 chars): Request timed out.
[WARN] Skipping prompt (1410 chars): Request timed out.
[WARN] Skipping prompt (1168 chars): Request timed out.
[WARN] Skipping prompt (1188 chars): Request timed out.
[WARN] Skipping prompt (1635 chars): Request timed out.
[WARN] Skipping prompt (1399 chars): Request timed out.
[WARN] Skipping prompt (1252 chars): Request timed out.
[WARN] Skipping prompt (1964 chars): Request timed out.
[WARN] Skipping prompt (1448 chars): Request timed out.
[WARN] Skipping prompt (1636 chars): Request timed out.
[WARN] Skipping prompt (1338 chars): Request timed out.
[WARN] Skipping prompt (1564 chars): Request timed out.
[WARN] Skipping prompt (2226 chars): Request timed out.
[WARN] Skipping prompt (1521 chars): Request timed out.
[WARN] Skipping prompt (1259 chars): Request timed out.
[WARN] Skipping prompt (2039 chars): Request timed out.
[WARN] Skipping prompt (1742 chars): Request timed out.
[WARN] Skipping prompt (1490 chars): Request timed out.
[WARN] Skipping prompt (1580 chars): Request timed out.
[WARN] Skipping prompt (1544 chars): Request timed out.
[WARN] Skipping prompt (1543 chars): Request timed out.
[WARN] Skipping prompt (1774 chars): Request timed out.
[WARN] Skipping prompt (2225 chars): Request timed out.
[WARN] Skipping prompt (1274 chars): Request timed out.
[WARN] Skipping prompt (1441 chars): Request timed out.
[WARN] Skipping prompt (2555 chars): Request timed out.
[WARN] Skipping prompt (1458 chars): Request timed out.
[WARN] Skipping prompt (1292 chars): Request timed out.
[WARN] Skipping prompt (1942 chars): Request timed out.
[WARN] Skipping prompt (1884 chars): Request timed out.
[WARN] Skipping prompt (1277 chars): Request timed out.
[WARN] Skipping prompt (1411 chars): Request timed out.
[WARN] Skipping prompt (1711 chars): Request timed out.
[WARN] Skipping prompt (2042 chars): Request timed out.
Inference:  70%|█████████████████████████████████████████████████████████████████████▌                              | 16/23 [7:59:11<3:30:22, 1803.15s/it][WARN] Skipping prompt (1391 chars): Request timed out.
[WARN] Skipping prompt (1458 chars): Request timed out.
[WARN] Skipping prompt (1568 chars): Request timed out.
[WARN] Skipping prompt (1953 chars): Request timed out.
[WARN] Skipping prompt (1450 chars): Request timed out.
[WARN] Skipping prompt (1596 chars): Request timed out.
[WARN] Skipping prompt (1744 chars): Request timed out.
[WARN] Skipping prompt (2312 chars): Request timed out.
[WARN] Skipping prompt (1726 chars): Request timed out.
[WARN] Skipping prompt (1676 chars): Request timed out.
[WARN] Skipping prompt (1980 chars): Request timed out.
[WARN] Skipping prompt (2206 chars): Request timed out.
[WARN] Skipping prompt (1747 chars): Request timed out.
[WARN] Skipping prompt (1560 chars): Request timed out.
[WARN] Skipping prompt (1714 chars): Request timed out.
[WARN] Skipping prompt (1566 chars): Request timed out.
[WARN] Skipping prompt (1246 chars): Request timed out.
[WARN] Skipping prompt (1590 chars): Request timed out.
[WARN] Skipping prompt (1530 chars): Request timed out.
[WARN] Skipping prompt (1504 chars): Request timed out.
[WARN] Skipping prompt (1459 chars): Request timed out.
[WARN] Skipping prompt (1433 chars): Request timed out.
[WARN] Skipping prompt (1318 chars): Request timed out.
[WARN] Skipping prompt (1181 chars): Request timed out.
[WARN] Skipping prompt (1939 chars): Request timed out.
[WARN] Skipping prompt (1741 chars): Request timed out.
[WARN] Skipping prompt (1487 chars): Request timed out.
[WARN] Skipping prompt (1498 chars): Request timed out.
[WARN] Skipping prompt (1840 chars): Request timed out.
[WARN] Skipping prompt (1467 chars): Request timed out.
[WARN] Skipping prompt (1240 chars): Request timed out.
[WARN] Skipping prompt (1417 chars): Request timed out.
[WARN] Skipping prompt (1169 chars): Request timed out.
[WARN] Skipping prompt (1491 chars): Request timed out.
[WARN] Skipping prompt (1137 chars): Request timed out.
[WARN] Skipping prompt (1579 chars): Request timed out.
[WARN] Skipping prompt (1470 chars): Request timed out.
[WARN] Skipping prompt (1328 chars): Request timed out.
[WARN] Skipping prompt (1651 chars): Request timed out.
[WARN] Skipping prompt (1262 chars): Request timed out.
[WARN] Skipping prompt (1652 chars): Request timed out.
[WARN] Skipping prompt (1556 chars): Request timed out.
[WARN] Skipping prompt (1871 chars): Request timed out.
[WARN] Skipping prompt (1267 chars): Request timed out.
[WARN] Skipping prompt (1360 chars): Request timed out.
[WARN] Skipping prompt (1469 chars): Request timed out.
[WARN] Skipping prompt (1699 chars): Request timed out.
[WARN] Skipping prompt (1142 chars): Request timed out.
[WARN] Skipping prompt (1502 chars): Request timed out.
[WARN] Skipping prompt (1273 chars): Request timed out.
[WARN] Skipping prompt (1460 chars): Request timed out.
[WARN] Skipping prompt (1453 chars): Request timed out.
[WARN] Skipping prompt (1137 chars): Request timed out.
[WARN] Skipping prompt (1869 chars): Request timed out.
[WARN] Skipping prompt (1631 chars): Request timed out.
[WARN] Skipping prompt (2329 chars): Request timed out.
[WARN] Skipping prompt (2038 chars): Request timed out.
[WARN] Skipping prompt (1318 chars): Request timed out.
[WARN] Skipping prompt (1358 chars): Request timed out.
[WARN] Skipping prompt (1169 chars): Request timed out.
[WARN] Skipping prompt (1711 chars): Request timed out.
[WARN] Skipping prompt (1373 chars): Request timed out.
[WARN] Skipping prompt (1245 chars): Request timed out.
[WARN] Skipping prompt (1123 chars): Request timed out.
Inference:  74%|█████████████████████████████████████████████████████████████████████████▉                          | 17/23 [8:29:15<3:00:19, 1803.22s/it][WARN] Skipping prompt (2014 chars): Request timed out.
[WARN] Skipping prompt (1456 chars): Request timed out.
[WARN] Skipping prompt (1436 chars): Request timed out.
[WARN] Skipping prompt (1492 chars): Request timed out.
[WARN] Skipping prompt (1483 chars): Request timed out.
[WARN] Skipping prompt (1431 chars): Request timed out.
[WARN] Skipping prompt (1451 chars): Request timed out.
[WARN] Skipping prompt (3074 chars): Request timed out.
[WARN] Skipping prompt (2612 chars): Request timed out.
[WARN] Skipping prompt (1361 chars): Request timed out.
[WARN] Skipping prompt (1471 chars): Request timed out.
[WARN] Skipping prompt (1508 chars): Request timed out.
[WARN] Skipping prompt (1385 chars): Request timed out.
[WARN] Skipping prompt (1330 chars): Request timed out.
[WARN] Skipping prompt (1383 chars): Request timed out.
[WARN] Skipping prompt (1758 chars): Request timed out.
[WARN] Skipping prompt (1340 chars): Request timed out.
[WARN] Skipping prompt (1873 chars): Request timed out.
[WARN] Skipping prompt (1246 chars): Request timed out.
[WARN] Skipping prompt (1292 chars): Request timed out.
[WARN] Skipping prompt (1415 chars): Request timed out.
[WARN] Skipping prompt (1454 chars): Request timed out.
[WARN] Skipping prompt (1898 chars): Request timed out.
[WARN] Skipping prompt (1163 chars): Request timed out.
[WARN] Skipping prompt (1523 chars): Request timed out.
[WARN] Skipping prompt (1307 chars): Request timed out.
[WARN] Skipping prompt (1293 chars): Request timed out.
[WARN] Skipping prompt (1455 chars): Request timed out.
[WARN] Skipping prompt (1896 chars): Request timed out.
[WARN] Skipping prompt (1157 chars): Request timed out.
[WARN] Skipping prompt (2117 chars): Request timed out.
[WARN] Skipping prompt (1278 chars): Request timed out.
[WARN] Skipping prompt (1497 chars): Request timed out.
[WARN] Skipping prompt (1473 chars): Request timed out.
[WARN] Skipping prompt (1631 chars): Request timed out.
[WARN] Skipping prompt (1861 chars): Request timed out.
[WARN] Skipping prompt (2190 chars): Request timed out.
[WARN] Skipping prompt (1345 chars): Request timed out.
[WARN] Skipping prompt (1366 chars): Request timed out.
[WARN] Skipping prompt (1361 chars): Request timed out.
[WARN] Skipping prompt (1684 chars): Request timed out.
[WARN] Skipping prompt (1933 chars): Request timed out.
[WARN] Skipping prompt (1421 chars): Request timed out.
[WARN] Skipping prompt (1256 chars): Request timed out.
[WARN] Skipping prompt (1454 chars): Request timed out.
[WARN] Skipping prompt (1903 chars): Request timed out.
[WARN] Skipping prompt (1296 chars): Request timed out.
[WARN] Skipping prompt (1326 chars): Request timed out.
[WARN] Skipping prompt (1153 chars): Request timed out.
[WARN] Skipping prompt (2369 chars): Request timed out.
[WARN] Skipping prompt (1832 chars): Request timed out.
[WARN] Skipping prompt (1407 chars): Request timed out.
[WARN] Skipping prompt (1521 chars): Request timed out.
[WARN] Skipping prompt (1377 chars): Request timed out.
[WARN] Skipping prompt (1682 chars): Request timed out.
[WARN] Skipping prompt (2128 chars): Request timed out.
[WARN] Skipping prompt (1780 chars): Request timed out.
[WARN] Skipping prompt (1600 chars): Request timed out.
[WARN] Skipping prompt (1399 chars): Request timed out.
[WARN] Skipping prompt (1268 chars): Request timed out.
[WARN] Skipping prompt (1067 chars): Request timed out.
[WARN] Skipping prompt (1513 chars): Request timed out.
[WARN] Skipping prompt (1537 chars): Request timed out.
[WARN] Skipping prompt (1979 chars): Request timed out.
Inference:  78%|██████████████████████████████████████████████████████████████████████████████▎                     | 18/23 [8:59:18<2:30:16, 1803.27s/it][WARN] Skipping prompt (1701 chars): Request timed out.
[WARN] Skipping prompt (1468 chars): Request timed out.
[WARN] Skipping prompt (1357 chars): Request timed out.
[WARN] Skipping prompt (1385 chars): Request timed out.
[WARN] Skipping prompt (1621 chars): Request timed out.
[WARN] Skipping prompt (1465 chars): Request timed out.
[WARN] Skipping prompt (1718 chars): Request timed out.
[WARN] Skipping prompt (1413 chars): Request timed out.
[WARN] Skipping prompt (2408 chars): Request timed out.
[WARN] Skipping prompt (1557 chars): Request timed out.
[WARN] Skipping prompt (1447 chars): Request timed out.
[WARN] Skipping prompt (1134 chars): Request timed out.
[WARN] Skipping prompt (1441 chars): Request timed out.
[WARN] Skipping prompt (1139 chars): Request timed out.
[WARN] Skipping prompt (1583 chars): Request timed out.
[WARN] Skipping prompt (2494 chars): Request timed out.
[WARN] Skipping prompt (1453 chars): Request timed out.
[WARN] Skipping prompt (1116 chars): Request timed out.
[WARN] Skipping prompt (1648 chars): Request timed out.
[WARN] Skipping prompt (1933 chars): Request timed out.
[WARN] Skipping prompt (1405 chars): Request timed out.
[WARN] Skipping prompt (1888 chars): Request timed out.
[WARN] Skipping prompt (1249 chars): Request timed out.
[WARN] Skipping prompt (1648 chars): Request timed out.
[WARN] Skipping prompt (1463 chars): Request timed out.
[WARN] Skipping prompt (1343 chars): Request timed out.
[WARN] Skipping prompt (1140 chars): Request timed out.
[WARN] Skipping prompt (1510 chars): Request timed out.
[WARN] Skipping prompt (1224 chars): Request timed out.
[WARN] Skipping prompt (1697 chars): Request timed out.
[WARN] Skipping prompt (1561 chars): Request timed out.
[WARN] Skipping prompt (1299 chars): Request timed out.
[WARN] Skipping prompt (1462 chars): Request timed out.
[WARN] Skipping prompt (1317 chars): Request timed out.
[WARN] Skipping prompt (1496 chars): Request timed out.
[WARN] Skipping prompt (1504 chars): Request timed out.
[WARN] Skipping prompt (1680 chars): Request timed out.
[WARN] Skipping prompt (1589 chars): Request timed out.
[WARN] Skipping prompt (1507 chars): Request timed out.
[WARN] Skipping prompt (1458 chars): Request timed out.
[WARN] Skipping prompt (1435 chars): Request timed out.
[WARN] Skipping prompt (1308 chars): Request timed out.
[WARN] Skipping prompt (1663 chars): Request timed out.
[WARN] Skipping prompt (1394 chars): Request timed out.
[WARN] Skipping prompt (1659 chars): Request timed out.
[WARN] Skipping prompt (1356 chars): Request timed out.
[WARN] Skipping prompt (1171 chars): Request timed out.
[WARN] Skipping prompt (1503 chars): Request timed out.
[WARN] Skipping prompt (1249 chars): Request timed out.
[WARN] Skipping prompt (1380 chars): Request timed out.
[WARN] Skipping prompt (1289 chars): Request timed out.
[WARN] Skipping prompt (2297 chars): Request timed out.
[WARN] Skipping prompt (2223 chars): Request timed out.
[WARN] Skipping prompt (1379 chars): Request timed out.
[WARN] Skipping prompt (1822 chars): Request timed out.
[WARN] Skipping prompt (1767 chars): Request timed out.
[WARN] Skipping prompt (1883 chars): Request timed out.
[WARN] Skipping prompt (2073 chars): Request timed out.
[WARN] Skipping prompt (1578 chars): Request timed out.
[WARN] Skipping prompt (1100 chars): Request timed out.
[WARN] Skipping prompt (1370 chars): Request timed out.
[WARN] Skipping prompt (1576 chars): Request timed out.
[WARN] Skipping prompt (1355 chars): Request timed out.
[WARN] Skipping prompt (1524 chars): Request timed out.
Inference:  83%|██████████████████████████████████████████████████████████████████████████████████▌                 | 19/23 [9:29:21<2:00:13, 1803.30s/it][WARN] Skipping prompt (1561 chars): Request timed out.
[WARN] Skipping prompt (1669 chars): Request timed out.
[WARN] Skipping prompt (1577 chars): Request timed out.
[WARN] Skipping prompt (1385 chars): Request timed out.
[WARN] Skipping prompt (1499 chars): Request timed out.
[WARN] Skipping prompt (1392 chars): Request timed out.
[WARN] Skipping prompt (1834 chars): Request timed out.
[WARN] Skipping prompt (1873 chars): Request timed out.
[WARN] Skipping prompt (1293 chars): Request timed out.
[WARN] Skipping prompt (1844 chars): Request timed out.
[WARN] Skipping prompt (1891 chars): Request timed out.
[WARN] Skipping prompt (1832 chars): Request timed out.
[WARN] Skipping prompt (2869 chars): Request timed out.
[WARN] Skipping prompt (1462 chars): Request timed out.
[WARN] Skipping prompt (1337 chars): Request timed out.
[WARN] Skipping prompt (1423 chars): Request timed out.
[WARN] Skipping prompt (1652 chars): Request timed out.
[WARN] Skipping prompt (1408 chars): Request timed out.
[WARN] Skipping prompt (1404 chars): Request timed out.
[WARN] Skipping prompt (1428 chars): Request timed out.
[WARN] Skipping prompt (1516 chars): Request timed out.
[WARN] Skipping prompt (2309 chars): Request timed out.
[WARN] Skipping prompt (1146 chars): Request timed out.
[WARN] Skipping prompt (1391 chars): Request timed out.
[WARN] Skipping prompt (1391 chars): Request timed out.
[WARN] Skipping prompt (1602 chars): Request timed out.
[WARN] Skipping prompt (1329 chars): Request timed out.
[WARN] Skipping prompt (1353 chars): Request timed out.
[WARN] Skipping prompt (2023 chars): Request timed out.
[WARN] Skipping prompt (2204 chars): Request timed out.
[WARN] Skipping prompt (1345 chars): Request timed out.
[WARN] Skipping prompt (1179 chars): Request timed out.
[WARN] Skipping prompt (2163 chars): Request timed out.
[WARN] Skipping prompt (1618 chars): Request timed out.
[WARN] Skipping prompt (1532 chars): Request timed out.
[WARN] Skipping prompt (1743 chars): Request timed out.
[WARN] Skipping prompt (1843 chars): Request timed out.
[WARN] Skipping prompt (1230 chars): Request timed out.
[WARN] Skipping prompt (2541 chars): Request timed out.
[WARN] Skipping prompt (1191 chars): Request timed out.
[WARN] Skipping prompt (1625 chars): Request timed out.
[WARN] Skipping prompt (1848 chars): Request timed out.
[WARN] Skipping prompt (1399 chars): Request timed out.
[WARN] Skipping prompt (1532 chars): Request timed out.
[WARN] Skipping prompt (1497 chars): Request timed out.
[WARN] Skipping prompt (1655 chars): Request timed out.
[WARN] Skipping prompt (1177 chars): Request timed out.
[WARN] Skipping prompt (1699 chars): Request timed out.
[WARN] Skipping prompt (1280 chars): Request timed out.
[WARN] Skipping prompt (2292 chars): Request timed out.
[WARN] Skipping prompt (1507 chars): Request timed out.
[WARN] Skipping prompt (1627 chars): Request timed out.
[WARN] Skipping prompt (1374 chars): Request timed out.
[WARN] Skipping prompt (1997 chars): Request timed out.
[WARN] Skipping prompt (1495 chars): Request timed out.
[WARN] Skipping prompt (1528 chars): Request timed out.
[WARN] Skipping prompt (1242 chars): Request timed out.
[WARN] Skipping prompt (2856 chars): Request timed out.
[WARN] Skipping prompt (1386 chars): Request timed out.
[WARN] Skipping prompt (1611 chars): Request timed out.
[WARN] Skipping prompt (1368 chars): Request timed out.
[WARN] Skipping prompt (1644 chars): Request timed out.
[WARN] Skipping prompt (1357 chars): Request timed out.
[WARN] Skipping prompt (1623 chars): Request timed out.
Inference:  87%|██████████████████████████████████████████████████████████████████████████████████████▉             | 20/23 [9:59:25<1:30:09, 1803.32s/it][WARN] Skipping prompt (1630 chars): Request timed out.
[WARN] Skipping prompt (2220 chars): Request timed out.
[WARN] Skipping prompt (1774 chars): Request timed out.
[WARN] Skipping prompt (1412 chars): Request timed out.
[WARN] Skipping prompt (1443 chars): Request timed out.
[WARN] Skipping prompt (1398 chars): Request timed out.
[WARN] Skipping prompt (1839 chars): Request timed out.
[WARN] Skipping prompt (2048 chars): Request timed out.
[WARN] Skipping prompt (1410 chars): Request timed out.
[WARN] Skipping prompt (1360 chars): Request timed out.
[WARN] Skipping prompt (1195 chars): Request timed out.
[WARN] Skipping prompt (1184 chars): Request timed out.
[WARN] Skipping prompt (1374 chars): Request timed out.
[WARN] Skipping prompt (1623 chars): Request timed out.
[WARN] Skipping prompt (1167 chars): Request timed out.
[WARN] Skipping prompt (1395 chars): Request timed out.
[WARN] Skipping prompt (1389 chars): Request timed out.
[WARN] Skipping prompt (1453 chars): Request timed out.
[WARN] Skipping prompt (1447 chars): Request timed out.
[WARN] Skipping prompt (1646 chars): Request timed out.
[WARN] Skipping prompt (1455 chars): Request timed out.
[WARN] Skipping prompt (1447 chars): Request timed out.
[WARN] Skipping prompt (1624 chars): Request timed out.
[WARN] Skipping prompt (1402 chars): Request timed out.
[WARN] Skipping prompt (1712 chars): Request timed out.
[WARN] Skipping prompt (1357 chars): Request timed out.
[WARN] Skipping prompt (1625 chars): Request timed out.
[WARN] Skipping prompt (1872 chars): Request timed out.
[WARN] Skipping prompt (1648 chars): Request timed out.
[WARN] Skipping prompt (1402 chars): Request timed out.
[WARN] Skipping prompt (1751 chars): Request timed out.
[WARN] Skipping prompt (1281 chars): Request timed out.
[WARN] Skipping prompt (1294 chars): Request timed out.
[WARN] Skipping prompt (1505 chars): Request timed out.
[WARN] Skipping prompt (1801 chars): Request timed out.
[WARN] Skipping prompt (1698 chars): Request timed out.
[WARN] Skipping prompt (1955 chars): Request timed out.
[WARN] Skipping prompt (1425 chars): Request timed out.
[WARN] Skipping prompt (2208 chars): Request timed out.
[WARN] Skipping prompt (1703 chars): Request timed out.
[WARN] Skipping prompt (1472 chars): Request timed out.
[WARN] Skipping prompt (1390 chars): Request timed out.
[WARN] Skipping prompt (1268 chars): Request timed out.
[WARN] Skipping prompt (2097 chars): Request timed out.
[WARN] Skipping prompt (1980 chars): Request timed out.
[WARN] Skipping prompt (1872 chars): Request timed out.
[WARN] Skipping prompt (1359 chars): Request timed out.
[WARN] Skipping prompt (1630 chars): Request timed out.
[WARN] Skipping prompt (1681 chars): Request timed out.
[WARN] Skipping prompt (1201 chars): Request timed out.
[WARN] Skipping prompt (1292 chars): Request timed out.
[WARN] Skipping prompt (1501 chars): Request timed out.
[WARN] Skipping prompt (1767 chars): Request timed out.
[WARN] Skipping prompt (1659 chars): Request timed out.
[WARN] Skipping prompt (1407 chars): Request timed out.
[WARN] Skipping prompt (1835 chars): Request timed out.
[WARN] Skipping prompt (1502 chars): Request timed out.
[WARN] Skipping prompt (1686 chars): Request timed out.
[WARN] Skipping prompt (1415 chars): Request timed out.
[WARN] Skipping prompt (1365 chars): Request timed out.
[WARN] Skipping prompt (1346 chars): Request timed out.
[WARN] Skipping prompt (1358 chars): Request timed out.
[WARN] Skipping prompt (1676 chars): Request timed out.
[WARN] Skipping prompt (1267 chars): Request timed out.
Inference:  91%|██████████████████████████████████████████████████████████████████████████████████████████▍        | 21/23 [10:29:28<1:00:06, 1803.31s/it]