Inference:   0%|                                                                                                                   | 0/33 [00:00<?, ?it/s][WARN] Skipping prompt (1143 chars): Request timed out.
[WARN] Skipping prompt (1267 chars): Request timed out.
[WARN] Skipping prompt (1741 chars): Request timed out.
[WARN] Skipping prompt (1225 chars): Request timed out.
[WARN] Skipping prompt (1232 chars): Request timed out.
[WARN] Skipping prompt (1192 chars): Request timed out.
[WARN] Skipping prompt (945 chars): Request timed out.
[WARN] Skipping prompt (959 chars): Request timed out.
[WARN] Skipping prompt (1542 chars): Request timed out.
[WARN] Skipping prompt (1719 chars): Request timed out.
[WARN] Skipping prompt (1152 chars): Request timed out.
[WARN] Skipping prompt (2067 chars): Request timed out.
[WARN] Skipping prompt (1646 chars): Request timed out.
[WARN] Skipping prompt (964 chars): Request timed out.
[WARN] Skipping prompt (971 chars): Request timed out.
[WARN] Skipping prompt (1206 chars): Request timed out.
[WARN] Skipping prompt (1004 chars): Request timed out.
[WARN] Skipping prompt (1479 chars): Request timed out.
[WARN] Skipping prompt (1143 chars): Request timed out.
[WARN] Skipping prompt (1398 chars): Request timed out.
[WARN] Skipping prompt (1165 chars): Request timed out.
[WARN] Skipping prompt (2022 chars): Request timed out.
[WARN] Skipping prompt (1669 chars): Request timed out.
[WARN] Skipping prompt (1082 chars): Request timed out.
[WARN] Skipping prompt (1070 chars): Request timed out.
[WARN] Skipping prompt (1155 chars): Request timed out.
[WARN] Skipping prompt (1106 chars): Request timed out.
[WARN] Skipping prompt (1569 chars): Request timed out.
[WARN] Skipping prompt (1110 chars): Request timed out.
[WARN] Skipping prompt (1092 chars): Request timed out.
[WARN] Skipping prompt (1298 chars): Request timed out.
[WARN] Skipping prompt (1557 chars): Request timed out.
[WARN] Skipping prompt (1408 chars): Request timed out.
[WARN] Skipping prompt (1210 chars): Request timed out.
[WARN] Skipping prompt (1081 chars): Request timed out.
[WARN] Skipping prompt (1297 chars): Request timed out.
[WARN] Skipping prompt (1173 chars): Request timed out.
[WARN] Skipping prompt (1222 chars): Request timed out.
Inference:   3%|███                                                                                                   | 1/33 [30:03<16:01:52, 1803.53s/it]Inference:   6%|██████▏                                                                                               | 2/33 [56:25<14:24:36, 1673.42s/it][WARN] Skipping prompt (1060 chars): Request timed out.
[WARN] Skipping prompt (944 chars): Request timed out.
[WARN] Skipping prompt (2167 chars): Request timed out.
[WARN] Skipping prompt (1059 chars): Request timed out.
[WARN] Skipping prompt (1550 chars): Request timed out.
[WARN] Skipping prompt (1256 chars): Request timed out.
[WARN] Skipping prompt (949 chars): Request timed out.
[WARN] Skipping prompt (934 chars): Request timed out.
[WARN] Skipping prompt (1313 chars): Request timed out.
[WARN] Skipping prompt (1102 chars): Request timed out.
[WARN] Skipping prompt (1349 chars): Request timed out.
[WARN] Skipping prompt (1275 chars): Request timed out.
[WARN] Skipping prompt (1114 chars): Request timed out.
[WARN] Skipping prompt (1251 chars): Request timed out.
[WARN] Skipping prompt (1095 chars): Request timed out.
[WARN] Skipping prompt (978 chars): Request timed out.
[WARN] Skipping prompt (1155 chars): Request timed out.
[WARN] Skipping prompt (1208 chars): Request timed out.
[WARN] Skipping prompt (1176 chars): Request timed out.
[WARN] Skipping prompt (1141 chars): Request timed out.
[WARN] Skipping prompt (1080 chars): Request timed out.
[WARN] Skipping prompt (1178 chars): Request timed out.
[WARN] Skipping prompt (1425 chars): Request timed out.
[WARN] Skipping prompt (1176 chars): Request timed out.
[WARN] Skipping prompt (1506 chars): Request timed out.
[WARN] Skipping prompt (976 chars): Request timed out.
[WARN] Skipping prompt (1398 chars): Request timed out.
[WARN] Skipping prompt (801 chars): Request timed out.
[WARN] Skipping prompt (1063 chars): Request timed out.
[WARN] Skipping prompt (1137 chars): Request timed out.
[WARN] Skipping prompt (1112 chars): Request timed out.
[WARN] Skipping prompt (1176 chars): Request timed out.
[WARN] Skipping prompt (1114 chars): Request timed out.
[WARN] Skipping prompt (1099 chars): Request timed out.
[WARN] Skipping prompt (1053 chars): Request timed out.
[WARN] Skipping prompt (1091 chars): Request timed out.
[WARN] Skipping prompt (1516 chars): Request timed out.
[WARN] Skipping prompt (1275 chars): Request timed out.
[WARN] Skipping prompt (1029 chars): Request timed out.
[WARN] Skipping prompt (1919 chars): Request timed out.
[WARN] Skipping prompt (829 chars): Request timed out.
[WARN] Skipping prompt (1652 chars): Request timed out.
[WARN] Skipping prompt (1287 chars): Request timed out.
[WARN] Skipping prompt (915 chars): Request timed out.
[WARN] Skipping prompt (1151 chars): Request timed out.
[WARN] Skipping prompt (976 chars): Request timed out.
[WARN] Skipping prompt (1299 chars): Request timed out.
[WARN] Skipping prompt (1166 chars): Request timed out.
Inference:   9%|█████████                                                                                           | 3/33 [1:26:29<14:26:21, 1732.73s/it][WARN] Skipping prompt (2074 chars): Request timed out.
[WARN] Skipping prompt (888 chars): Request timed out.
[WARN] Skipping prompt (1072 chars): Request timed out.
[WARN] Skipping prompt (1051 chars): Request timed out.
[WARN] Skipping prompt (1219 chars): Request timed out.
[WARN] Skipping prompt (1453 chars): Request timed out.
[WARN] Skipping prompt (1103 chars): Request timed out.
[WARN] Skipping prompt (894 chars): Request timed out.
[WARN] Skipping prompt (1624 chars): Request timed out.
[WARN] Skipping prompt (1187 chars): Request timed out.
[WARN] Skipping prompt (978 chars): Request timed out.
[WARN] Skipping prompt (1366 chars): Request timed out.
[WARN] Skipping prompt (1561 chars): Request timed out.
[WARN] Skipping prompt (1147 chars): Request timed out.
[WARN] Skipping prompt (906 chars): Request timed out.
[WARN] Skipping prompt (1337 chars): Request timed out.
[WARN] Skipping prompt (1043 chars): Request timed out.
[WARN] Skipping prompt (805 chars): Request timed out.
[WARN] Skipping prompt (1636 chars): Request timed out.
[WARN] Skipping prompt (1632 chars): Request timed out.
[WARN] Skipping prompt (1208 chars): Request timed out.
[WARN] Skipping prompt (1073 chars): Request timed out.
[WARN] Skipping prompt (1907 chars): Request timed out.
[WARN] Skipping prompt (963 chars): Request timed out.
[WARN] Skipping prompt (1835 chars): Request timed out.
[WARN] Skipping prompt (1202 chars): Request timed out.
[WARN] Skipping prompt (1184 chars): Request timed out.
[WARN] Skipping prompt (805 chars): Request timed out.
[WARN] Skipping prompt (1096 chars): Request timed out.
[WARN] Skipping prompt (1111 chars): Request timed out.
[WARN] Skipping prompt (1097 chars): Request timed out.
[WARN] Skipping prompt (1116 chars): Request timed out.
[WARN] Skipping prompt (1226 chars): Request timed out.
[WARN] Skipping prompt (947 chars): Request timed out.
[WARN] Skipping prompt (1284 chars): Request timed out.
[WARN] Skipping prompt (1312 chars): Request timed out.
[WARN] Skipping prompt (1837 chars): Request timed out.
[WARN] Skipping prompt (1315 chars): Request timed out.
[WARN] Skipping prompt (1210 chars): Request timed out.
[WARN] Skipping prompt (1226 chars): Request timed out.
[WARN] Skipping prompt (2010 chars): Request timed out.
[WARN] Skipping prompt (1035 chars): Request timed out.
[WARN] Skipping prompt (1100 chars): Request timed out.
[WARN] Skipping prompt (1057 chars): Request timed out.
[WARN] Skipping prompt (1067 chars): Request timed out.
[WARN] Skipping prompt (1187 chars): Request timed out.
Inference:  12%|████████████                                                                                        | 4/33 [1:56:32<14:10:58, 1760.65s/it][WARN] Skipping prompt (1288 chars): Request timed out.
[WARN] Skipping prompt (1090 chars): Request timed out.
[WARN] Skipping prompt (1088 chars): Request timed out.
[WARN] Skipping prompt (1699 chars): Request timed out.
[WARN] Skipping prompt (955 chars): Request timed out.
[WARN] Skipping prompt (985 chars): Request timed out.
[WARN] Skipping prompt (1316 chars): Request timed out.
[WARN] Skipping prompt (1032 chars): Request timed out.
[WARN] Skipping prompt (1132 chars): Request timed out.
[WARN] Skipping prompt (1104 chars): Request timed out.
[WARN] Skipping prompt (830 chars): Request timed out.
[WARN] Skipping prompt (1682 chars): Request timed out.
[WARN] Skipping prompt (1305 chars): Request timed out.
[WARN] Skipping prompt (1386 chars): Request timed out.
[WARN] Skipping prompt (1239 chars): Request timed out.
[WARN] Skipping prompt (1565 chars): Request timed out.
[WARN] Skipping prompt (1146 chars): Request timed out.
[WARN] Skipping prompt (1095 chars): Request timed out.
[WARN] Skipping prompt (1240 chars): Request timed out.
[WARN] Skipping prompt (1157 chars): Request timed out.
[WARN] Skipping prompt (1189 chars): Request timed out.
[WARN] Skipping prompt (1182 chars): Request timed out.
[WARN] Skipping prompt (1057 chars): Request timed out.
[WARN] Skipping prompt (1023 chars): Request timed out.
[WARN] Skipping prompt (951 chars): Request timed out.
[WARN] Skipping prompt (1525 chars): Request timed out.
[WARN] Skipping prompt (1568 chars): Request timed out.
[WARN] Skipping prompt (1147 chars): Request timed out.
[WARN] Skipping prompt (1211 chars): Request timed out.
[WARN] Skipping prompt (1151 chars): Request timed out.
[WARN] Skipping prompt (1080 chars): Request timed out.
[WARN] Skipping prompt (2136 chars): Request timed out.
[WARN] Skipping prompt (995 chars): Request timed out.
[WARN] Skipping prompt (1133 chars): Request timed out.
[WARN] Skipping prompt (1385 chars): Request timed out.
[WARN] Skipping prompt (1183 chars): Request timed out.
[WARN] Skipping prompt (1495 chars): Request timed out.
[WARN] Skipping prompt (1859 chars): Request timed out.
[WARN] Skipping prompt (1482 chars): Request timed out.
Inference:  15%|███████████████▏                                                                                    | 5/33 [2:26:35<13:48:49, 1776.04s/it][WARN] Skipping prompt (1014 chars): Request timed out.
[WARN] Skipping prompt (1189 chars): Request timed out.
[WARN] Skipping prompt (984 chars): Request timed out.
[WARN] Skipping prompt (1060 chars): Request timed out.
[WARN] Skipping prompt (1190 chars): Request timed out.
[WARN] Skipping prompt (1752 chars): Request timed out.
[WARN] Skipping prompt (931 chars): Request timed out.
[WARN] Skipping prompt (1486 chars): Request timed out.
[WARN] Skipping prompt (1269 chars): Request timed out.
[WARN] Skipping prompt (1205 chars): Request timed out.
[WARN] Skipping prompt (1888 chars): Request timed out.
[WARN] Skipping prompt (1373 chars): Request timed out.
[WARN] Skipping prompt (1080 chars): Request timed out.
[WARN] Skipping prompt (1197 chars): Request timed out.
[WARN] Skipping prompt (1172 chars): Request timed out.
[WARN] Skipping prompt (903 chars): Request timed out.
[WARN] Skipping prompt (1147 chars): Request timed out.
[WARN] Skipping prompt (1493 chars): Request timed out.
[WARN] Skipping prompt (1009 chars): Request timed out.
[WARN] Skipping prompt (1138 chars): Request timed out.
[WARN] Skipping prompt (1144 chars): Request timed out.
[WARN] Skipping prompt (1352 chars): Request timed out.
[WARN] Skipping prompt (1812 chars): Request timed out.
[WARN] Skipping prompt (1205 chars): Request timed out.
[WARN] Skipping prompt (892 chars): Request timed out.
[WARN] Skipping prompt (1384 chars): Request timed out.
[WARN] Skipping prompt (1230 chars): Request timed out.
[WARN] Skipping prompt (1146 chars): Request timed out.
[WARN] Skipping prompt (1142 chars): Request timed out.
[WARN] Skipping prompt (882 chars): Request timed out.
[WARN] Skipping prompt (1113 chars): Request timed out.
[WARN] Skipping prompt (1123 chars): Request timed out.
[WARN] Skipping prompt (1194 chars): Request timed out.
[WARN] Skipping prompt (954 chars): Request timed out.
[WARN] Skipping prompt (1884 chars): Request timed out.
[WARN] Skipping prompt (1244 chars): Request timed out.
Inference:  18%|██████████████████▏                                                                                 | 6/33 [2:56:39<13:23:24, 1785.34s/it][WARN] Skipping prompt (1268 chars): Request timed out.
[WARN] Skipping prompt (1047 chars): Request timed out.
[WARN] Skipping prompt (1342 chars): Request timed out.
[WARN] Skipping prompt (2456 chars): Request timed out.
[WARN] Skipping prompt (1049 chars): Request timed out.
[WARN] Skipping prompt (1816 chars): Request timed out.
[WARN] Skipping prompt (918 chars): Request timed out.
[WARN] Skipping prompt (1720 chars): Request timed out.
[WARN] Skipping prompt (1122 chars): Request timed out.
[WARN] Skipping prompt (1289 chars): Request timed out.
[WARN] Skipping prompt (1274 chars): Request timed out.
[WARN] Skipping prompt (971 chars): Request timed out.
[WARN] Skipping prompt (1366 chars): Request timed out.
[WARN] Skipping prompt (976 chars): Request timed out.
[WARN] Skipping prompt (1251 chars): Request timed out.
[WARN] Skipping prompt (1369 chars): Request timed out.
[WARN] Skipping prompt (1144 chars): Request timed out.
[WARN] Skipping prompt (1044 chars): Request timed out.
[WARN] Skipping prompt (991 chars): Request timed out.
[WARN] Skipping prompt (1398 chars): Request timed out.
[WARN] Skipping prompt (1012 chars): Request timed out.
[WARN] Skipping prompt (1386 chars): Request timed out.
[WARN] Skipping prompt (1862 chars): Request timed out.
[WARN] Skipping prompt (1435 chars): Request timed out.
[WARN] Skipping prompt (1226 chars): Request timed out.
[WARN] Skipping prompt (1000 chars): Request timed out.
[WARN] Skipping prompt (1439 chars): Request timed out.
[WARN] Skipping prompt (1423 chars): Request timed out.
[WARN] Skipping prompt (904 chars): Request timed out.
[WARN] Skipping prompt (1386 chars): Request timed out.
[WARN] Skipping prompt (1347 chars): Request timed out.
[WARN] Skipping prompt (1165 chars): Request timed out.
[WARN] Skipping prompt (1814 chars): Request timed out.
[WARN] Skipping prompt (1105 chars): Request timed out.
[WARN] Skipping prompt (1490 chars): Request timed out.
[WARN] Skipping prompt (958 chars): Request timed out.
[WARN] Skipping prompt (1075 chars): Request timed out.
[WARN] Skipping prompt (1421 chars): Request timed out.
[WARN] Skipping prompt (1381 chars): Request timed out.
[WARN] Skipping prompt (1302 chars): Request timed out.
Inference:  21%|█████████████████████▏                                                                              | 7/33 [3:26:42<12:56:12, 1791.24s/it][WARN] Skipping prompt (1072 chars): Request timed out.
[WARN] Skipping prompt (1098 chars): Request timed out.
[WARN] Skipping prompt (1200 chars): Request timed out.
[WARN] Skipping prompt (1441 chars): Request timed out.
[WARN] Skipping prompt (1147 chars): Request timed out.
[WARN] Skipping prompt (1001 chars): Request timed out.
[WARN] Skipping prompt (999 chars): Request timed out.
[WARN] Skipping prompt (1077 chars): Request timed out.
[WARN] Skipping prompt (1602 chars): Request timed out.
[WARN] Skipping prompt (968 chars): Request timed out.
[WARN] Skipping prompt (993 chars): Request timed out.
[WARN] Skipping prompt (1178 chars): Request timed out.
[WARN] Skipping prompt (1285 chars): Request timed out.
[WARN] Skipping prompt (1228 chars): Request timed out.
[WARN] Skipping prompt (960 chars): Request timed out.
[WARN] Skipping prompt (1046 chars): Request timed out.
[WARN] Skipping prompt (1396 chars): Request timed out.
[WARN] Skipping prompt (1307 chars): Request timed out.
[WARN] Skipping prompt (1243 chars): Request timed out.
[WARN] Skipping prompt (1550 chars): Request timed out.
[WARN] Skipping prompt (1161 chars): Request timed out.
[WARN] Skipping prompt (1184 chars): Request timed out.
[WARN] Skipping prompt (1053 chars): Request timed out.
[WARN] Skipping prompt (1199 chars): Request timed out.
[WARN] Skipping prompt (1446 chars): Request timed out.
[WARN] Skipping prompt (1094 chars): Request timed out.
[WARN] Skipping prompt (1426 chars): Request timed out.
[WARN] Skipping prompt (1058 chars): Request timed out.
[WARN] Skipping prompt (1202 chars): Request timed out.
[WARN] Skipping prompt (1473 chars): Request timed out.
[WARN] Skipping prompt (1151 chars): Request timed out.
[WARN] Skipping prompt (1374 chars): Request timed out.
[WARN] Skipping prompt (944 chars): Request timed out.
[WARN] Skipping prompt (1425 chars): Request timed out.
[WARN] Skipping prompt (1382 chars): Request timed out.
[WARN] Skipping prompt (1498 chars): Request timed out.
[WARN] Skipping prompt (1580 chars): Request timed out.
[WARN] Skipping prompt (999 chars): Request timed out.
[WARN] Skipping prompt (1235 chars): Request timed out.
[WARN] Skipping prompt (1036 chars): Request timed out.
Inference:  24%|████████████████████████▏                                                                           | 8/33 [3:56:46<12:27:57, 1795.10s/it][WARN] Skipping prompt (1049 chars): Request timed out.
[WARN] Skipping prompt (1169 chars): Request timed out.
[WARN] Skipping prompt (1675 chars): Request timed out.
[WARN] Skipping prompt (1370 chars): Request timed out.
[WARN] Skipping prompt (1136 chars): Request timed out.
[WARN] Skipping prompt (1036 chars): Request timed out.
[WARN] Skipping prompt (1115 chars): Request timed out.
[WARN] Skipping prompt (1214 chars): Request timed out.
[WARN] Skipping prompt (1501 chars): Request timed out.
[WARN] Skipping prompt (1434 chars): Request timed out.
[WARN] Skipping prompt (1297 chars): Request timed out.
[WARN] Skipping prompt (1392 chars): Request timed out.
[WARN] Skipping prompt (1105 chars): Request timed out.
[WARN] Skipping prompt (2166 chars): Request timed out.
[WARN] Skipping prompt (1527 chars): Request timed out.
[WARN] Skipping prompt (1122 chars): Request timed out.
[WARN] Skipping prompt (1430 chars): Request timed out.
[WARN] Skipping prompt (1143 chars): Request timed out.
[WARN] Skipping prompt (1034 chars): Request timed out.
[WARN] Skipping prompt (1374 chars): Request timed out.
[WARN] Skipping prompt (1069 chars): Request timed out.
[WARN] Skipping prompt (1105 chars): Request timed out.
[WARN] Skipping prompt (1323 chars): Request timed out.
[WARN] Skipping prompt (1597 chars): Request timed out.
[WARN] Skipping prompt (1284 chars): Request timed out.
[WARN] Skipping prompt (1645 chars): Request timed out.
[WARN] Skipping prompt (1032 chars): Request timed out.
[WARN] Skipping prompt (1548 chars): Request timed out.
[WARN] Skipping prompt (1044 chars): Request timed out.
[WARN] Skipping prompt (1593 chars): Request timed out.
[WARN] Skipping prompt (1287 chars): Request timed out.
[WARN] Skipping prompt (1082 chars): Request timed out.
[WARN] Skipping prompt (1141 chars): Request timed out.
[WARN] Skipping prompt (1106 chars): Request timed out.
[WARN] Skipping prompt (1177 chars): Request timed out.
[WARN] Skipping prompt (1054 chars): Request timed out.
[WARN] Skipping prompt (1473 chars): Request timed out.
[WARN] Skipping prompt (1943 chars): Request timed out.
[WARN] Skipping prompt (1370 chars): Request timed out.
Inference:  27%|███████████████████████████▎                                                                        | 9/33 [4:26:49<11:59:04, 1797.70s/it][WARN] Skipping prompt (1557 chars): Request timed out.
[WARN] Skipping prompt (1050 chars): Request timed out.
[WARN] Skipping prompt (1980 chars): Request timed out.
[WARN] Skipping prompt (1098 chars): Request timed out.
[WARN] Skipping prompt (989 chars): Request timed out.
[WARN] Skipping prompt (1268 chars): Request timed out.
[WARN] Skipping prompt (1091 chars): Request timed out.
[WARN] Skipping prompt (1363 chars): Request timed out.
[WARN] Skipping prompt (1046 chars): Request timed out.
[WARN] Skipping prompt (1819 chars): Request timed out.
[WARN] Skipping prompt (986 chars): Request timed out.
[WARN] Skipping prompt (1012 chars): Request timed out.
[WARN] Skipping prompt (1327 chars): Request timed out.
[WARN] Skipping prompt (1561 chars): Request timed out.
[WARN] Skipping prompt (1409 chars): Request timed out.
[WARN] Skipping prompt (2076 chars): Request timed out.
[WARN] Skipping prompt (1541 chars): Request timed out.
[WARN] Skipping prompt (1057 chars): Request timed out.
[WARN] Skipping prompt (1564 chars): Request timed out.
[WARN] Skipping prompt (1529 chars): Request timed out.
[WARN] Skipping prompt (1323 chars): Request timed out.
[WARN] Skipping prompt (1284 chars): Request timed out.
[WARN] Skipping prompt (1169 chars): Request timed out.
[WARN] Skipping prompt (953 chars): Request timed out.
[WARN] Skipping prompt (2180 chars): Request timed out.
[WARN] Skipping prompt (1034 chars): Request timed out.
[WARN] Skipping prompt (1559 chars): Request timed out.
[WARN] Skipping prompt (1513 chars): Request timed out.
[WARN] Skipping prompt (1339 chars): Request timed out.
[WARN] Skipping prompt (1730 chars): Request timed out.
[WARN] Skipping prompt (1694 chars): Request timed out.
[WARN] Skipping prompt (1224 chars): Request timed out.
[WARN] Skipping prompt (1130 chars): Request timed out.
[WARN] Skipping prompt (1250 chars): Request timed out.
[WARN] Skipping prompt (1567 chars): Request timed out.
[WARN] Skipping prompt (1360 chars): Request timed out.
[WARN] Skipping prompt (1767 chars): Request timed out.
[WARN] Skipping prompt (1181 chars): Request timed out.
Inference:  30%|██████████████████████████████                                                                     | 10/33 [4:56:52<11:29:47, 1799.44s/it][WARN] Skipping prompt (1202 chars): Request timed out.
[WARN] Skipping prompt (1409 chars): Request timed out.
[WARN] Skipping prompt (1912 chars): Request timed out.
[WARN] Skipping prompt (1043 chars): Request timed out.
[WARN] Skipping prompt (1262 chars): Request timed out.
[WARN] Skipping prompt (1551 chars): Request timed out.
[WARN] Skipping prompt (1118 chars): Request timed out.
[WARN] Skipping prompt (1742 chars): Request timed out.
[WARN] Skipping prompt (1117 chars): Request timed out.
[WARN] Skipping prompt (1421 chars): Request timed out.
[WARN] Skipping prompt (1285 chars): Request timed out.
[WARN] Skipping prompt (977 chars): Request timed out.
[WARN] Skipping prompt (1300 chars): Request timed out.
[WARN] Skipping prompt (1071 chars): Request timed out.
[WARN] Skipping prompt (1430 chars): Request timed out.
[WARN] Skipping prompt (988 chars): Request timed out.
[WARN] Skipping prompt (1291 chars): Request timed out.
[WARN] Skipping prompt (1506 chars): Request timed out.
[WARN] Skipping prompt (1221 chars): Request timed out.
[WARN] Skipping prompt (1566 chars): Request timed out.
[WARN] Skipping prompt (881 chars): Request timed out.
[WARN] Skipping prompt (1162 chars): Request timed out.
[WARN] Skipping prompt (1117 chars): Request timed out.
[WARN] Skipping prompt (1181 chars): Request timed out.
[WARN] Skipping prompt (1532 chars): Request timed out.
[WARN] Skipping prompt (1005 chars): Request timed out.
[WARN] Skipping prompt (1840 chars): Request timed out.
[WARN] Skipping prompt (1112 chars): Request timed out.
[WARN] Skipping prompt (1247 chars): Request timed out.
[WARN] Skipping prompt (979 chars): Request timed out.
[WARN] Skipping prompt (1147 chars): Request timed out.
[WARN] Skipping prompt (1398 chars): Request timed out.
[WARN] Skipping prompt (1001 chars): Request timed out.
[WARN] Skipping prompt (1917 chars): Request timed out.
[WARN] Skipping prompt (858 chars): Request timed out.
[WARN] Skipping prompt (2573 chars): Request timed out.
Inference:  33%|█████████████████████████████████                                                                  | 11/33 [5:26:56<11:00:14, 1800.64s/it][WARN] Skipping prompt (1293 chars): Request timed out.
[WARN] Skipping prompt (1274 chars): Request timed out.
[WARN] Skipping prompt (987 chars): Request timed out.
[WARN] Skipping prompt (1223 chars): Request timed out.
[WARN] Skipping prompt (1432 chars): Request timed out.
[WARN] Skipping prompt (1770 chars): Request timed out.
[WARN] Skipping prompt (1522 chars): Request timed out.
[WARN] Skipping prompt (1907 chars): Request timed out.
[WARN] Skipping prompt (1015 chars): Request timed out.
[WARN] Skipping prompt (1221 chars): Request timed out.
[WARN] Skipping prompt (1308 chars): Request timed out.
[WARN] Skipping prompt (1276 chars): Request timed out.
[WARN] Skipping prompt (1162 chars): Request timed out.
[WARN] Skipping prompt (986 chars): Request timed out.
[WARN] Skipping prompt (1147 chars): Request timed out.
[WARN] Skipping prompt (1155 chars): Request timed out.
[WARN] Skipping prompt (1025 chars): Request timed out.
[WARN] Skipping prompt (1087 chars): Request timed out.
[WARN] Skipping prompt (790 chars): Request timed out.
[WARN] Skipping prompt (877 chars): Request timed out.
[WARN] Skipping prompt (1345 chars): Request timed out.
[WARN] Skipping prompt (1500 chars): Request timed out.
[WARN] Skipping prompt (1108 chars): Request timed out.
[WARN] Skipping prompt (1869 chars): Request timed out.
[WARN] Skipping prompt (1571 chars): Request timed out.
[WARN] Skipping prompt (1060 chars): Request timed out.
[WARN] Skipping prompt (1113 chars): Request timed out.
[WARN] Skipping prompt (1248 chars): Request timed out.
[WARN] Skipping prompt (998 chars): Request timed out.
[WARN] Skipping prompt (1439 chars): Request timed out.
[WARN] Skipping prompt (876 chars): Request timed out.
[WARN] Skipping prompt (1120 chars): Request timed out.
[WARN] Skipping prompt (1136 chars): Request timed out.
[WARN] Skipping prompt (1332 chars): Request timed out.
[WARN] Skipping prompt (993 chars): Request timed out.
[WARN] Skipping prompt (865 chars): Request timed out.
Inference:  36%|████████████████████████████████████                                                               | 12/33 [5:56:59<10:30:29, 1801.43s/it][WARN] Skipping prompt (1111 chars): Request timed out.
[WARN] Skipping prompt (1067 chars): Request timed out.
[WARN] Skipping prompt (1964 chars): Request timed out.
[WARN] Skipping prompt (1050 chars): Request timed out.
[WARN] Skipping prompt (1681 chars): Request timed out.
[WARN] Skipping prompt (1478 chars): Request timed out.
[WARN] Skipping prompt (1236 chars): Request timed out.
[WARN] Skipping prompt (1140 chars): Request timed out.
[WARN] Skipping prompt (999 chars): Request timed out.
[WARN] Skipping prompt (1007 chars): Request timed out.
[WARN] Skipping prompt (1086 chars): Request timed out.
[WARN] Skipping prompt (1085 chars): Request timed out.
[WARN] Skipping prompt (1367 chars): Request timed out.
[WARN] Skipping prompt (1095 chars): Request timed out.
[WARN] Skipping prompt (1013 chars): Request timed out.
[WARN] Skipping prompt (908 chars): Request timed out.
[WARN] Skipping prompt (1023 chars): Request timed out.
[WARN] Skipping prompt (1328 chars): Request timed out.
[WARN] Skipping prompt (1230 chars): Request timed out.
[WARN] Skipping prompt (1124 chars): Request timed out.
[WARN] Skipping prompt (1875 chars): Request timed out.
[WARN] Skipping prompt (1070 chars): Request timed out.
[WARN] Skipping prompt (1333 chars): Request timed out.
[WARN] Skipping prompt (957 chars): Request timed out.
[WARN] Skipping prompt (1194 chars): Request timed out.
[WARN] Skipping prompt (1942 chars): Request timed out.
[WARN] Skipping prompt (1232 chars): Request timed out.
[WARN] Skipping prompt (1435 chars): Request timed out.
[WARN] Skipping prompt (1243 chars): Request timed out.
[WARN] Skipping prompt (1154 chars): Request timed out.
[WARN] Skipping prompt (1022 chars): Request timed out.
[WARN] Skipping prompt (1107 chars): Request timed out.
[WARN] Skipping prompt (972 chars): Request timed out.
Inference:  39%|███████████████████████████████████████                                                            | 13/33 [6:27:02<10:00:40, 1802.02s/it][WARN] Skipping prompt (1180 chars): Request timed out.
[WARN] Skipping prompt (1024 chars): Request timed out.
[WARN] Skipping prompt (1010 chars): Request timed out.
[WARN] Skipping prompt (1328 chars): Request timed out.
[WARN] Skipping prompt (1623 chars): Request timed out.
[WARN] Skipping prompt (1023 chars): Request timed out.
[WARN] Skipping prompt (1279 chars): Request timed out.
[WARN] Skipping prompt (1611 chars): Request timed out.
[WARN] Skipping prompt (1167 chars): Request timed out.
[WARN] Skipping prompt (1248 chars): Request timed out.
[WARN] Skipping prompt (926 chars): Request timed out.
[WARN] Skipping prompt (1303 chars): Request timed out.
[WARN] Skipping prompt (1003 chars): Request timed out.
[WARN] Skipping prompt (1240 chars): Request timed out.
[WARN] Skipping prompt (1143 chars): Request timed out.
[WARN] Skipping prompt (1231 chars): Request timed out.
[WARN] Skipping prompt (1249 chars): Request timed out.
[WARN] Skipping prompt (950 chars): Request timed out.
[WARN] Skipping prompt (1132 chars): Request timed out.
[WARN] Skipping prompt (1024 chars): Request timed out.
[WARN] Skipping prompt (1422 chars): Request timed out.
[WARN] Skipping prompt (1080 chars): Request timed out.
[WARN] Skipping prompt (1294 chars): Request timed out.
[WARN] Skipping prompt (1355 chars): Request timed out.
[WARN] Skipping prompt (1173 chars): Request timed out.
[WARN] Skipping prompt (1483 chars): Request timed out.
[WARN] Skipping prompt (1243 chars): Request timed out.
[WARN] Skipping prompt (974 chars): Request timed out.
[WARN] Skipping prompt (1015 chars): Request timed out.
[WARN] Skipping prompt (1089 chars): Request timed out.
[WARN] Skipping prompt (1426 chars): Request timed out.
[WARN] Skipping prompt (1166 chars): Request timed out.
[WARN] Skipping prompt (1283 chars): Request timed out.
[WARN] Skipping prompt (981 chars): Request timed out.
[WARN] Skipping prompt (1103 chars): Request timed out.
Inference:  42%|██████████████████████████████████████████▍                                                         | 14/33 [6:57:06<9:30:46, 1802.44s/it][WARN] Skipping prompt (1157 chars): Request timed out.
[WARN] Skipping prompt (1051 chars): Request timed out.
[WARN] Skipping prompt (1729 chars): Request timed out.
[WARN] Skipping prompt (1378 chars): Request timed out.
[WARN] Skipping prompt (1037 chars): Request timed out.
[WARN] Skipping prompt (1109 chars): Request timed out.
[WARN] Skipping prompt (1403 chars): Request timed out.
[WARN] Skipping prompt (2432 chars): Request timed out.
[WARN] Skipping prompt (1076 chars): Request timed out.
[WARN] Skipping prompt (1323 chars): Request timed out.
[WARN] Skipping prompt (944 chars): Request timed out.
[WARN] Skipping prompt (1225 chars): Request timed out.
[WARN] Skipping prompt (1349 chars): Request timed out.
[WARN] Skipping prompt (952 chars): Request timed out.
[WARN] Skipping prompt (1550 chars): Request timed out.
[WARN] Skipping prompt (1239 chars): Request timed out.
[WARN] Skipping prompt (970 chars): Request timed out.
[WARN] Skipping prompt (1197 chars): Request timed out.
[WARN] Skipping prompt (1167 chars): Request timed out.
[WARN] Skipping prompt (1145 chars): Request timed out.
[WARN] Skipping prompt (978 chars): Request timed out.
[WARN] Skipping prompt (1036 chars): Request timed out.
[WARN] Skipping prompt (1005 chars): Request timed out.
[WARN] Skipping prompt (1084 chars): Request timed out.
[WARN] Skipping prompt (959 chars): Request timed out.
[WARN] Skipping prompt (1443 chars): Request timed out.
[WARN] Skipping prompt (2011 chars): Request timed out.
[WARN] Skipping prompt (953 chars): Request timed out.
[WARN] Skipping prompt (1966 chars): Request timed out.
[WARN] Skipping prompt (1101 chars): Request timed out.
[WARN] Skipping prompt (1176 chars): Request timed out.
[WARN] Skipping prompt (1804 chars): Request timed out.
[WARN] Skipping prompt (1769 chars): Request timed out.
[WARN] Skipping prompt (1076 chars): Request timed out.
[WARN] Skipping prompt (1285 chars): Request timed out.
[WARN] Skipping prompt (1058 chars): Request timed out.
Inference:  45%|█████████████████████████████████████████████▍                                                      | 15/33 [7:27:09<9:00:49, 1802.73s/it][WARN] Skipping prompt (1059 chars): Request timed out.
[WARN] Skipping prompt (1350 chars): Request timed out.
[WARN] Skipping prompt (1044 chars): Request timed out.
[WARN] Skipping prompt (1488 chars): Request timed out.
[WARN] Skipping prompt (1684 chars): Request timed out.
[WARN] Skipping prompt (2071 chars): Request timed out.
[WARN] Skipping prompt (954 chars): Request timed out.
[WARN] Skipping prompt (1130 chars): Request timed out.
[WARN] Skipping prompt (1608 chars): Request timed out.
[WARN] Skipping prompt (1425 chars): Request timed out.
[WARN] Skipping prompt (1290 chars): Request timed out.
[WARN] Skipping prompt (927 chars): Request timed out.
[WARN] Skipping prompt (1135 chars): Request timed out.
[WARN] Skipping prompt (1576 chars): Request timed out.
[WARN] Skipping prompt (1099 chars): Request timed out.
[WARN] Skipping prompt (1622 chars): Request timed out.
[WARN] Skipping prompt (1460 chars): Request timed out.
[WARN] Skipping prompt (1588 chars): Request timed out.
[WARN] Skipping prompt (1337 chars): Request timed out.
[WARN] Skipping prompt (790 chars): Request timed out.
[WARN] Skipping prompt (836 chars): Request timed out.
[WARN] Skipping prompt (1486 chars): Request timed out.
[WARN] Skipping prompt (1386 chars): Request timed out.
[WARN] Skipping prompt (1324 chars): Request timed out.
[WARN] Skipping prompt (1162 chars): Request timed out.
[WARN] Skipping prompt (1379 chars): Request timed out.
[WARN] Skipping prompt (1445 chars): Request timed out.
[WARN] Skipping prompt (1410 chars): Request timed out.
[WARN] Skipping prompt (868 chars): Request timed out.
[WARN] Skipping prompt (1179 chars): Request timed out.
[WARN] Skipping prompt (1002 chars): Request timed out.
[WARN] Skipping prompt (1326 chars): Request timed out.
[WARN] Skipping prompt (1043 chars): Request timed out.
[WARN] Skipping prompt (1112 chars): Request timed out.
Inference:  48%|████████████████████████████████████████████████▍                                                   | 16/33 [7:57:13<8:30:49, 1802.92s/it][WARN] Skipping prompt (1138 chars): Request timed out.
[WARN] Skipping prompt (1421 chars): Request timed out.
[WARN] Skipping prompt (1656 chars): Request timed out.
[WARN] Skipping prompt (2715 chars): Request timed out.
[WARN] Skipping prompt (2098 chars): Request timed out.
[WARN] Skipping prompt (1124 chars): Request timed out.
[WARN] Skipping prompt (1279 chars): Request timed out.
[WARN] Skipping prompt (1562 chars): Request timed out.
[WARN] Skipping prompt (1329 chars): Request timed out.
[WARN] Skipping prompt (4029 chars): Request timed out.
[WARN] Skipping prompt (2449 chars): Request timed out.
[WARN] Skipping prompt (1459 chars): Request timed out.
[WARN] Skipping prompt (1083 chars): Request timed out.
[WARN] Skipping prompt (2046 chars): Request timed out.
[WARN] Skipping prompt (1250 chars): Request timed out.
[WARN] Skipping prompt (3274 chars): Request timed out.
[WARN] Skipping prompt (1258 chars): Request timed out.
[WARN] Skipping prompt (1306 chars): Request timed out.
[WARN] Skipping prompt (1700 chars): Request timed out.
[WARN] Skipping prompt (1694 chars): Request timed out.
[WARN] Skipping prompt (1606 chars): Request timed out.
[WARN] Skipping prompt (1661 chars): Request timed out.
[WARN] Skipping prompt (1073 chars): Request timed out.
[WARN] Skipping prompt (1246 chars): Request timed out.
[WARN] Skipping prompt (1295 chars): Request timed out.
[WARN] Skipping prompt (1710 chars): Request timed out.
[WARN] Skipping prompt (1138 chars): Request timed out.
[WARN] Skipping prompt (886 chars): Request timed out.
[WARN] Skipping prompt (767 chars): Request timed out.
[WARN] Skipping prompt (1908 chars): Request timed out.
[WARN] Skipping prompt (945 chars): Request timed out.
[WARN] Skipping prompt (824 chars): Request timed out.
[WARN] Skipping prompt (1296 chars): Request timed out.
[WARN] Skipping prompt (1187 chars): Request timed out.
[WARN] Skipping prompt (2976 chars): Request timed out.
[WARN] Skipping prompt (1134 chars): Request timed out.
[WARN] Skipping prompt (1270 chars): Request timed out.
[WARN] Skipping prompt (1247 chars): Request timed out.
[WARN] Skipping prompt (1047 chars): Request timed out.
[WARN] Skipping prompt (880 chars): Request timed out.
[WARN] Skipping prompt (3587 chars): Request timed out.
[WARN] Skipping prompt (1287 chars): Request timed out.
[WARN] Skipping prompt (1374 chars): Request timed out.
[WARN] Skipping prompt (1378 chars): Request timed out.
Inference:  52%|███████████████████████████████████████████████████▌                                                | 17/33 [8:27:16<8:00:48, 1803.03s/it][WARN] Skipping prompt (1594 chars): Request timed out.
[WARN] Skipping prompt (936 chars): Request timed out.
[WARN] Skipping prompt (1311 chars): Request timed out.
[WARN] Skipping prompt (1662 chars): Request timed out.
[WARN] Skipping prompt (1541 chars): Request timed out.
[WARN] Skipping prompt (1441 chars): Request timed out.
[WARN] Skipping prompt (1953 chars): Request timed out.
[WARN] Skipping prompt (913 chars): Request timed out.
[WARN] Skipping prompt (1259 chars): Request timed out.
[WARN] Skipping prompt (984 chars): Request timed out.
[WARN] Skipping prompt (1495 chars): Request timed out.
[WARN] Skipping prompt (1833 chars): Request timed out.
[WARN] Skipping prompt (2014 chars): Request timed out.
[WARN] Skipping prompt (1182 chars): Request timed out.
[WARN] Skipping prompt (2929 chars): Request timed out.
[WARN] Skipping prompt (1108 chars): Request timed out.
[WARN] Skipping prompt (795 chars): Request timed out.
[WARN] Skipping prompt (890 chars): Request timed out.
[WARN] Skipping prompt (844 chars): Request timed out.
[WARN] Skipping prompt (1984 chars): Request timed out.
[WARN] Skipping prompt (823 chars): Request timed out.
[WARN] Skipping prompt (1593 chars): Request timed out.
[WARN] Skipping prompt (1362 chars): Request timed out.
[WARN] Skipping prompt (1162 chars): Request timed out.
[WARN] Skipping prompt (1568 chars): Request timed out.
[WARN] Skipping prompt (1171 chars): Request timed out.
[WARN] Skipping prompt (1294 chars): Request timed out.
[WARN] Skipping prompt (1811 chars): Request timed out.
[WARN] Skipping prompt (1205 chars): Request timed out.
[WARN] Skipping prompt (1678 chars): Request timed out.
[WARN] Skipping prompt (2628 chars): Request timed out.
[WARN] Skipping prompt (1659 chars): Request timed out.
[WARN] Skipping prompt (1016 chars): Request timed out.
[WARN] Skipping prompt (3245 chars): Request timed out.
[WARN] Skipping prompt (1049 chars): Request timed out.
[WARN] Skipping prompt (2099 chars): Request timed out.
[WARN] Skipping prompt (1660 chars): Request timed out.
[WARN] Skipping prompt (1426 chars): Request timed out.
[WARN] Skipping prompt (3451 chars): Request timed out.
[WARN] Skipping prompt (2463 chars): Request timed out.
[WARN] Skipping prompt (1595 chars): Request timed out.
[WARN] Skipping prompt (1950 chars): Request timed out.
[WARN] Skipping prompt (1299 chars): Request timed out.
[WARN] Skipping prompt (1602 chars): Request timed out.
[WARN] Skipping prompt (1207 chars): Request timed out.
Inference:  55%|██████████████████████████████████████████████████████▌                                             | 18/33 [8:57:19<7:30:46, 1803.13s/it][WARN] Skipping prompt (1332 chars): Request timed out.
[WARN] Skipping prompt (1581 chars): Request timed out.
[WARN] Skipping prompt (1317 chars): Request timed out.
[WARN] Skipping prompt (1335 chars): Request timed out.
[WARN] Skipping prompt (967 chars): Request timed out.
[WARN] Skipping prompt (975 chars): Request timed out.
[WARN] Skipping prompt (1043 chars): Request timed out.
[WARN] Skipping prompt (1096 chars): Request timed out.
[WARN] Skipping prompt (2016 chars): Request timed out.
[WARN] Skipping prompt (2333 chars): Request timed out.
[WARN] Skipping prompt (1132 chars): Request timed out.
[WARN] Skipping prompt (1363 chars): Request timed out.
[WARN] Skipping prompt (1097 chars): Request timed out.
[WARN] Skipping prompt (2397 chars): Request timed out.
[WARN] Skipping prompt (972 chars): Request timed out.
[WARN] Skipping prompt (1161 chars): Request timed out.
[WARN] Skipping prompt (1651 chars): Request timed out.
[WARN] Skipping prompt (1047 chars): Request timed out.
[WARN] Skipping prompt (932 chars): Request timed out.
[WARN] Skipping prompt (1495 chars): Request timed out.
[WARN] Skipping prompt (1844 chars): Request timed out.
[WARN] Skipping prompt (2168 chars): Request timed out.
[WARN] Skipping prompt (1220 chars): Request timed out.
[WARN] Skipping prompt (2468 chars): Request timed out.
[WARN] Skipping prompt (1748 chars): Request timed out.
[WARN] Skipping prompt (1171 chars): Request timed out.
[WARN] Skipping prompt (1333 chars): Request timed out.
[WARN] Skipping prompt (1040 chars): Request timed out.
[WARN] Skipping prompt (1323 chars): Request timed out.
[WARN] Skipping prompt (1942 chars): Request timed out.
[WARN] Skipping prompt (1540 chars): Request timed out.
[WARN] Skipping prompt (1160 chars): Request timed out.
[WARN] Skipping prompt (978 chars): Request timed out.
[WARN] Skipping prompt (915 chars): Request timed out.
[WARN] Skipping prompt (1439 chars): Request timed out.
[WARN] Skipping prompt (1080 chars): Request timed out.
[WARN] Skipping prompt (909 chars): Request timed out.
[WARN] Skipping prompt (1239 chars): Request timed out.
[WARN] Skipping prompt (1147 chars): Request timed out.
[WARN] Skipping prompt (1572 chars): Request timed out.
[WARN] Skipping prompt (1048 chars): Request timed out.
[WARN] Skipping prompt (901 chars): Request timed out.
[WARN] Skipping prompt (912 chars): Request timed out.
[WARN] Skipping prompt (1079 chars): Request timed out.
[WARN] Skipping prompt (1428 chars): Request timed out.
[WARN] Skipping prompt (1101 chars): Request timed out.
Inference:  58%|█████████████████████████████████████████████████████████▌                                          | 19/33 [9:27:23<7:00:45, 1803.22s/it][WARN] Skipping prompt (2186 chars): Request timed out.
[WARN] Skipping prompt (1220 chars): Request timed out.
[WARN] Skipping prompt (1294 chars): Request timed out.
[WARN] Skipping prompt (1392 chars): Request timed out.
[WARN] Skipping prompt (1333 chars): Request timed out.
[WARN] Skipping prompt (1325 chars): Request timed out.
[WARN] Skipping prompt (2477 chars): Request timed out.
[WARN] Skipping prompt (1155 chars): Request timed out.
[WARN] Skipping prompt (1208 chars): Request timed out.
[WARN] Skipping prompt (1457 chars): Request timed out.
[WARN] Skipping prompt (2831 chars): Request timed out.
[WARN] Skipping prompt (1098 chars): Request timed out.
[WARN] Skipping prompt (2605 chars): Request timed out.
[WARN] Skipping prompt (849 chars): Request timed out.
[WARN] Skipping prompt (1101 chars): Request timed out.
[WARN] Skipping prompt (1586 chars): Request timed out.
[WARN] Skipping prompt (1732 chars): Request timed out.
[WARN] Skipping prompt (1580 chars): Request timed out.
[WARN] Skipping prompt (1029 chars): Request timed out.
[WARN] Skipping prompt (1362 chars): Request timed out.
[WARN] Skipping prompt (1117 chars): Request timed out.
[WARN] Skipping prompt (854 chars): Request timed out.
[WARN] Skipping prompt (1139 chars): Request timed out.
[WARN] Skipping prompt (1308 chars): Request timed out.
[WARN] Skipping prompt (2107 chars): Request timed out.
[WARN] Skipping prompt (980 chars): Request timed out.
[WARN] Skipping prompt (1546 chars): Request timed out.
[WARN] Skipping prompt (972 chars): Request timed out.
[WARN] Skipping prompt (3375 chars): Request timed out.
[WARN] Skipping prompt (1676 chars): Request timed out.
[WARN] Skipping prompt (1388 chars): Request timed out.
[WARN] Skipping prompt (1223 chars): Request timed out.
[WARN] Skipping prompt (1554 chars): Request timed out.
[WARN] Skipping prompt (1230 chars): Request timed out.
[WARN] Skipping prompt (933 chars): Request timed out.
[WARN] Skipping prompt (937 chars): Request timed out.
[WARN] Skipping prompt (1669 chars): Request timed out.
[WARN] Skipping prompt (1417 chars): Request timed out.
[WARN] Skipping prompt (1660 chars): Request timed out.
[WARN] Skipping prompt (1352 chars): Request timed out.
[WARN] Skipping prompt (4182 chars): Request timed out.
[WARN] Skipping prompt (1312 chars): Request timed out.
[WARN] Skipping prompt (1180 chars): Request timed out.
[WARN] Skipping prompt (1042 chars): Request timed out.
[WARN] Skipping prompt (1700 chars): Request timed out.
[WARN] Skipping prompt (906 chars): Request timed out.
Inference:  61%|████████████████████████████████████████████████████████████▌                                       | 20/33 [9:57:26<6:30:42, 1803.26s/it][WARN] Skipping prompt (1133 chars): Request timed out.
[WARN] Skipping prompt (865 chars): Request timed out.
[WARN] Skipping prompt (826 chars): Request timed out.
[WARN] Skipping prompt (1113 chars): Request timed out.
[WARN] Skipping prompt (947 chars): Request timed out.
[WARN] Skipping prompt (1032 chars): Request timed out.
[WARN] Skipping prompt (886 chars): Request timed out.
[WARN] Skipping prompt (2485 chars): Request timed out.
[WARN] Skipping prompt (1422 chars): Request timed out.
[WARN] Skipping prompt (1406 chars): Request timed out.
[WARN] Skipping prompt (3169 chars): Request timed out.
[WARN] Skipping prompt (1009 chars): Request timed out.
[WARN] Skipping prompt (1560 chars): Request timed out.
[WARN] Skipping prompt (967 chars): Request timed out.
[WARN] Skipping prompt (993 chars): Request timed out.
[WARN] Skipping prompt (1702 chars): Request timed out.
[WARN] Skipping prompt (1243 chars): Request timed out.
[WARN] Skipping prompt (1210 chars): Request timed out.
[WARN] Skipping prompt (1193 chars): Request timed out.
[WARN] Skipping prompt (1103 chars): Request timed out.
[WARN] Skipping prompt (2212 chars): Request timed out.
[WARN] Skipping prompt (1067 chars): Request timed out.
[WARN] Skipping prompt (1308 chars): Request timed out.
[WARN] Skipping prompt (1051 chars): Request timed out.
[WARN] Skipping prompt (2870 chars): Request timed out.
[WARN] Skipping prompt (1117 chars): Request timed out.
[WARN] Skipping prompt (1319 chars): Request timed out.
[WARN] Skipping prompt (1010 chars): Request timed out.
[WARN] Skipping prompt (1201 chars): Request timed out.
[WARN] Skipping prompt (1562 chars): Request timed out.
[WARN] Skipping prompt (1077 chars): Request timed out.
[WARN] Skipping prompt (994 chars): Request timed out.
[WARN] Skipping prompt (1343 chars): Request timed out.
[WARN] Skipping prompt (1023 chars): Request timed out.
[WARN] Skipping prompt (1432 chars): Request timed out.
[WARN] Skipping prompt (1396 chars): Request timed out.
[WARN] Skipping prompt (904 chars): Request timed out.
[WARN] Skipping prompt (1109 chars): Request timed out.
[WARN] Skipping prompt (1389 chars): Request timed out.
[WARN] Skipping prompt (1409 chars): Request timed out.
[WARN] Skipping prompt (1071 chars): Request timed out.
Inference:  64%|███████████████████████████████████████████████████████████████                                    | 21/33 [10:27:29<6:00:39, 1803.27s/it]