Inference:   0%|                                                                                                                   | 0/40 [00:00<?, ?it/s]Inference:   2%|██▌                                                                                                     | 1/40 [14:23<9:21:17, 863.51s/it][WARN] Skipping prompt (1529 chars): Request timed out.
Inference:   5%|█████                                                                                                 | 2/40 [43:55<14:45:26, 1398.06s/it][WARN] Skipping prompt (1174 chars): Request timed out.
[WARN] Skipping prompt (1109 chars): Request timed out.
[WARN] Skipping prompt (1376 chars): Request timed out.
[WARN] Skipping prompt (1036 chars): Request timed out.
[WARN] Skipping prompt (1250 chars): Request timed out.
[WARN] Skipping prompt (1493 chars): Request timed out.
[WARN] Skipping prompt (1108 chars): Request timed out.
[WARN] Skipping prompt (1718 chars): Request timed out.
[WARN] Skipping prompt (1371 chars): Request timed out.
[WARN] Skipping prompt (1117 chars): Request timed out.
[WARN] Skipping prompt (1199 chars): Request timed out.
Inference:   8%|███████▌                                                                                            | 3/40 [1:13:59<16:16:14, 1583.09s/it][WARN] Skipping prompt (1242 chars): Request timed out.
[WARN] Skipping prompt (1005 chars): Request timed out.
[WARN] Skipping prompt (1141 chars): Request timed out.
[WARN] Skipping prompt (1373 chars): Request timed out.
[WARN] Skipping prompt (1154 chars): Request timed out.
[WARN] Skipping prompt (936 chars): Request timed out.
[WARN] Skipping prompt (1681 chars): Request timed out.
[WARN] Skipping prompt (1169 chars): Request timed out.
[WARN] Skipping prompt (1346 chars): Request timed out.
Inference:  10%|██████████                                                                                          | 4/40 [1:44:02<16:42:00, 1670.03s/it][WARN] Skipping prompt (1078 chars): Request timed out.
[WARN] Skipping prompt (1804 chars): Request timed out.
[WARN] Skipping prompt (1301 chars): Request timed out.
[WARN] Skipping prompt (1136 chars): Request timed out.
[WARN] Skipping prompt (1283 chars): Request timed out.
[WARN] Skipping prompt (2792 chars): Request timed out.
[WARN] Skipping prompt (997 chars): Request timed out.
[WARN] Skipping prompt (1190 chars): Request timed out.
[WARN] Skipping prompt (1347 chars): Request timed out.
[WARN] Skipping prompt (2036 chars): Request timed out.
[WARN] Skipping prompt (1108 chars): Request timed out.
Inference:  12%|████████████▌                                                                                       | 5/40 [2:14:05<16:42:13, 1718.10s/it][WARN] Skipping prompt (1670 chars): Request timed out.
[WARN] Skipping prompt (1148 chars): Request timed out.
[WARN] Skipping prompt (1709 chars): Request timed out.
[WARN] Skipping prompt (1054 chars): Request timed out.
[WARN] Skipping prompt (1638 chars): Request timed out.
[WARN] Skipping prompt (951 chars): Request timed out.
[WARN] Skipping prompt (1229 chars): Request timed out.
Inference:  15%|███████████████                                                                                     | 6/40 [2:44:08<16:29:59, 1747.03s/it][WARN] Skipping prompt (1310 chars): Request timed out.
[WARN] Skipping prompt (1161 chars): Request timed out.
[WARN] Skipping prompt (1381 chars): Request timed out.
[WARN] Skipping prompt (1985 chars): Request timed out.
[WARN] Skipping prompt (1117 chars): Request timed out.
[WARN] Skipping prompt (1350 chars): Request timed out.
[WARN] Skipping prompt (1289 chars): Request timed out.
[WARN] Skipping prompt (1362 chars): Request timed out.
[WARN] Skipping prompt (1589 chars): Request timed out.
[WARN] Skipping prompt (1359 chars): Request timed out.
Inference:  18%|█████████████████▌                                                                                  | 7/40 [3:14:12<16:10:58, 1765.40s/it]Inference:  20%|████████████████████                                                                                | 8/40 [3:43:50<15:43:47, 1769.62s/it][WARN] Skipping prompt (1217 chars): Request timed out.
[WARN] Skipping prompt (1610 chars): Request timed out.
[WARN] Skipping prompt (1219 chars): Request timed out.
[WARN] Skipping prompt (1299 chars): Request timed out.
[WARN] Skipping prompt (1208 chars): Request timed out.
[WARN] Skipping prompt (1164 chars): Request timed out.
[WARN] Skipping prompt (1307 chars): Request timed out.
[WARN] Skipping prompt (1688 chars): Request timed out.
Inference:  22%|██████████████████████▌                                                                             | 9/40 [4:13:53<15:19:43, 1780.11s/it][WARN] Skipping prompt (1207 chars): Request timed out.
[WARN] Skipping prompt (1254 chars): Request timed out.
[WARN] Skipping prompt (1092 chars): Request timed out.
[WARN] Skipping prompt (1488 chars): Request timed out.
[WARN] Skipping prompt (928 chars): Request timed out.
[WARN] Skipping prompt (1076 chars): Request timed out.
[WARN] Skipping prompt (1422 chars): Request timed out.
Inference:  25%|████████████████████████▊                                                                          | 10/40 [4:43:57<14:53:37, 1787.26s/it][WARN] Skipping prompt (1373 chars): Request timed out.
[WARN] Skipping prompt (1409 chars): Request timed out.
[WARN] Skipping prompt (1768 chars): Request timed out.
[WARN] Skipping prompt (2246 chars): Request timed out.
[WARN] Skipping prompt (1051 chars): Request timed out.
[WARN] Skipping prompt (1159 chars): Request timed out.
Inference:  28%|███████████████████████████▏                                                                       | 11/40 [5:14:00<14:26:12, 1792.17s/it][WARN] Skipping prompt (957 chars): Request timed out.
[WARN] Skipping prompt (1123 chars): Request timed out.
[WARN] Skipping prompt (1133 chars): Request timed out.
[WARN] Skipping prompt (1440 chars): Request timed out.
[WARN] Skipping prompt (1169 chars): Request timed out.
Inference:  30%|█████████████████████████████▋                                                                     | 12/40 [5:44:03<13:57:55, 1795.55s/it]Inference:  32%|████████████████████████████████▏                                                                  | 13/40 [6:13:47<13:26:21, 1791.90s/it][WARN] Skipping prompt (2420 chars): Request timed out.
[WARN] Skipping prompt (1100 chars): Request timed out.
[WARN] Skipping prompt (1170 chars): Request timed out.
[WARN] Skipping prompt (1428 chars): Request timed out.
[WARN] Skipping prompt (1204 chars): Request timed out.
[WARN] Skipping prompt (1380 chars): Request timed out.
[WARN] Skipping prompt (1048 chars): Request timed out.
[WARN] Skipping prompt (1298 chars): Request timed out.
[WARN] Skipping prompt (1990 chars): Request timed out.
Inference:  35%|██████████████████████████████████▋                                                                | 14/40 [6:43:50<12:57:58, 1795.34s/it][WARN] Skipping prompt (1175 chars): Request timed out.
[WARN] Skipping prompt (1265 chars): Request timed out.
[WARN] Skipping prompt (1674 chars): Request timed out.
[WARN] Skipping prompt (1939 chars): Request timed out.
[WARN] Skipping prompt (1552 chars): Request timed out.
[WARN] Skipping prompt (1133 chars): Request timed out.
[WARN] Skipping prompt (1161 chars): Request timed out.
[WARN] Skipping prompt (891 chars): Request timed out.
[WARN] Skipping prompt (1172 chars): Request timed out.
[WARN] Skipping prompt (1198 chars): Request timed out.
[WARN] Skipping prompt (1732 chars): Request timed out.
[WARN] Skipping prompt (986 chars): Request timed out.
[WARN] Skipping prompt (1229 chars): Request timed out.
[WARN] Skipping prompt (2331 chars): Request timed out.
[WARN] Skipping prompt (1222 chars): Request timed out.
[WARN] Skipping prompt (1489 chars): Request timed out.
[WARN] Skipping prompt (1672 chars): Request timed out.
Inference:  38%|█████████████████████████████████████▏                                                             | 15/40 [7:13:53<12:29:03, 1797.74s/it][WARN] Skipping prompt (1441 chars): Request timed out.
[WARN] Skipping prompt (1080 chars): Request timed out.
[WARN] Skipping prompt (1029 chars): Request timed out.
[WARN] Skipping prompt (1011 chars): Request timed out.
[WARN] Skipping prompt (1224 chars): Request timed out.
[WARN] Skipping prompt (1327 chars): Request timed out.
[WARN] Skipping prompt (1700 chars): Request timed out.
[WARN] Skipping prompt (1705 chars): Request timed out.
[WARN] Skipping prompt (1264 chars): Request timed out.
[WARN] Skipping prompt (1233 chars): Request timed out.
Inference:  40%|███████████████████████████████████████▌                                                           | 16/40 [7:43:57<11:59:45, 1799.41s/it][WARN] Skipping prompt (1622 chars): Request timed out.
