Inference:   0%|                                                                                                                   | 0/30 [00:00<?, ?it/s]Inference:   3%|███▍                                                                                                  | 1/30 [26:42<12:54:31, 1602.47s/it][WARN] Skipping prompt (1018 chars): Request timed out.
[WARN] Skipping prompt (1229 chars): Request timed out.
[WARN] Skipping prompt (2373 chars): Request timed out.
[WARN] Skipping prompt (1000 chars): Request timed out.
[WARN] Skipping prompt (1684 chars): Request timed out.
[WARN] Skipping prompt (1028 chars): Request timed out.
[WARN] Skipping prompt (1589 chars): Request timed out.
[WARN] Skipping prompt (1436 chars): Request timed out.
[WARN] Skipping prompt (1855 chars): Request timed out.
[WARN] Skipping prompt (1709 chars): Request timed out.
[WARN] Skipping prompt (1065 chars): Request timed out.
[WARN] Skipping prompt (1116 chars): Request timed out.
[WARN] Skipping prompt (1120 chars): Request timed out.
[WARN] Skipping prompt (1119 chars): Request timed out.
Inference:   7%|██████▊                                                                                               | 2/30 [56:45<13:22:54, 1720.53s/it][WARN] Skipping prompt (1130 chars): Request timed out.
[WARN] Skipping prompt (1418 chars): Request timed out.
[WARN] Skipping prompt (1636 chars): Request timed out.
[WARN] Skipping prompt (1184 chars): Request timed out.
[WARN] Skipping prompt (1098 chars): Request timed out.
[WARN] Skipping prompt (1737 chars): Request timed out.
[WARN] Skipping prompt (1242 chars): Request timed out.
[WARN] Skipping prompt (1057 chars): Request timed out.
[WARN] Skipping prompt (1059 chars): Request timed out.
[WARN] Skipping prompt (1420 chars): Request timed out.
[WARN] Skipping prompt (1425 chars): Request timed out.
[WARN] Skipping prompt (1294 chars): Request timed out.
[WARN] Skipping prompt (1574 chars): Request timed out.
[WARN] Skipping prompt (1328 chars): Request timed out.
[WARN] Skipping prompt (1086 chars): Request timed out.
Inference:  10%|██████████                                                                                          | 3/30 [1:26:48<13:11:15, 1758.34s/it][WARN] Skipping prompt (1172 chars): Request timed out.
[WARN] Skipping prompt (1627 chars): Request timed out.
[WARN] Skipping prompt (1605 chars): Request timed out.
[WARN] Skipping prompt (1319 chars): Request timed out.
[WARN] Skipping prompt (1370 chars): Request timed out.
[WARN] Skipping prompt (1018 chars): Request timed out.
[WARN] Skipping prompt (1820 chars): Request timed out.
[WARN] Skipping prompt (1119 chars): Request timed out.
[WARN] Skipping prompt (1919 chars): Request timed out.
[WARN] Skipping prompt (1281 chars): Request timed out.
[WARN] Skipping prompt (1413 chars): Request timed out.
[WARN] Skipping prompt (1343 chars): Request timed out.
Inference:  13%|█████████████▎                                                                                      | 4/30 [1:56:52<12:49:38, 1776.09s/it][WARN] Skipping prompt (1648 chars): Request timed out.
[WARN] Skipping prompt (1569 chars): Request timed out.
[WARN] Skipping prompt (1709 chars): Request timed out.
[WARN] Skipping prompt (1572 chars): Request timed out.
[WARN] Skipping prompt (1108 chars): Request timed out.
[WARN] Skipping prompt (1351 chars): Request timed out.
[WARN] Skipping prompt (1153 chars): Request timed out.
[WARN] Skipping prompt (1248 chars): Request timed out.
[WARN] Skipping prompt (1149 chars): Request timed out.
[WARN] Skipping prompt (1245 chars): Request timed out.
[WARN] Skipping prompt (1594 chars): Request timed out.
[WARN] Skipping prompt (1306 chars): Request timed out.
[WARN] Skipping prompt (1609 chars): Request timed out.
[WARN] Skipping prompt (1612 chars): Request timed out.
[WARN] Skipping prompt (1375 chars): Request timed out.
[WARN] Skipping prompt (1522 chars): Request timed out.
Inference:  17%|████████████████▋                                                                                   | 5/30 [2:26:55<12:24:07, 1785.91s/it][WARN] Skipping prompt (951 chars): Request timed out.
[WARN] Skipping prompt (986 chars): Request timed out.
[WARN] Skipping prompt (968 chars): Request timed out.
[WARN] Skipping prompt (1161 chars): Request timed out.
[WARN] Skipping prompt (1433 chars): Request timed out.
[WARN] Skipping prompt (1376 chars): Request timed out.
[WARN] Skipping prompt (1722 chars): Request timed out.
[WARN] Skipping prompt (975 chars): Request timed out.
[WARN] Skipping prompt (1589 chars): Request timed out.
[WARN] Skipping prompt (1107 chars): Request timed out.
[WARN] Skipping prompt (1138 chars): Request timed out.
[WARN] Skipping prompt (977 chars): Request timed out.
[WARN] Skipping prompt (1834 chars): Request timed out.
Inference:  20%|████████████████████                                                                                | 6/30 [2:56:58<11:56:43, 1791.79s/it][WARN] Skipping prompt (955 chars): Request timed out.
[WARN] Skipping prompt (1007 chars): Request timed out.
[WARN] Skipping prompt (1066 chars): Request timed out.
[WARN] Skipping prompt (1204 chars): Request timed out.
[WARN] Skipping prompt (901 chars): Request timed out.
[WARN] Skipping prompt (1057 chars): Request timed out.
Inference:  23%|███████████████████████▎                                                                            | 7/30 [3:27:02<11:28:17, 1795.53s/it]Inference:  27%|██████████████████████████▋                                                                         | 8/30 [3:56:19<10:53:52, 1783.30s/it][WARN] Skipping prompt (1172 chars): Request timed out.
[WARN] Skipping prompt (1308 chars): Request timed out.
[WARN] Skipping prompt (925 chars): Request timed out.
Inference:  30%|██████████████████████████████                                                                      | 9/30 [4:26:22<10:26:20, 1789.53s/it][WARN] Skipping prompt (1384 chars): Request timed out.
Inference:  33%|█████████████████████████████████▎                                                                  | 10/30 [4:56:17<9:57:06, 1791.31s/it][WARN] Skipping prompt (1036 chars): Request timed out.
[WARN] Skipping prompt (1072 chars): Request timed out.
[WARN] Skipping prompt (1054 chars): Request timed out.
[WARN] Skipping prompt (1508 chars): Request timed out.
[WARN] Skipping prompt (1202 chars): Request timed out.
[WARN] Skipping prompt (1295 chars): Request timed out.
[WARN] Skipping prompt (844 chars): Request timed out.
[WARN] Skipping prompt (997 chars): Request timed out.
[WARN] Skipping prompt (1489 chars): Request timed out.
[WARN] Skipping prompt (1109 chars): Request timed out.
[WARN] Skipping prompt (918 chars): Request timed out.
[WARN] Skipping prompt (1669 chars): Request timed out.
[WARN] Skipping prompt (932 chars): Request timed out.
[WARN] Skipping prompt (1054 chars): Request timed out.
Inference:  37%|████████████████████████████████████▋                                                               | 11/30 [5:26:20<9:28:24, 1794.98s/it][WARN] Skipping prompt (1117 chars): Request timed out.
[WARN] Skipping prompt (1723 chars): Request timed out.
[WARN] Skipping prompt (1594 chars): Request timed out.
[WARN] Skipping prompt (1016 chars): Request timed out.
Inference:  40%|████████████████████████████████████████                                                            | 12/30 [5:56:24<8:59:14, 1797.50s/it][WARN] Skipping prompt (1688 chars): Request timed out.
Inference:  43%|███████████████████████████████████████████▎                                                        | 13/30 [6:26:06<8:27:57, 1792.82s/it][WARN] Skipping prompt (1533 chars): Request timed out.
[WARN] Skipping prompt (1697 chars): Request timed out.
[WARN] Skipping prompt (1611 chars): Request timed out.
[WARN] Skipping prompt (1449 chars): Request timed out.
[WARN] Skipping prompt (1625 chars): Request timed out.
[WARN] Skipping prompt (1525 chars): Request timed out.
[WARN] Skipping prompt (1635 chars): Request timed out.
[WARN] Skipping prompt (1170 chars): Request timed out.
[WARN] Skipping prompt (1506 chars): Request timed out.
[WARN] Skipping prompt (1615 chars): Request timed out.
[WARN] Skipping prompt (2125 chars): Request timed out.
[WARN] Skipping prompt (1778 chars): Request timed out.
[WARN] Skipping prompt (1163 chars): Request timed out.
[WARN] Skipping prompt (1541 chars): Request timed out.
Inference:  47%|██████████████████████████████████████████████▋                                                     | 14/30 [6:56:09<7:58:55, 1795.99s/it][WARN] Skipping prompt (1882 chars): Request timed out.
[WARN] Skipping prompt (938 chars): Request timed out.
[WARN] Skipping prompt (1440 chars): Request timed out.
[WARN] Skipping prompt (1472 chars): Request timed out.
[WARN] Skipping prompt (1969 chars): Request timed out.
[WARN] Skipping prompt (1440 chars): Request timed out.
[WARN] Skipping prompt (1156 chars): Request timed out.
[WARN] Skipping prompt (1842 chars): Request timed out.
[WARN] Skipping prompt (1693 chars): Request timed out.
[WARN] Skipping prompt (1742 chars): Request timed out.
[WARN] Skipping prompt (1680 chars): Request timed out.
[WARN] Skipping prompt (1381 chars): Request timed out.
[WARN] Skipping prompt (1432 chars): Request timed out.
Inference:  50%|██████████████████████████████████████████████████                                                  | 15/30 [7:26:12<7:29:32, 1798.18s/it][WARN] Skipping prompt (1732 chars): Request timed out.
[WARN] Skipping prompt (1467 chars): Request timed out.
[WARN] Skipping prompt (908 chars): Request timed out.
[WARN] Skipping prompt (2632 chars): Request timed out.
[WARN] Skipping prompt (1064 chars): Request timed out.
[WARN] Skipping prompt (2630 chars): Request timed out.
[WARN] Skipping prompt (1702 chars): Request timed out.
[WARN] Skipping prompt (2618 chars): Request timed out.
[WARN] Skipping prompt (942 chars): Request timed out.
[WARN] Skipping prompt (846 chars): Request timed out.
[WARN] Skipping prompt (1329 chars): Request timed out.
[WARN] Skipping prompt (1113 chars): Request timed out.
[WARN] Skipping prompt (1496 chars): Request timed out.
[WARN] Skipping prompt (1476 chars): Request timed out.
[WARN] Skipping prompt (1787 chars): Request timed out.
[WARN] Skipping prompt (1241 chars): Request timed out.
Inference:  53%|█████████████████████████████████████████████████████▎                                              | 16/30 [7:56:16<6:59:55, 1799.70s/it]