Inference:   0%|                                                                                                                   | 0/33 [00:00<?, ?it/s][WARN] Skipping prompt (1219 chars): Request timed out.
[WARN] Skipping prompt (1719 chars): Request timed out.
[WARN] Skipping prompt (1003 chars): Request timed out.
[WARN] Skipping prompt (1433 chars): Request timed out.
[WARN] Skipping prompt (1107 chars): Request timed out.
[WARN] Skipping prompt (1669 chars): Request timed out.
[WARN] Skipping prompt (1295 chars): Request timed out.
[WARN] Skipping prompt (1232 chars): Request timed out.
[WARN] Skipping prompt (1225 chars): Request timed out.
[WARN] Skipping prompt (1542 chars): Request timed out.
[WARN] Skipping prompt (1804 chars): Request timed out.
[WARN] Skipping prompt (1392 chars): Request timed out.
[WARN] Skipping prompt (1036 chars): Request timed out.
[WARN] Skipping prompt (1168 chars): Request timed out.
[WARN] Skipping prompt (1062 chars): Request timed out.
[WARN] Skipping prompt (2067 chars): Request timed out.
[WARN] Skipping prompt (1173 chars): Request timed out.
[WARN] Skipping prompt (971 chars): Request timed out.
[WARN] Skipping prompt (1628 chars): Request timed out.
[WARN] Skipping prompt (1192 chars): Request timed out.
[WARN] Skipping prompt (1355 chars): Request timed out.
[WARN] Skipping prompt (1165 chars): Request timed out.
[WARN] Skipping prompt (1414 chars): Request timed out.
[WARN] Skipping prompt (1081 chars): Request timed out.
[WARN] Skipping prompt (1361 chars): Request timed out.
[WARN] Skipping prompt (1298 chars): Request timed out.
[WARN] Skipping prompt (1741 chars): Request timed out.
[WARN] Skipping prompt (1297 chars): Request timed out.
[WARN] Skipping prompt (1155 chars): Request timed out.
[WARN] Skipping prompt (1330 chars): Request timed out.
[WARN] Skipping prompt (1143 chars): Request timed out.
[WARN] Skipping prompt (1470 chars): Request timed out.
[WARN] Skipping prompt (1267 chars): Request timed out.
Inference:   3%|███                                                                                                   | 1/33 [30:03<16:01:53, 1803.54s/it][WARN] Skipping prompt (930 chars): Request timed out.
[WARN] Skipping prompt (856 chars): Request timed out.
[WARN] Skipping prompt (1014 chars): Request timed out.
[WARN] Skipping prompt (1335 chars): Request timed out.
Inference:   6%|██████                                                                                              | 2/33 [1:00:06<15:31:42, 1803.31s/it][WARN] Skipping prompt (1287 chars): Request timed out.
[WARN] Skipping prompt (1112 chars): Request timed out.
[WARN] Skipping prompt (944 chars): Request timed out.
[WARN] Skipping prompt (915 chars): Request timed out.
Inference:   9%|█████████                                                                                           | 3/33 [1:30:09<15:01:38, 1803.27s/it][WARN] Skipping prompt (1072 chars): Request timed out.
Inference:  12%|████████████                                                                                        | 4/33 [1:59:02<14:18:06, 1775.40s/it][WARN] Skipping prompt (1104 chars): Request timed out.
[WARN] Skipping prompt (1057 chars): Request timed out.
[WARN] Skipping prompt (1045 chars): Request timed out.
[WARN] Skipping prompt (1060 chars): Request timed out.
[WARN] Skipping prompt (1146 chars): Request timed out.
[WARN] Skipping prompt (1090 chars): Request timed out.
[WARN] Skipping prompt (1403 chars): Request timed out.
[WARN] Skipping prompt (861 chars): Request timed out.
[WARN] Skipping prompt (1237 chars): Request timed out.
[WARN] Skipping prompt (1032 chars): Request timed out.
[WARN] Skipping prompt (830 chars): Request timed out.
[WARN] Skipping prompt (1859 chars): Request timed out.
[WARN] Skipping prompt (1147 chars): Request timed out.
[WARN] Skipping prompt (1349 chars): Request timed out.
[WARN] Skipping prompt (1500 chars): Request timed out.
[WARN] Skipping prompt (1231 chars): Request timed out.
[WARN] Skipping prompt (1165 chars): Request timed out.
[WARN] Skipping prompt (1019 chars): Request timed out.
[WARN] Skipping prompt (958 chars): Request timed out.
[WARN] Skipping prompt (1211 chars): Request timed out.
[WARN] Skipping prompt (1099 chars): Request timed out.
[WARN] Skipping prompt (1088 chars): Request timed out.
[WARN] Skipping prompt (1240 chars): Request timed out.
[WARN] Skipping prompt (1183 chars): Request timed out.
[WARN] Skipping prompt (951 chars): Request timed out.
Inference:  15%|███████████████▏                                                                                    | 5/33 [2:29:05<13:53:13, 1785.49s/it][WARN] Skipping prompt (1374 chars): Request timed out.
[WARN] Skipping prompt (1230 chars): Request timed out.
[WARN] Skipping prompt (1362 chars): Request timed out.
[WARN] Skipping prompt (1580 chars): Request timed out.
[WARN] Skipping prompt (1259 chars): Request timed out.
[WARN] Skipping prompt (903 chars): Request timed out.
[WARN] Skipping prompt (1450 chars): Request timed out.
[WARN] Skipping prompt (1401 chars): Request timed out.
[WARN] Skipping prompt (1620 chars): Request timed out.
[WARN] Skipping prompt (1087 chars): Request timed out.
[WARN] Skipping prompt (931 chars): Request timed out.
[WARN] Skipping prompt (1435 chars): Request timed out.
[WARN] Skipping prompt (1384 chars): Request timed out.
[WARN] Skipping prompt (1146 chars): Request timed out.
[WARN] Skipping prompt (1424 chars): Request timed out.
[WARN] Skipping prompt (1265 chars): Request timed out.
[WARN] Skipping prompt (1060 chars): Request timed out.
[WARN] Skipping prompt (892 chars): Request timed out.
[WARN] Skipping prompt (1120 chars): Request timed out.
[WARN] Skipping prompt (1565 chars): Request timed out.
[WARN] Skipping prompt (1113 chars): Request timed out.
[WARN] Skipping prompt (1262 chars): Request timed out.
[WARN] Skipping prompt (1244 chars): Request timed out.
[WARN] Skipping prompt (1752 chars): Request timed out.
[WARN] Skipping prompt (1283 chars): Request timed out.
[WARN] Skipping prompt (1053 chars): Request timed out.
[WARN] Skipping prompt (984 chars): Request timed out.
[WARN] Skipping prompt (1144 chars): Request timed out.
Inference:  18%|██████████████████▏                                                                                 | 6/33 [2:59:09<13:26:11, 1791.55s/it][WARN] Skipping prompt (971 chars): Request timed out.
[WARN] Skipping prompt (1289 chars): Request timed out.
[WARN] Skipping prompt (1144 chars): Request timed out.
[WARN] Skipping prompt (1386 chars): Request timed out.
[WARN] Skipping prompt (1133 chars): Request timed out.
[WARN] Skipping prompt (1047 chars): Request timed out.
[WARN] Skipping prompt (1049 chars): Request timed out.
[WARN] Skipping prompt (1720 chars): Request timed out.
[WARN] Skipping prompt (1352 chars): Request timed out.
[WARN] Skipping prompt (1366 chars): Request timed out.
[WARN] Skipping prompt (1024 chars): Request timed out.
[WARN] Skipping prompt (1156 chars): Request timed out.
[WARN] Skipping prompt (1012 chars): Request timed out.
[WARN] Skipping prompt (1165 chars): Request timed out.
[WARN] Skipping prompt (1287 chars): Request timed out.
[WARN] Skipping prompt (1044 chars): Request timed out.
[WARN] Skipping prompt (1398 chars): Request timed out.
[WARN] Skipping prompt (1426 chars): Request timed out.
[WARN] Skipping prompt (1122 chars): Request timed out.
[WARN] Skipping prompt (1075 chars): Request timed out.
[WARN] Skipping prompt (1813 chars): Request timed out.
[WARN] Skipping prompt (1111 chars): Request timed out.
[WARN] Skipping prompt (904 chars): Request timed out.
[WARN] Skipping prompt (1369 chars): Request timed out.
Inference:  21%|█████████████████████▏                                                                              | 7/33 [3:29:12<12:58:01, 1795.43s/it][WARN] Skipping prompt (1473 chars): Request timed out.
[WARN] Skipping prompt (1396 chars): Request timed out.
[WARN] Skipping prompt (999 chars): Request timed out.
[WARN] Skipping prompt (1477 chars): Request timed out.
Inference:  24%|████████████████████████▏                                                                           | 8/33 [3:59:16<12:29:08, 1797.94s/it][WARN] Skipping prompt (1593 chars): Request timed out.
Inference:  27%|███████████████████████████▎                                                                        | 9/33 [4:29:19<11:59:50, 1799.59s/it]Inference:  30%|██████████████████████████████                                                                     | 10/33 [4:57:25<11:16:28, 1764.73s/it][WARN] Skipping prompt (937 chars): Request timed out.
[WARN] Skipping prompt (1066 chars): Request timed out.
[WARN] Skipping prompt (1069 chars): Request timed out.
[WARN] Skipping prompt (1117 chars): Request timed out.
[WARN] Skipping prompt (883 chars): Request timed out.
[WARN] Skipping prompt (1080 chars): Request timed out.
[WARN] Skipping prompt (2573 chars): Request timed out.
[WARN] Skipping prompt (1917 chars): Request timed out.
[WARN] Skipping prompt (881 chars): Request timed out.
[WARN] Skipping prompt (1840 chars): Request timed out.
[WARN] Skipping prompt (1308 chars): Request timed out.
[WARN] Skipping prompt (1247 chars): Request timed out.
[WARN] Skipping prompt (1147 chars): Request timed out.
[WARN] Skipping prompt (1262 chars): Request timed out.
[WARN] Skipping prompt (858 chars): Request timed out.
[WARN] Skipping prompt (1001 chars): Request timed out.
[WARN] Skipping prompt (1421 chars): Request timed out.
[WARN] Skipping prompt (1303 chars): Request timed out.
[WARN] Skipping prompt (1247 chars): Request timed out.
[WARN] Skipping prompt (1162 chars): Request timed out.
[WARN] Skipping prompt (1102 chars): Request timed out.
[WARN] Skipping prompt (1285 chars): Request timed out.
[WARN] Skipping prompt (951 chars): Request timed out.
[WARN] Skipping prompt (1742 chars): Request timed out.
[WARN] Skipping prompt (1117 chars): Request timed out.
[WARN] Skipping prompt (1134 chars): Request timed out.
[WARN] Skipping prompt (988 chars): Request timed out.
[WARN] Skipping prompt (792 chars): Request timed out.
[WARN] Skipping prompt (1005 chars): Request timed out.
[WARN] Skipping prompt (1566 chars): Request timed out.
[WARN] Skipping prompt (1202 chars): Request timed out.
[WARN] Skipping prompt (1196 chars): Request timed out.
Inference:  33%|█████████████████████████████████                                                                  | 11/33 [5:27:29<10:51:23, 1776.53s/it][WARN] Skipping prompt (1162 chars): Request timed out.
[WARN] Skipping prompt (1309 chars): Request timed out.
[WARN] Skipping prompt (1136 chars): Request timed out.
[WARN] Skipping prompt (1518 chars): Request timed out.
[WARN] Skipping prompt (1274 chars): Request timed out.
[WARN] Skipping prompt (984 chars): Request timed out.
[WARN] Skipping prompt (877 chars): Request timed out.
[WARN] Skipping prompt (1116 chars): Request timed out.
[WARN] Skipping prompt (1015 chars): Request timed out.
[WARN] Skipping prompt (993 chars): Request timed out.
[WARN] Skipping prompt (980 chars): Request timed out.
[WARN] Skipping prompt (1898 chars): Request timed out.
[WARN] Skipping prompt (1092 chars): Request timed out.
[WARN] Skipping prompt (876 chars): Request timed out.
[WARN] Skipping prompt (1332 chars): Request timed out.
[WARN] Skipping prompt (1500 chars): Request timed out.
[WARN] Skipping prompt (1108 chars): Request timed out.
[WARN] Skipping prompt (1907 chars): Request timed out.
[WARN] Skipping prompt (865 chars): Request timed out.
[WARN] Skipping prompt (987 chars): Request timed out.
[WARN] Skipping prompt (1169 chars): Request timed out.
[WARN] Skipping prompt (1293 chars): Request timed out.
[WARN] Skipping prompt (1522 chars): Request timed out.
[WARN] Skipping prompt (1229 chars): Request timed out.
[WARN] Skipping prompt (1025 chars): Request timed out.
[WARN] Skipping prompt (1147 chars): Request timed out.
[WARN] Skipping prompt (1144 chars): Request timed out.
[WARN] Skipping prompt (1033 chars): Request timed out.
Inference:  36%|████████████████████████████████████                                                               | 12/33 [5:57:32<10:24:38, 1784.68s/it][WARN] Skipping prompt (1140 chars): Request timed out.
[WARN] Skipping prompt (1236 chars): Request timed out.
[WARN] Skipping prompt (1942 chars): Request timed out.
[WARN] Skipping prompt (999 chars): Request timed out.
[WARN] Skipping prompt (1059 chars): Request timed out.
[WARN] Skipping prompt (1367 chars): Request timed out.
[WARN] Skipping prompt (1107 chars): Request timed out.
[WARN] Skipping prompt (883 chars): Request timed out.
[WARN] Skipping prompt (990 chars): Request timed out.
[WARN] Skipping prompt (1333 chars): Request timed out.
[WARN] Skipping prompt (1061 chars): Request timed out.
[WARN] Skipping prompt (1478 chars): Request timed out.
[WARN] Skipping prompt (1230 chars): Request timed out.
[WARN] Skipping prompt (1090 chars): Request timed out.
[WARN] Skipping prompt (1198 chars): Request timed out.
[WARN] Skipping prompt (1328 chars): Request timed out.
[WARN] Skipping prompt (931 chars): Request timed out.
[WARN] Skipping prompt (1875 chars): Request timed out.
[WARN] Skipping prompt (1396 chars): Request timed out.
Inference:  39%|███████████████████████████████████████▍                                                            | 13/33 [6:27:35<9:56:46, 1790.32s/it][WARN] Skipping prompt (1015 chars): Request timed out.
[WARN] Skipping prompt (1020 chars): Request timed out.
[WARN] Skipping prompt (1303 chars): Request timed out.
[WARN] Skipping prompt (1025 chars): Request timed out.
[WARN] Skipping prompt (1243 chars): Request timed out.
[WARN] Skipping prompt (896 chars): Request timed out.
[WARN] Skipping prompt (1361 chars): Request timed out.
[WARN] Skipping prompt (1611 chars): Request timed out.
[WARN] Skipping prompt (1240 chars): Request timed out.
[WARN] Skipping prompt (1166 chars): Request timed out.
[WARN] Skipping prompt (1294 chars): Request timed out.
[WARN] Skipping prompt (1498 chars): Request timed out.
[WARN] Skipping prompt (1010 chars): Request timed out.
[WARN] Skipping prompt (1261 chars): Request timed out.
[WARN] Skipping prompt (1483 chars): Request timed out.
[WARN] Skipping prompt (1032 chars): Request timed out.
[WARN] Skipping prompt (809 chars): Request timed out.
[WARN] Skipping prompt (1227 chars): Request timed out.
[WARN] Skipping prompt (1023 chars): Request timed out.
[WARN] Skipping prompt (1249 chars): Request timed out.
[WARN] Skipping prompt (981 chars): Request timed out.
[WARN] Skipping prompt (1128 chars): Request timed out.
[WARN] Skipping prompt (1010 chars): Request timed out.
[WARN] Skipping prompt (1080 chars): Request timed out.
[WARN] Skipping prompt (1089 chars): Request timed out.
[WARN] Skipping prompt (1075 chars): Request timed out.
[WARN] Skipping prompt (937 chars): Request timed out.
[WARN] Skipping prompt (1474 chars): Request timed out.
[WARN] Skipping prompt (1024 chars): Request timed out.
[WARN] Skipping prompt (1231 chars): Request timed out.
Inference:  42%|██████████████████████████████████████████▍                                                         | 14/33 [6:57:39<9:28:10, 1794.24s/it][WARN] Skipping prompt (1076 chars): Request timed out.
[WARN] Skipping prompt (978 chars): Request timed out.
[WARN] Skipping prompt (1323 chars): Request timed out.
[WARN] Skipping prompt (1419 chars): Request timed out.
[WARN] Skipping prompt (1133 chars): Request timed out.
[WARN] Skipping prompt (1176 chars): Request timed out.
[WARN] Skipping prompt (944 chars): Request timed out.
[WARN] Skipping prompt (1076 chars): Request timed out.
[WARN] Skipping prompt (1384 chars): Request timed out.
[WARN] Skipping prompt (2115 chars): Request timed out.
[WARN] Skipping prompt (1225 chars): Request timed out.
[WARN] Skipping prompt (1121 chars): Request timed out.
[WARN] Skipping prompt (952 chars): Request timed out.
[WARN] Skipping prompt (1051 chars): Request timed out.
[WARN] Skipping prompt (1350 chars): Request timed out.
[WARN] Skipping prompt (1026 chars): Request timed out.
[WARN] Skipping prompt (834 chars): Request timed out.
[WARN] Skipping prompt (1005 chars): Request timed out.
[WARN] Skipping prompt (1443 chars): Request timed out.
[WARN] Skipping prompt (1562 chars): Request timed out.
[WARN] Skipping prompt (2432 chars): Request timed out.
[WARN] Skipping prompt (1073 chars): Request timed out.
[WARN] Skipping prompt (1966 chars): Request timed out.
[WARN] Skipping prompt (1084 chars): Request timed out.
[WARN] Skipping prompt (928 chars): Request timed out.
[WARN] Skipping prompt (1403 chars): Request timed out.
[WARN] Skipping prompt (1223 chars): Request timed out.
[WARN] Skipping prompt (1054 chars): Request timed out.
[WARN] Skipping prompt (932 chars): Request timed out.
[WARN] Skipping prompt (1036 chars): Request timed out.
[WARN] Skipping prompt (1417 chars): Request timed out.
[WARN] Skipping prompt (894 chars): Request timed out.
[WARN] Skipping prompt (1145 chars): Request timed out.
Inference:  45%|█████████████████████████████████████████████▍                                                      | 15/33 [7:27:42<8:59:05, 1796.97s/it][WARN] Skipping prompt (935 chars): Request timed out.
[WARN] Skipping prompt (1187 chars): Request timed out.
[WARN] Skipping prompt (1460 chars): Request timed out.
[WARN] Skipping prompt (933 chars): Request timed out.
[WARN] Skipping prompt (987 chars): Request timed out.
[WARN] Skipping prompt (790 chars): Request timed out.
[WARN] Skipping prompt (1044 chars): Request timed out.
[WARN] Skipping prompt (1410 chars): Request timed out.
[WARN] Skipping prompt (1239 chars): Request timed out.
[WARN] Skipping prompt (1305 chars): Request timed out.
[WARN] Skipping prompt (963 chars): Request timed out.
[WARN] Skipping prompt (1370 chars): Request timed out.
[WARN] Skipping prompt (1386 chars): Request timed out.
[WARN] Skipping prompt (2050 chars): Request timed out.
[WARN] Skipping prompt (1445 chars): Request timed out.
[WARN] Skipping prompt (893 chars): Request timed out.
[WARN] Skipping prompt (1194 chars): Request timed out.
[WARN] Skipping prompt (836 chars): Request timed out.
[WARN] Skipping prompt (2071 chars): Request timed out.
[WARN] Skipping prompt (1257 chars): Request timed out.
[WARN] Skipping prompt (1002 chars): Request timed out.
[WARN] Skipping prompt (1337 chars): Request timed out.
[WARN] Skipping prompt (1130 chars): Request timed out.
[WARN] Skipping prompt (1622 chars): Request timed out.
[WARN] Skipping prompt (1290 chars): Request timed out.
[WARN] Skipping prompt (1050 chars): Request timed out.
[WARN] Skipping prompt (1040 chars): Request timed out.
[WARN] Skipping prompt (897 chars): Request timed out.
[WARN] Skipping prompt (1179 chars): Request timed out.
[WARN] Skipping prompt (1094 chars): Request timed out.
[WARN] Skipping prompt (895 chars): Request timed out.
[WARN] Skipping prompt (1135 chars): Request timed out.
[WARN] Skipping prompt (1133 chars): Request timed out.
[WARN] Skipping prompt (1326 chars): Request timed out.
[WARN] Skipping prompt (1125 chars): Request timed out.
[WARN] Skipping prompt (1162 chars): Request timed out.
[WARN] Skipping prompt (927 chars): Request timed out.
[WARN] Skipping prompt (1347 chars): Request timed out.
[WARN] Skipping prompt (1324 chars): Request timed out.
[WARN] Skipping prompt (1282 chars): Request timed out.
[WARN] Skipping prompt (1040 chars): Request timed out.
[WARN] Skipping prompt (1099 chars): Request timed out.
Inference:  48%|████████████████████████████████████████████████▍                                                   | 16/33 [7:57:45<8:29:40, 1798.87s/it]