Inference:   0%|                                                                                                                   | 0/23 [00:00<?, ?it/s][WARN] Skipping prompt (1517 chars): Request timed out.
[WARN] Skipping prompt (1586 chars): Request timed out.
[WARN] Skipping prompt (1670 chars): Request timed out.
[WARN] Skipping prompt (2146 chars): Request timed out.
[WARN] Skipping prompt (1590 chars): Request timed out.
[WARN] Skipping prompt (1431 chars): Request timed out.
[WARN] Skipping prompt (1473 chars): Request timed out.
[WARN] Skipping prompt (2073 chars): Request timed out.
[WARN] Skipping prompt (1464 chars): Request timed out.
[WARN] Skipping prompt (1422 chars): Request timed out.
[WARN] Skipping prompt (1454 chars): Request timed out.
[WARN] Skipping prompt (1487 chars): Request timed out.
[WARN] Skipping prompt (1431 chars): Request timed out.
[WARN] Skipping prompt (1579 chars): Request timed out.
[WARN] Skipping prompt (1452 chars): Request timed out.
[WARN] Skipping prompt (1962 chars): Request timed out.
[WARN] Skipping prompt (2472 chars): Request timed out.
[WARN] Skipping prompt (2055 chars): Request timed out.
[WARN] Skipping prompt (1614 chars): Request timed out.
[WARN] Skipping prompt (1497 chars): Request timed out.
[WARN] Skipping prompt (2569 chars): Request timed out.
[WARN] Skipping prompt (1546 chars): Request timed out.
[WARN] Skipping prompt (1585 chars): Request timed out.
[WARN] Skipping prompt (1524 chars): Request timed out.
[WARN] Skipping prompt (1811 chars): Request timed out.
[WARN] Skipping prompt (1442 chars): Request timed out.
[WARN] Skipping prompt (1678 chars): Request timed out.
[WARN] Skipping prompt (1742 chars): Request timed out.
[WARN] Skipping prompt (2534 chars): Request timed out.
[WARN] Skipping prompt (1353 chars): Request timed out.
[WARN] Skipping prompt (1802 chars): Request timed out.
[WARN] Skipping prompt (1440 chars): Request timed out.
[WARN] Skipping prompt (1360 chars): Request timed out.
[WARN] Skipping prompt (2437 chars): Request timed out.
[WARN] Skipping prompt (1714 chars): Request timed out.
[WARN] Skipping prompt (1402 chars): Request timed out.
[WARN] Skipping prompt (1406 chars): Request timed out.
[WARN] Skipping prompt (1498 chars): Request timed out.
[WARN] Skipping prompt (1447 chars): Request timed out.
[WARN] Skipping prompt (1391 chars): Request timed out.
[WARN] Skipping prompt (1449 chars): Request timed out.
[WARN] Skipping prompt (1987 chars): Request timed out.
[WARN] Skipping prompt (1502 chars): Request timed out.
[WARN] Skipping prompt (2616 chars): Request timed out.
[WARN] Skipping prompt (2184 chars): Request timed out.
[WARN] Skipping prompt (2531 chars): Request timed out.
[WARN] Skipping prompt (1398 chars): Request timed out.
[WARN] Skipping prompt (1678 chars): Request timed out.
[WARN] Skipping prompt (1775 chars): Request timed out.
[WARN] Skipping prompt (2742 chars): Request timed out.
[WARN] Skipping prompt (1411 chars): Request timed out.
Inference:   4%|████▍                                                                                                 | 1/23 [30:03<11:01:18, 1803.55s/it][WARN] Skipping prompt (1447 chars): Request timed out.
[WARN] Skipping prompt (1584 chars): Request timed out.
[WARN] Skipping prompt (1585 chars): Request timed out.
[WARN] Skipping prompt (1379 chars): Request timed out.
[WARN] Skipping prompt (2253 chars): Request timed out.
[WARN] Skipping prompt (1896 chars): Request timed out.
[WARN] Skipping prompt (1495 chars): Request timed out.
[WARN] Skipping prompt (1294 chars): Request timed out.
[WARN] Skipping prompt (1404 chars): Request timed out.
[WARN] Skipping prompt (1250 chars): Request timed out.
[WARN] Skipping prompt (1844 chars): Request timed out.
[WARN] Skipping prompt (1382 chars): Request timed out.
[WARN] Skipping prompt (1518 chars): Request timed out.
[WARN] Skipping prompt (1484 chars): Request timed out.
[WARN] Skipping prompt (2117 chars): Request timed out.
[WARN] Skipping prompt (1364 chars): Request timed out.
[WARN] Skipping prompt (2272 chars): Request timed out.
[WARN] Skipping prompt (1240 chars): Request timed out.
[WARN] Skipping prompt (1204 chars): Request timed out.
[WARN] Skipping prompt (1610 chars): Request timed out.
[WARN] Skipping prompt (1560 chars): Request timed out.
[WARN] Skipping prompt (2121 chars): Request timed out.
[WARN] Skipping prompt (1628 chars): Request timed out.
[WARN] Skipping prompt (1352 chars): Request timed out.
[WARN] Skipping prompt (1564 chars): Request timed out.
[WARN] Skipping prompt (1214 chars): Request timed out.
[WARN] Skipping prompt (1257 chars): Request timed out.
[WARN] Skipping prompt (1348 chars): Request timed out.
[WARN] Skipping prompt (1524 chars): Request timed out.
[WARN] Skipping prompt (1727 chars): Request timed out.
[WARN] Skipping prompt (1425 chars): Request timed out.
[WARN] Skipping prompt (1350 chars): Request timed out.
[WARN] Skipping prompt (1269 chars): Request timed out.
[WARN] Skipping prompt (1403 chars): Request timed out.
[WARN] Skipping prompt (1211 chars): Request timed out.
[WARN] Skipping prompt (1640 chars): Request timed out.
[WARN] Skipping prompt (1416 chars): Request timed out.
[WARN] Skipping prompt (1768 chars): Request timed out.
[WARN] Skipping prompt (1363 chars): Request timed out.
[WARN] Skipping prompt (1422 chars): Request timed out.
[WARN] Skipping prompt (1453 chars): Request timed out.
[WARN] Skipping prompt (1565 chars): Request timed out.
[WARN] Skipping prompt (1516 chars): Request timed out.
[WARN] Skipping prompt (1868 chars): Request timed out.
[WARN] Skipping prompt (1263 chars): Request timed out.
[WARN] Skipping prompt (1545 chars): Request timed out.
[WARN] Skipping prompt (1735 chars): Request timed out.
[WARN] Skipping prompt (1672 chars): Request timed out.
[WARN] Skipping prompt (1787 chars): Request timed out.
[WARN] Skipping prompt (1371 chars): Request timed out.
[WARN] Skipping prompt (1715 chars): Request timed out.
[WARN] Skipping prompt (2124 chars): Request timed out.
[WARN] Skipping prompt (1477 chars): Request timed out.
[WARN] Skipping prompt (1396 chars): Request timed out.
[WARN] Skipping prompt (1775 chars): Request timed out.
[WARN] Skipping prompt (1453 chars): Request timed out.
[WARN] Skipping prompt (1269 chars): Request timed out.
[WARN] Skipping prompt (1762 chars): Request timed out.
Inference:   9%|████████▋                                                                                           | 2/23 [1:00:06<10:31:11, 1803.43s/it][WARN] Skipping prompt (1350 chars): Request timed out.
[WARN] Skipping prompt (1701 chars): Request timed out.
[WARN] Skipping prompt (1607 chars): Request timed out.
[WARN] Skipping prompt (1865 chars): Request timed out.
[WARN] Skipping prompt (1776 chars): Request timed out.
[WARN] Skipping prompt (1779 chars): Request timed out.
[WARN] Skipping prompt (1565 chars): Request timed out.
[WARN] Skipping prompt (1398 chars): Request timed out.
[WARN] Skipping prompt (1818 chars): Request timed out.
[WARN] Skipping prompt (2309 chars): Request timed out.
[WARN] Skipping prompt (1208 chars): Request timed out.
[WARN] Skipping prompt (1416 chars): Request timed out.
[WARN] Skipping prompt (1510 chars): Request timed out.
[WARN] Skipping prompt (1371 chars): Request timed out.
[WARN] Skipping prompt (1681 chars): Request timed out.
[WARN] Skipping prompt (1434 chars): Request timed out.
[WARN] Skipping prompt (1652 chars): Request timed out.
[WARN] Skipping prompt (1412 chars): Request timed out.
[WARN] Skipping prompt (1435 chars): Request timed out.
[WARN] Skipping prompt (1437 chars): Request timed out.
[WARN] Skipping prompt (1650 chars): Request timed out.
[WARN] Skipping prompt (1258 chars): Request timed out.
[WARN] Skipping prompt (1469 chars): Request timed out.
[WARN] Skipping prompt (1716 chars): Request timed out.
[WARN] Skipping prompt (1440 chars): Request timed out.
[WARN] Skipping prompt (1357 chars): Request timed out.
[WARN] Skipping prompt (1552 chars): Request timed out.
[WARN] Skipping prompt (1732 chars): Request timed out.
[WARN] Skipping prompt (1708 chars): Request timed out.
[WARN] Skipping prompt (2323 chars): Request timed out.
[WARN] Skipping prompt (1424 chars): Request timed out.
[WARN] Skipping prompt (1204 chars): Request timed out.
[WARN] Skipping prompt (1763 chars): Request timed out.
[WARN] Skipping prompt (1470 chars): Request timed out.
[WARN] Skipping prompt (1756 chars): Request timed out.
[WARN] Skipping prompt (1352 chars): Request timed out.
[WARN] Skipping prompt (1217 chars): Request timed out.
[WARN] Skipping prompt (1448 chars): Request timed out.
[WARN] Skipping prompt (1414 chars): Request timed out.
[WARN] Skipping prompt (1469 chars): Request timed out.
[WARN] Skipping prompt (1428 chars): Request timed out.
[WARN] Skipping prompt (1871 chars): Request timed out.
[WARN] Skipping prompt (1436 chars): Request timed out.
[WARN] Skipping prompt (1756 chars): Request timed out.
[WARN] Skipping prompt (1748 chars): Request timed out.
[WARN] Skipping prompt (1565 chars): Request timed out.
[WARN] Skipping prompt (1455 chars): Request timed out.
[WARN] Skipping prompt (1837 chars): Request timed out.
[WARN] Skipping prompt (1818 chars): Request timed out.
[WARN] Skipping prompt (1741 chars): Request timed out.
[WARN] Skipping prompt (1397 chars): Request timed out.
[WARN] Skipping prompt (1432 chars): Request timed out.
[WARN] Skipping prompt (1463 chars): Request timed out.
[WARN] Skipping prompt (1336 chars): Request timed out.
[WARN] Skipping prompt (1987 chars): Request timed out.
[WARN] Skipping prompt (1694 chars): Request timed out.
[WARN] Skipping prompt (1787 chars): Request timed out.
[WARN] Skipping prompt (1380 chars): Request timed out.
[WARN] Skipping prompt (1139 chars): Request timed out.
[WARN] Skipping prompt (1842 chars): Request timed out.
Inference:  13%|█████████████                                                                                       | 3/23 [1:30:10<10:01:08, 1803.41s/it][WARN] Skipping prompt (1508 chars): Request timed out.
[WARN] Skipping prompt (1564 chars): Request timed out.
[WARN] Skipping prompt (1467 chars): Request timed out.
[WARN] Skipping prompt (1422 chars): Request timed out.
[WARN] Skipping prompt (2073 chars): Request timed out.
[WARN] Skipping prompt (1985 chars): Request timed out.
[WARN] Skipping prompt (1627 chars): Request timed out.
[WARN] Skipping prompt (1872 chars): Request timed out.
[WARN] Skipping prompt (1454 chars): Request timed out.
[WARN] Skipping prompt (1958 chars): Request timed out.
[WARN] Skipping prompt (2365 chars): Request timed out.
[WARN] Skipping prompt (3056 chars): Request timed out.
[WARN] Skipping prompt (1666 chars): Request timed out.
[WARN] Skipping prompt (2167 chars): Request timed out.
[WARN] Skipping prompt (1967 chars): Request timed out.
[WARN] Skipping prompt (1639 chars): Request timed out.
[WARN] Skipping prompt (1929 chars): Request timed out.
[WARN] Skipping prompt (1454 chars): Request timed out.
[WARN] Skipping prompt (2027 chars): Request timed out.
[WARN] Skipping prompt (1376 chars): Request timed out.
[WARN] Skipping prompt (1720 chars): Request timed out.
[WARN] Skipping prompt (1934 chars): Request timed out.
[WARN] Skipping prompt (1715 chars): Request timed out.
[WARN] Skipping prompt (1900 chars): Request timed out.
[WARN] Skipping prompt (2035 chars): Request timed out.
[WARN] Skipping prompt (2019 chars): Request timed out.
[WARN] Skipping prompt (1722 chars): Request timed out.
[WARN] Skipping prompt (1446 chars): Request timed out.
[WARN] Skipping prompt (1886 chars): Request timed out.
[WARN] Skipping prompt (1749 chars): Request timed out.
[WARN] Skipping prompt (1933 chars): Request timed out.
[WARN] Skipping prompt (2469 chars): Request timed out.
[WARN] Skipping prompt (1395 chars): Request timed out.
[WARN] Skipping prompt (1502 chars): Request timed out.
[WARN] Skipping prompt (1963 chars): Request timed out.
[WARN] Skipping prompt (1789 chars): Request timed out.
[WARN] Skipping prompt (1663 chars): Request timed out.
[WARN] Skipping prompt (1536 chars): Request timed out.
[WARN] Skipping prompt (1827 chars): Request timed out.
[WARN] Skipping prompt (3406 chars): Request timed out.
[WARN] Skipping prompt (1980 chars): Request timed out.
[WARN] Skipping prompt (1653 chars): Request timed out.
[WARN] Skipping prompt (2177 chars): Request timed out.
[WARN] Skipping prompt (3277 chars): Request timed out.
[WARN] Skipping prompt (1865 chars): Request timed out.
[WARN] Skipping prompt (1630 chars): Request timed out.
[WARN] Skipping prompt (1571 chars): Request timed out.
[WARN] Skipping prompt (1430 chars): Request timed out.
[WARN] Skipping prompt (1361 chars): Request timed out.
[WARN] Skipping prompt (1728 chars): Request timed out.
[WARN] Skipping prompt (2105 chars): Request timed out.
Inference:  17%|█████████████████▌                                                                                   | 4/23 [2:00:13<9:31:04, 1803.37s/it][WARN] Skipping prompt (1351 chars): Request timed out.
[WARN] Skipping prompt (1969 chars): Request timed out.
[WARN] Skipping prompt (1742 chars): Request timed out.
[WARN] Skipping prompt (1786 chars): Request timed out.
[WARN] Skipping prompt (1631 chars): Request timed out.
[WARN] Skipping prompt (1846 chars): Request timed out.
[WARN] Skipping prompt (1920 chars): Request timed out.
[WARN] Skipping prompt (1409 chars): Request timed out.
[WARN] Skipping prompt (2329 chars): Request timed out.
[WARN] Skipping prompt (1401 chars): Request timed out.
[WARN] Skipping prompt (1955 chars): Request timed out.
[WARN] Skipping prompt (1948 chars): Request timed out.
[WARN] Skipping prompt (1525 chars): Request timed out.
[WARN] Skipping prompt (1859 chars): Request timed out.
[WARN] Skipping prompt (1812 chars): Request timed out.
[WARN] Skipping prompt (1514 chars): Request timed out.
[WARN] Skipping prompt (1654 chars): Request timed out.
[WARN] Skipping prompt (2126 chars): Request timed out.
[WARN] Skipping prompt (1720 chars): Request timed out.
[WARN] Skipping prompt (1194 chars): Request timed out.
[WARN] Skipping prompt (2083 chars): Request timed out.
[WARN] Skipping prompt (1799 chars): Request timed out.
[WARN] Skipping prompt (1703 chars): Request timed out.
[WARN] Skipping prompt (2057 chars): Request timed out.
[WARN] Skipping prompt (1519 chars): Request timed out.
[WARN] Skipping prompt (1557 chars): Request timed out.
[WARN] Skipping prompt (2241 chars): Request timed out.
[WARN] Skipping prompt (1990 chars): Request timed out.
[WARN] Skipping prompt (1798 chars): Request timed out.
[WARN] Skipping prompt (1961 chars): Request timed out.
[WARN] Skipping prompt (1853 chars): Request timed out.
[WARN] Skipping prompt (2168 chars): Request timed out.
[WARN] Skipping prompt (2054 chars): Request timed out.
[WARN] Skipping prompt (1522 chars): Request timed out.
[WARN] Skipping prompt (1575 chars): Request timed out.
[WARN] Skipping prompt (1480 chars): Request timed out.
[WARN] Skipping prompt (1745 chars): Request timed out.
[WARN] Skipping prompt (1850 chars): Request timed out.
[WARN] Skipping prompt (1935 chars): Request timed out.
[WARN] Skipping prompt (1689 chars): Request timed out.
[WARN] Skipping prompt (2188 chars): Request timed out.
[WARN] Skipping prompt (1591 chars): Request timed out.
[WARN] Skipping prompt (1892 chars): Request timed out.
[WARN] Skipping prompt (1964 chars): Request timed out.
[WARN] Skipping prompt (1574 chars): Request timed out.
[WARN] Skipping prompt (1870 chars): Request timed out.
[WARN] Skipping prompt (2240 chars): Request timed out.
[WARN] Skipping prompt (1875 chars): Request timed out.
[WARN] Skipping prompt (1704 chars): Request timed out.
[WARN] Skipping prompt (1790 chars): Request timed out.
[WARN] Skipping prompt (1938 chars): Request timed out.
[WARN] Skipping prompt (1752 chars): Request timed out.
[WARN] Skipping prompt (1911 chars): Request timed out.
[WARN] Skipping prompt (2386 chars): Request timed out.
Inference:  22%|█████████████████████▉                                                                               | 5/23 [2:30:16<9:01:00, 1803.37s/it][WARN] Skipping prompt (1511 chars): Request timed out.
[WARN] Skipping prompt (1592 chars): Request timed out.
[WARN] Skipping prompt (1783 chars): Request timed out.
[WARN] Skipping prompt (1804 chars): Request timed out.
[WARN] Skipping prompt (1386 chars): Request timed out.
[WARN] Skipping prompt (2573 chars): Request timed out.
[WARN] Skipping prompt (1888 chars): Request timed out.
[WARN] Skipping prompt (1699 chars): Request timed out.
[WARN] Skipping prompt (1442 chars): Request timed out.
[WARN] Skipping prompt (1906 chars): Request timed out.
[WARN] Skipping prompt (1538 chars): Request timed out.
[WARN] Skipping prompt (1528 chars): Request timed out.
[WARN] Skipping prompt (1712 chars): Request timed out.
[WARN] Skipping prompt (1982 chars): Request timed out.
[WARN] Skipping prompt (1478 chars): Request timed out.
[WARN] Skipping prompt (1977 chars): Request timed out.
[WARN] Skipping prompt (2096 chars): Request timed out.
[WARN] Skipping prompt (1792 chars): Request timed out.
[WARN] Skipping prompt (1726 chars): Request timed out.
[WARN] Skipping prompt (1276 chars): Request timed out.
[WARN] Skipping prompt (2432 chars): Request timed out.
[WARN] Skipping prompt (1838 chars): Request timed out.
[WARN] Skipping prompt (2276 chars): Request timed out.
[WARN] Skipping prompt (1309 chars): Request timed out.
[WARN] Skipping prompt (1369 chars): Request timed out.
[WARN] Skipping prompt (1684 chars): Request timed out.
[WARN] Skipping prompt (1887 chars): Request timed out.
[WARN] Skipping prompt (1745 chars): Request timed out.
[WARN] Skipping prompt (1889 chars): Request timed out.
[WARN] Skipping prompt (1694 chars): Request timed out.
[WARN] Skipping prompt (2277 chars): Request timed out.
[WARN] Skipping prompt (1789 chars): Request timed out.
[WARN] Skipping prompt (2380 chars): Request timed out.
[WARN] Skipping prompt (1783 chars): Request timed out.
[WARN] Skipping prompt (1990 chars): Request timed out.
[WARN] Skipping prompt (1587 chars): Request timed out.
[WARN] Skipping prompt (1462 chars): Request timed out.
[WARN] Skipping prompt (1363 chars): Request timed out.
[WARN] Skipping prompt (1580 chars): Request timed out.
[WARN] Skipping prompt (1501 chars): Request timed out.
[WARN] Skipping prompt (1521 chars): Request timed out.
[WARN] Skipping prompt (1541 chars): Request timed out.
[WARN] Skipping prompt (1568 chars): Request timed out.
[WARN] Skipping prompt (1377 chars): Request timed out.
[WARN] Skipping prompt (2096 chars): Request timed out.
[WARN] Skipping prompt (2277 chars): Request timed out.
[WARN] Skipping prompt (1348 chars): Request timed out.
[WARN] Skipping prompt (1391 chars): Request timed out.
[WARN] Skipping prompt (1742 chars): Request timed out.
[WARN] Skipping prompt (1706 chars): Request timed out.
[WARN] Skipping prompt (1663 chars): Request timed out.
[WARN] Skipping prompt (1658 chars): Request timed out.
[WARN] Skipping prompt (1260 chars): Request timed out.
[WARN] Skipping prompt (1530 chars): Request timed out.
[WARN] Skipping prompt (2014 chars): Request timed out.
[WARN] Skipping prompt (2009 chars): Request timed out.
[WARN] Skipping prompt (2037 chars): Request timed out.
[WARN] Skipping prompt (2055 chars): Request timed out.
[WARN] Skipping prompt (2484 chars): Request timed out.
[WARN] Skipping prompt (1499 chars): Request timed out.
Inference:  26%|██████████████████████████▎                                                                          | 6/23 [3:00:20<8:30:57, 1803.36s/it][WARN] Skipping prompt (1628 chars): Request timed out.
[WARN] Skipping prompt (1463 chars): Request timed out.
[WARN] Skipping prompt (1330 chars): Request timed out.
[WARN] Skipping prompt (1903 chars): Request timed out.
[WARN] Skipping prompt (2194 chars): Request timed out.
[WARN] Skipping prompt (2284 chars): Request timed out.
[WARN] Skipping prompt (1283 chars): Request timed out.
[WARN] Skipping prompt (1540 chars): Request timed out.
[WARN] Skipping prompt (1367 chars): Request timed out.
[WARN] Skipping prompt (1449 chars): Request timed out.
[WARN] Skipping prompt (1159 chars): Request timed out.
[WARN] Skipping prompt (1675 chars): Request timed out.
[WARN] Skipping prompt (1403 chars): Request timed out.
[WARN] Skipping prompt (1422 chars): Request timed out.
[WARN] Skipping prompt (1189 chars): Request timed out.
[WARN] Skipping prompt (1315 chars): Request timed out.
[WARN] Skipping prompt (1387 chars): Request timed out.
[WARN] Skipping prompt (1300 chars): Request timed out.
[WARN] Skipping prompt (1475 chars): Request timed out.
[WARN] Skipping prompt (1816 chars): Request timed out.
[WARN] Skipping prompt (1454 chars): Request timed out.
[WARN] Skipping prompt (1397 chars): Request timed out.
[WARN] Skipping prompt (1488 chars): Request timed out.
[WARN] Skipping prompt (1401 chars): Request timed out.
[WARN] Skipping prompt (1835 chars): Request timed out.
[WARN] Skipping prompt (1828 chars): Request timed out.
[WARN] Skipping prompt (1842 chars): Request timed out.
[WARN] Skipping prompt (1858 chars): Request timed out.
[WARN] Skipping prompt (1655 chars): Request timed out.
[WARN] Skipping prompt (1635 chars): Request timed out.
[WARN] Skipping prompt (2020 chars): Request timed out.
[WARN] Skipping prompt (1495 chars): Request timed out.
[WARN] Skipping prompt (1459 chars): Request timed out.
[WARN] Skipping prompt (1261 chars): Request timed out.
[WARN] Skipping prompt (1317 chars): Request timed out.
[WARN] Skipping prompt (1842 chars): Request timed out.
[WARN] Skipping prompt (1666 chars): Request timed out.
[WARN] Skipping prompt (1186 chars): Request timed out.
[WARN] Skipping prompt (1803 chars): Request timed out.
[WARN] Skipping prompt (1407 chars): Request timed out.
[WARN] Skipping prompt (1546 chars): Request timed out.
[WARN] Skipping prompt (1333 chars): Request timed out.
[WARN] Skipping prompt (1363 chars): Request timed out.
[WARN] Skipping prompt (1445 chars): Request timed out.
[WARN] Skipping prompt (1341 chars): Request timed out.
[WARN] Skipping prompt (1325 chars): Request timed out.
[WARN] Skipping prompt (1531 chars): Request timed out.
[WARN] Skipping prompt (1583 chars): Request timed out.
[WARN] Skipping prompt (1397 chars): Request timed out.
[WARN] Skipping prompt (1815 chars): Request timed out.
[WARN] Skipping prompt (1658 chars): Request timed out.
[WARN] Skipping prompt (1445 chars): Request timed out.
[WARN] Skipping prompt (2096 chars): Request timed out.
[WARN] Skipping prompt (1901 chars): Request timed out.
[WARN] Skipping prompt (1365 chars): Request timed out.
[WARN] Skipping prompt (1626 chars): Request timed out.
[WARN] Skipping prompt (1532 chars): Request timed out.
[WARN] Skipping prompt (1432 chars): Request timed out.
Inference:  30%|██████████████████████████████▋                                                                      | 7/23 [3:30:23<8:00:53, 1803.36s/it][WARN] Skipping prompt (1285 chars): Request timed out.
[WARN] Skipping prompt (1330 chars): Request timed out.
[WARN] Skipping prompt (1447 chars): Request timed out.
[WARN] Skipping prompt (1632 chars): Request timed out.
[WARN] Skipping prompt (1527 chars): Request timed out.
[WARN] Skipping prompt (1370 chars): Request timed out.
[WARN] Skipping prompt (1253 chars): Request timed out.
[WARN] Skipping prompt (1295 chars): Request timed out.
[WARN] Skipping prompt (1309 chars): Request timed out.
[WARN] Skipping prompt (1463 chars): Request timed out.
[WARN] Skipping prompt (1324 chars): Request timed out.
[WARN] Skipping prompt (1872 chars): Request timed out.
[WARN] Skipping prompt (1530 chars): Request timed out.
[WARN] Skipping prompt (1822 chars): Request timed out.
[WARN] Skipping prompt (1400 chars): Request timed out.
[WARN] Skipping prompt (1333 chars): Request timed out.
[WARN] Skipping prompt (1274 chars): Request timed out.
[WARN] Skipping prompt (1596 chars): Request timed out.
[WARN] Skipping prompt (1489 chars): Request timed out.
[WARN] Skipping prompt (1448 chars): Request timed out.
[WARN] Skipping prompt (1321 chars): Request timed out.
[WARN] Skipping prompt (1339 chars): Request timed out.
[WARN] Skipping prompt (1878 chars): Request timed out.
[WARN] Skipping prompt (1306 chars): Request timed out.
[WARN] Skipping prompt (1535 chars): Request timed out.
[WARN] Skipping prompt (1353 chars): Request timed out.
[WARN] Skipping prompt (1442 chars): Request timed out.
[WARN] Skipping prompt (1516 chars): Request timed out.
[WARN] Skipping prompt (1833 chars): Request timed out.
[WARN] Skipping prompt (1616 chars): Request timed out.
[WARN] Skipping prompt (1498 chars): Request timed out.
[WARN] Skipping prompt (1456 chars): Request timed out.
[WARN] Skipping prompt (1286 chars): Request timed out.
[WARN] Skipping prompt (1400 chars): Request timed out.
[WARN] Skipping prompt (1831 chars): Request timed out.
[WARN] Skipping prompt (1608 chars): Request timed out.
[WARN] Skipping prompt (1605 chars): Request timed out.
[WARN] Skipping prompt (1418 chars): Request timed out.
[WARN] Skipping prompt (1461 chars): Request timed out.
[WARN] Skipping prompt (1477 chars): Request timed out.
[WARN] Skipping prompt (1479 chars): Request timed out.
[WARN] Skipping prompt (1328 chars): Request timed out.
[WARN] Skipping prompt (1276 chars): Request timed out.
[WARN] Skipping prompt (1475 chars): Request timed out.
[WARN] Skipping prompt (1337 chars): Request timed out.
[WARN] Skipping prompt (1361 chars): Request timed out.
[WARN] Skipping prompt (1490 chars): Request timed out.
[WARN] Skipping prompt (1345 chars): Request timed out.
[WARN] Skipping prompt (1332 chars): Request timed out.
[WARN] Skipping prompt (1362 chars): Request timed out.
[WARN] Skipping prompt (1360 chars): Request timed out.
[WARN] Skipping prompt (1614 chars): Request timed out.
[WARN] Skipping prompt (1636 chars): Request timed out.
[WARN] Skipping prompt (1446 chars): Request timed out.
[WARN] Skipping prompt (1315 chars): Request timed out.
[WARN] Skipping prompt (1415 chars): Request timed out.
[WARN] Skipping prompt (1512 chars): Request timed out.
[WARN] Skipping prompt (1497 chars): Request timed out.
[WARN] Skipping prompt (1314 chars): Request timed out.
[WARN] Skipping prompt (1316 chars): Request timed out.
Inference:  35%|███████████████████████████████████▏                                                                 | 8/23 [4:00:27<7:30:50, 1803.37s/it][WARN] Skipping prompt (1747 chars): Request timed out.
[WARN] Skipping prompt (2301 chars): Request timed out.
[WARN] Skipping prompt (1398 chars): Request timed out.
[WARN] Skipping prompt (1376 chars): Request timed out.
[WARN] Skipping prompt (1559 chars): Request timed out.
[WARN] Skipping prompt (1578 chars): Request timed out.
[WARN] Skipping prompt (1284 chars): Request timed out.
[WARN] Skipping prompt (1470 chars): Request timed out.
[WARN] Skipping prompt (1647 chars): Request timed out.
[WARN] Skipping prompt (1391 chars): Request timed out.
[WARN] Skipping prompt (1452 chars): Request timed out.
[WARN] Skipping prompt (1292 chars): Request timed out.
[WARN] Skipping prompt (1569 chars): Request timed out.
[WARN] Skipping prompt (1887 chars): Request timed out.
[WARN] Skipping prompt (1553 chars): Request timed out.
[WARN] Skipping prompt (1543 chars): Request timed out.
[WARN] Skipping prompt (1406 chars): Request timed out.
[WARN] Skipping prompt (1326 chars): Request timed out.
[WARN] Skipping prompt (1302 chars): Request timed out.
[WARN] Skipping prompt (1424 chars): Request timed out.
[WARN] Skipping prompt (1230 chars): Request timed out.
[WARN] Skipping prompt (1661 chars): Request timed out.
[WARN] Skipping prompt (1468 chars): Request timed out.
[WARN] Skipping prompt (1402 chars): Request timed out.
[WARN] Skipping prompt (1739 chars): Request timed out.
[WARN] Skipping prompt (1289 chars): Request timed out.
[WARN] Skipping prompt (1401 chars): Request timed out.
[WARN] Skipping prompt (1632 chars): Request timed out.
[WARN] Skipping prompt (1305 chars): Request timed out.
[WARN] Skipping prompt (1307 chars): Request timed out.
[WARN] Skipping prompt (1678 chars): Request timed out.
[WARN] Skipping prompt (1406 chars): Request timed out.
[WARN] Skipping prompt (1409 chars): Request timed out.
[WARN] Skipping prompt (1551 chars): Request timed out.
[WARN] Skipping prompt (1449 chars): Request timed out.
[WARN] Skipping prompt (1384 chars): Request timed out.
[WARN] Skipping prompt (1767 chars): Request timed out.
[WARN] Skipping prompt (1696 chars): Request timed out.
[WARN] Skipping prompt (1553 chars): Request timed out.
[WARN] Skipping prompt (1351 chars): Request timed out.
[WARN] Skipping prompt (1332 chars): Request timed out.
[WARN] Skipping prompt (1568 chars): Request timed out.
[WARN] Skipping prompt (1629 chars): Request timed out.
[WARN] Skipping prompt (1586 chars): Request timed out.
[WARN] Skipping prompt (1330 chars): Request timed out.
[WARN] Skipping prompt (1396 chars): Request timed out.
[WARN] Skipping prompt (1356 chars): Request timed out.
[WARN] Skipping prompt (1646 chars): Request timed out.
[WARN] Skipping prompt (1380 chars): Request timed out.
[WARN] Skipping prompt (1626 chars): Request timed out.
[WARN] Skipping prompt (1386 chars): Request timed out.
[WARN] Skipping prompt (1487 chars): Request timed out.
[WARN] Skipping prompt (1567 chars): Request timed out.
[WARN] Skipping prompt (1382 chars): Request timed out.
[WARN] Skipping prompt (1467 chars): Request timed out.
[WARN] Skipping prompt (2304 chars): Request timed out.
Inference:  39%|███████████████████████████████████████▌                                                             | 9/23 [4:30:30<7:00:47, 1803.37s/it][WARN] Skipping prompt (1453 chars): Request timed out.
[WARN] Skipping prompt (1666 chars): Request timed out.
[WARN] Skipping prompt (1790 chars): Request timed out.
[WARN] Skipping prompt (1805 chars): Request timed out.
[WARN] Skipping prompt (1694 chars): Request timed out.
[WARN] Skipping prompt (1765 chars): Request timed out.
[WARN] Skipping prompt (1294 chars): Request timed out.
[WARN] Skipping prompt (2206 chars): Request timed out.
[WARN] Skipping prompt (2113 chars): Request timed out.
[WARN] Skipping prompt (1667 chars): Request timed out.
[WARN] Skipping prompt (1405 chars): Request timed out.
[WARN] Skipping prompt (1138 chars): Request timed out.
[WARN] Skipping prompt (1748 chars): Request timed out.
[WARN] Skipping prompt (1333 chars): Request timed out.
[WARN] Skipping prompt (1271 chars): Request timed out.
[WARN] Skipping prompt (1468 chars): Request timed out.
[WARN] Skipping prompt (1170 chars): Request timed out.
[WARN] Skipping prompt (1592 chars): Request timed out.
[WARN] Skipping prompt (1711 chars): Request timed out.
[WARN] Skipping prompt (2318 chars): Request timed out.
[WARN] Skipping prompt (1475 chars): Request timed out.
[WARN] Skipping prompt (2195 chars): Request timed out.
[WARN] Skipping prompt (2067 chars): Request timed out.
[WARN] Skipping prompt (1114 chars): Request timed out.
[WARN] Skipping prompt (2192 chars): Request timed out.
[WARN] Skipping prompt (1547 chars): Request timed out.
[WARN] Skipping prompt (2033 chars): Request timed out.
[WARN] Skipping prompt (1971 chars): Request timed out.
[WARN] Skipping prompt (1544 chars): Request timed out.
[WARN] Skipping prompt (1499 chars): Request timed out.
[WARN] Skipping prompt (1278 chars): Request timed out.
[WARN] Skipping prompt (1570 chars): Request timed out.
[WARN] Skipping prompt (1710 chars): Request timed out.
[WARN] Skipping prompt (1369 chars): Request timed out.
[WARN] Skipping prompt (1446 chars): Request timed out.
[WARN] Skipping prompt (1521 chars): Request timed out.
[WARN] Skipping prompt (1951 chars): Request timed out.
[WARN] Skipping prompt (1854 chars): Request timed out.
[WARN] Skipping prompt (2062 chars): Request timed out.
[WARN] Skipping prompt (1770 chars): Request timed out.
[WARN] Skipping prompt (2192 chars): Request timed out.
Inference:  43%|███████████████████████████████████████████▍                                                        | 10/23 [5:00:33<6:30:43, 1803.37s/it][WARN] Skipping prompt (1502 chars): Request timed out.
[WARN] Skipping prompt (1627 chars): Request timed out.
[WARN] Skipping prompt (2048 chars): Request timed out.
[WARN] Skipping prompt (1590 chars): Request timed out.
[WARN] Skipping prompt (1622 chars): Request timed out.
[WARN] Skipping prompt (1465 chars): Request timed out.
[WARN] Skipping prompt (1885 chars): Request timed out.
[WARN] Skipping prompt (1456 chars): Request timed out.
[WARN] Skipping prompt (1447 chars): Request timed out.
[WARN] Skipping prompt (1910 chars): Request timed out.
[WARN] Skipping prompt (1158 chars): Request timed out.
[WARN] Skipping prompt (1406 chars): Request timed out.
[WARN] Skipping prompt (1403 chars): Request timed out.
[WARN] Skipping prompt (1525 chars): Request timed out.
[WARN] Skipping prompt (1647 chars): Request timed out.
[WARN] Skipping prompt (1520 chars): Request timed out.
[WARN] Skipping prompt (1887 chars): Request timed out.
[WARN] Skipping prompt (1520 chars): Request timed out.
[WARN] Skipping prompt (1243 chars): Request timed out.
[WARN] Skipping prompt (1702 chars): Request timed out.
[WARN] Skipping prompt (1441 chars): Request timed out.
[WARN] Skipping prompt (2103 chars): Request timed out.
[WARN] Skipping prompt (1532 chars): Request timed out.
[WARN] Skipping prompt (2514 chars): Request timed out.
[WARN] Skipping prompt (1399 chars): Request timed out.
[WARN] Skipping prompt (1337 chars): Request timed out.
Inference:  48%|███████████████████████████████████████████████▊                                                    | 11/23 [5:30:37<6:00:40, 1803.37s/it][WARN] Skipping prompt (1248 chars): Request timed out.
[WARN] Skipping prompt (1648 chars): Request timed out.
[WARN] Skipping prompt (1878 chars): Request timed out.
[WARN] Skipping prompt (1449 chars): Request timed out.
[WARN] Skipping prompt (2182 chars): Request timed out.
[WARN] Skipping prompt (1486 chars): Request timed out.
[WARN] Skipping prompt (1398 chars): Request timed out.
[WARN] Skipping prompt (1209 chars): Request timed out.
[WARN] Skipping prompt (1426 chars): Request timed out.
[WARN] Skipping prompt (1555 chars): Request timed out.
[WARN] Skipping prompt (1756 chars): Request timed out.
[WARN] Skipping prompt (1263 chars): Request timed out.
[WARN] Skipping prompt (1357 chars): Request timed out.
[WARN] Skipping prompt (1318 chars): Request timed out.
[WARN] Skipping prompt (1471 chars): Request timed out.
[WARN] Skipping prompt (1612 chars): Request timed out.
[WARN] Skipping prompt (1285 chars): Request timed out.
[WARN] Skipping prompt (1664 chars): Request timed out.
[WARN] Skipping prompt (1607 chars): Request timed out.
[WARN] Skipping prompt (1797 chars): Request timed out.
[WARN] Skipping prompt (1526 chars): Request timed out.
[WARN] Skipping prompt (1553 chars): Request timed out.
[WARN] Skipping prompt (2766 chars): Request timed out.
[WARN] Skipping prompt (1506 chars): Request timed out.
[WARN] Skipping prompt (1438 chars): Request timed out.
[WARN] Skipping prompt (1176 chars): Request timed out.
[WARN] Skipping prompt (1395 chars): Request timed out.
[WARN] Skipping prompt (1996 chars): Request timed out.
[WARN] Skipping prompt (1275 chars): Request timed out.
[WARN] Skipping prompt (1859 chars): Request timed out.
[WARN] Skipping prompt (1436 chars): Request timed out.
[WARN] Skipping prompt (1400 chars): Request timed out.
Inference:  52%|████████████████████████████████████████████████████▏                                               | 12/23 [6:00:40<5:30:36, 1803.35s/it][WARN] Skipping prompt (1271 chars): Request timed out.
[WARN] Skipping prompt (1381 chars): Request timed out.
[WARN] Skipping prompt (1401 chars): Request timed out.
[WARN] Skipping prompt (2175 chars): Request timed out.
[WARN] Skipping prompt (1530 chars): Request timed out.
[WARN] Skipping prompt (1244 chars): Request timed out.
[WARN] Skipping prompt (1632 chars): Request timed out.
[WARN] Skipping prompt (1541 chars): Request timed out.
[WARN] Skipping prompt (1789 chars): Request timed out.
[WARN] Skipping prompt (1840 chars): Request timed out.
[WARN] Skipping prompt (1262 chars): Request timed out.
[WARN] Skipping prompt (1241 chars): Request timed out.
[WARN] Skipping prompt (1878 chars): Request timed out.
[WARN] Skipping prompt (1851 chars): Request timed out.
[WARN] Skipping prompt (1285 chars): Request timed out.
[WARN] Skipping prompt (1658 chars): Request timed out.
[WARN] Skipping prompt (1733 chars): Request timed out.
[WARN] Skipping prompt (1188 chars): Request timed out.
[WARN] Skipping prompt (1561 chars): Request timed out.
[WARN] Skipping prompt (1256 chars): Request timed out.
[WARN] Skipping prompt (2356 chars): Request timed out.
[WARN] Skipping prompt (1196 chars): Request timed out.
[WARN] Skipping prompt (1444 chars): Request timed out.
[WARN] Skipping prompt (1484 chars): Request timed out.
[WARN] Skipping prompt (1348 chars): Request timed out.
[WARN] Skipping prompt (1450 chars): Request timed out.
[WARN] Skipping prompt (1430 chars): Request timed out.
[WARN] Skipping prompt (2233 chars): Request timed out.
[WARN] Skipping prompt (1355 chars): Request timed out.
[WARN] Skipping prompt (2794 chars): Request timed out.
Inference:  57%|████████████████████████████████████████████████████████▌                                           | 13/23 [6:30:43<5:00:33, 1803.33s/it][WARN] Skipping prompt (1529 chars): Request timed out.
[WARN] Skipping prompt (1389 chars): Request timed out.
[WARN] Skipping prompt (1514 chars): Request timed out.
[WARN] Skipping prompt (1558 chars): Request timed out.
[WARN] Skipping prompt (1182 chars): Request timed out.
[WARN] Skipping prompt (1934 chars): Request timed out.
[WARN] Skipping prompt (1925 chars): Request timed out.
[WARN] Skipping prompt (1648 chars): Request timed out.
[WARN] Skipping prompt (1867 chars): Request timed out.
[WARN] Skipping prompt (1687 chars): Request timed out.
[WARN] Skipping prompt (1295 chars): Request timed out.
[WARN] Skipping prompt (1934 chars): Request timed out.
[WARN] Skipping prompt (1649 chars): Request timed out.
[WARN] Skipping prompt (1680 chars): Request timed out.
[WARN] Skipping prompt (1207 chars): Request timed out.
[WARN] Skipping prompt (1490 chars): Request timed out.
[WARN] Skipping prompt (1511 chars): Request timed out.
[WARN] Skipping prompt (1545 chars): Request timed out.
[WARN] Skipping prompt (1979 chars): Request timed out.
[WARN] Skipping prompt (1764 chars): Request timed out.
[WARN] Skipping prompt (1182 chars): Request timed out.
[WARN] Skipping prompt (2147 chars): Request timed out.
[WARN] Skipping prompt (1995 chars): Request timed out.
[WARN] Skipping prompt (1385 chars): Request timed out.
[WARN] Skipping prompt (1953 chars): Request timed out.
[WARN] Skipping prompt (1295 chars): Request timed out.
[WARN] Skipping prompt (1719 chars): Request timed out.
[WARN] Skipping prompt (1599 chars): Request timed out.
[WARN] Skipping prompt (1463 chars): Request timed out.
Inference:  61%|████████████████████████████████████████████████████████████▊                                       | 14/23 [7:00:47<4:30:29, 1803.32s/it][WARN] Skipping prompt (1242 chars): Request timed out.
[WARN] Skipping prompt (1526 chars): Request timed out.
[WARN] Skipping prompt (2302 chars): Request timed out.
[WARN] Skipping prompt (1764 chars): Request timed out.
[WARN] Skipping prompt (1417 chars): Request timed out.
[WARN] Skipping prompt (2166 chars): Request timed out.
[WARN] Skipping prompt (1437 chars): Request timed out.
[WARN] Skipping prompt (1735 chars): Request timed out.
[WARN] Skipping prompt (1418 chars): Request timed out.
[WARN] Skipping prompt (1556 chars): Request timed out.
[WARN] Skipping prompt (1433 chars): Request timed out.
[WARN] Skipping prompt (2410 chars): Request timed out.
[WARN] Skipping prompt (1337 chars): Request timed out.
[WARN] Skipping prompt (1350 chars): Request timed out.
[WARN] Skipping prompt (1498 chars): Request timed out.
[WARN] Skipping prompt (1303 chars): Request timed out.
[WARN] Skipping prompt (1403 chars): Request timed out.
[WARN] Skipping prompt (1493 chars): Request timed out.
[WARN] Skipping prompt (1280 chars): Request timed out.
[WARN] Skipping prompt (1330 chars): Request timed out.
[WARN] Skipping prompt (1545 chars): Request timed out.
[WARN] Skipping prompt (1356 chars): Request timed out.
[WARN] Skipping prompt (1210 chars): Request timed out.
[WARN] Skipping prompt (2109 chars): Request timed out.
[WARN] Skipping prompt (1170 chars): Request timed out.
[WARN] Skipping prompt (1412 chars): Request timed out.
[WARN] Skipping prompt (1402 chars): Request timed out.
[WARN] Skipping prompt (1844 chars): Request timed out.
Inference:  65%|█████████████████████████████████████████████████████████████████▏                                  | 15/23 [7:30:50<4:00:26, 1803.32s/it][WARN] Skipping prompt (1425 chars): Request timed out.
[WARN] Skipping prompt (1338 chars): Request timed out.
[WARN] Skipping prompt (1742 chars): Request timed out.
[WARN] Skipping prompt (1884 chars): Request timed out.
[WARN] Skipping prompt (1774 chars): Request timed out.
[WARN] Skipping prompt (1252 chars): Request timed out.
[WARN] Skipping prompt (1338 chars): Request timed out.
[WARN] Skipping prompt (2555 chars): Request timed out.
[WARN] Skipping prompt (1259 chars): Request timed out.
[WARN] Skipping prompt (1620 chars): Request timed out.
[WARN] Skipping prompt (1455 chars): Request timed out.
[WARN] Skipping prompt (1942 chars): Request timed out.
[WARN] Skipping prompt (1399 chars): Request timed out.
[WARN] Skipping prompt (1711 chars): Request timed out.
[WARN] Skipping prompt (1410 chars): Request timed out.
[WARN] Skipping prompt (1188 chars): Request timed out.
[WARN] Skipping prompt (1283 chars): Request timed out.
[WARN] Skipping prompt (1303 chars): Request timed out.
[WARN] Skipping prompt (1488 chars): Request timed out.
[WARN] Skipping prompt (2029 chars): Request timed out.
[WARN] Skipping prompt (1451 chars): Request timed out.
[WARN] Skipping prompt (1521 chars): Request timed out.
[WARN] Skipping prompt (2226 chars): Request timed out.
[WARN] Skipping prompt (1636 chars): Request timed out.
[WARN] Skipping prompt (1466 chars): Request timed out.
[WARN] Skipping prompt (1230 chars): Request timed out.
[WARN] Skipping prompt (2044 chars): Request timed out.
[WARN] Skipping prompt (1292 chars): Request timed out.
[WARN] Skipping prompt (1537 chars): Request timed out.
[WARN] Skipping prompt (1250 chars): Request timed out.
Inference:  70%|█████████████████████████████████████████████████████████████████████▌                              | 16/23 [8:00:53<3:30:23, 1803.31s/it]