Inference:   0%|                                                                                                                   | 0/30 [00:00<?, ?it/s]Inference:   3%|███▌                                                                                                       | 1/30 [00:51<25:01, 51.78s/it]Inference:   7%|███████▏                                                                                                   | 2/30 [01:27<19:40, 42.15s/it]Inference:  10%|██████████▋                                                                                                | 3/30 [02:03<17:48, 39.58s/it]Inference:  13%|██████████████▎                                                                                            | 4/30 [02:54<19:03, 43.99s/it]Inference:  17%|█████████████████▊                                                                                         | 5/30 [03:46<19:30, 46.84s/it]Inference:  20%|█████████████████████▍                                                                                     | 6/30 [03:53<13:23, 33.48s/it][WARN] Skipping prompt (823 chars): Connection error.
[WARN] Skipping prompt (1652 chars): Connection error.
[WARN] Skipping prompt (1132 chars): Connection error.
[WARN] Skipping prompt (1548 chars): Connection error.
[WARN] Skipping prompt (1379 chars): Connection error.
[WARN] Skipping prompt (1470 chars): Connection error.
[WARN] Skipping prompt (1026 chars): Connection error.
[WARN] Skipping prompt (1007 chars): Connection error.
[WARN] Skipping prompt (944 chars): Connection error.
[WARN] Skipping prompt (1265 chars): Connection error.
[WARN] Skipping prompt (950 chars): Connection error.
[WARN] Skipping prompt (983 chars): Connection error.
[WARN] Skipping prompt (1083 chars): Connection error.
[WARN] Skipping prompt (850 chars): Connection error.
[WARN] Skipping prompt (825 chars): Connection error.
[WARN] Skipping prompt (1182 chars): Connection error.
[WARN] Skipping prompt (1063 chars): Connection error.
[WARN] Skipping prompt (1425 chars): Connection error.
[WARN] Skipping prompt (1401 chars): Connection error.
[WARN] Skipping prompt (1057 chars): Connection error.
[WARN] Skipping prompt (1157 chars): Connection error.
[WARN] Skipping prompt (975 chars): Connection error.
[WARN] Skipping prompt (1220 chars): Connection error.
[WARN] Skipping prompt (1183 chars): Connection error.
[WARN] Skipping prompt (1573 chars): Connection error.
[WARN] Skipping prompt (955 chars): Connection error.
[WARN] Skipping prompt (1777 chars): Connection error.
[WARN] Skipping prompt (1180 chars): Connection error.
[WARN] Skipping prompt (1530 chars): Connection error.
[WARN] Skipping prompt (1228 chars): Connection error.
[WARN] Skipping prompt (1361 chars): Connection error.
[WARN] Skipping prompt (1383 chars): Connection error.
[WARN] Skipping prompt (785 chars): Connection error.
[WARN] Skipping prompt (1057 chars): Connection error.
[WARN] Skipping prompt (1212 chars): Connection error.
[WARN] Skipping prompt (2084 chars): Connection error.
[WARN] Skipping prompt (1172 chars): Connection error.
[WARN] Skipping prompt (1359 chars): Connection error.
[WARN] Skipping prompt (1548 chars): Connection error.
[WARN] Skipping prompt (901 chars): Connection error.
[WARN] Skipping prompt (1418 chars): Connection error.
[WARN] Skipping prompt (989 chars): Connection error.
[WARN] Skipping prompt (972 chars): Connection error.
[WARN] Skipping prompt (985 chars): Connection error.
[WARN] Skipping prompt (1153 chars): Connection error.
[WARN] Skipping prompt (1346 chars): Connection error.
[WARN] Skipping prompt (848 chars): Connection error.
[WARN] Skipping prompt (1137 chars): Connection error.
[WARN] Skipping prompt (978 chars): Connection error.
[WARN] Skipping prompt (1313 chars): Connection error.
[WARN] Skipping prompt (1112 chars): Connection error.
[WARN] Skipping prompt (1102 chars): Connection error.
[WARN] Skipping prompt (781 chars): Connection error.
[WARN] Skipping prompt (1543 chars): Connection error.
[WARN] Skipping prompt (1044 chars): Connection error.
[WARN] Skipping prompt (1009 chars): Connection error.
[WARN] Skipping prompt (841 chars): Connection error.
[WARN] Skipping prompt (927 chars): Connection error.
[WARN] Skipping prompt (1327 chars): Connection error.
[WARN] Skipping prompt (1021 chars): Connection error.
[WARN] Skipping prompt (1066 chars): Connection error.
[WARN] Skipping prompt (1204 chars): Connection error.
[WARN] Skipping prompt (1079 chars): Connection error.
[WARN] Skipping prompt (1097 chars): Connection error.
Inference:  23%|████████████████████████▉                                                                                  | 7/30 [03:57<09:02, 23.60s/it][WARN] Skipping prompt (1783 chars): Connection error.
[WARN] Skipping prompt (1080 chars): Connection error.
[WARN] Skipping prompt (1285 chars): Connection error.
[WARN] Skipping prompt (1182 chars): Connection error.
[WARN] Skipping prompt (1782 chars): Connection error.
[WARN] Skipping prompt (974 chars): Connection error.
[WARN] Skipping prompt (1365 chars): Connection error.
[WARN] Skipping prompt (1058 chars): Connection error.
[WARN] Skipping prompt (1223 chars): Connection error.
[WARN] Skipping prompt (924 chars): Connection error.
[WARN] Skipping prompt (1262 chars): Connection error.
[WARN] Skipping prompt (987 chars): Connection error.
[WARN] Skipping prompt (1189 chars): Connection error.
[WARN] Skipping prompt (1260 chars): Connection error.
[WARN] Skipping prompt (1251 chars): Connection error.
[WARN] Skipping prompt (1322 chars): Connection error.
[WARN] Skipping prompt (1296 chars): Connection error.
[WARN] Skipping prompt (989 chars): Connection error.
[WARN] Skipping prompt (1453 chars): Connection error.
[WARN] Skipping prompt (1026 chars): Connection error.
[WARN] Skipping prompt (1029 chars): Connection error.
[WARN] Skipping prompt (1207 chars): Connection error.
[WARN] Skipping prompt (974 chars): Connection error.
[WARN] Skipping prompt (775 chars): Connection error.
[WARN] Skipping prompt (1578 chars): Connection error.
[WARN] Skipping prompt (1440 chars): Connection error.
[WARN] Skipping prompt (1459 chars): Connection error.
[WARN] Skipping prompt (1158 chars): Connection error.
[WARN] Skipping prompt (1796 chars): Connection error.
[WARN] Skipping prompt (1271 chars): Connection error.
[WARN] Skipping prompt (1440 chars): Connection error.
[WARN] Skipping prompt (1027 chars): Connection error.
[WARN] Skipping prompt (1062 chars): Connection error.
[WARN] Skipping prompt (1144 chars): Connection error.
[WARN] Skipping prompt (990 chars): Connection error.
[WARN] Skipping prompt (1190 chars): Connection error.
[WARN] Skipping prompt (1517 chars): Connection error.
[WARN] Skipping prompt (1268 chars): Connection error.
[WARN] Skipping prompt (919 chars): Connection error.
[WARN] Skipping prompt (1169 chars): Connection error.
[WARN] Skipping prompt (1386 chars): Connection error.
[WARN] Skipping prompt (1507 chars): Connection error.
[WARN] Skipping prompt (847 chars): Connection error.
[WARN] Skipping prompt (1165 chars): Connection error.
[WARN] Skipping prompt (1093 chars): Connection error.
[WARN] Skipping prompt (969 chars): Connection error.
[WARN] Skipping prompt (962 chars): Connection error.
[WARN] Skipping prompt (951 chars): Connection error.
[WARN] Skipping prompt (956 chars): Connection error.
[WARN] Skipping prompt (1573 chars): Connection error.
[WARN] Skipping prompt (1052 chars): Connection error.
[WARN] Skipping prompt (935 chars): Connection error.
[WARN] Skipping prompt (1590 chars): Connection error.
[WARN] Skipping prompt (1333 chars): Connection error.
[WARN] Skipping prompt (1545 chars): Connection error.
[WARN] Skipping prompt (1649 chars): Connection error.
[WARN] Skipping prompt (1086 chars): Connection error.
[WARN] Skipping prompt (966 chars): Connection error.
[WARN] Skipping prompt (784 chars): Connection error.
[WARN] Skipping prompt (979 chars): Connection error.
[WARN] Skipping prompt (1166 chars): Connection error.
[WARN] Skipping prompt (764 chars): Connection error.
[WARN] Skipping prompt (904 chars): Connection error.
[WARN] Skipping prompt (1157 chars): Connection error.
Inference:  27%|████████████████████████████▌                                                                              | 8/30 [04:00<06:16, 17.12s/it][WARN] Skipping prompt (1069 chars): Connection error.
[WARN] Skipping prompt (766 chars): Connection error.
[WARN] Skipping prompt (1846 chars): Connection error.
[WARN] Skipping prompt (1084 chars): Connection error.
[WARN] Skipping prompt (1308 chars): Connection error.
[WARN] Skipping prompt (1629 chars): Connection error.
[WARN] Skipping prompt (974 chars): Connection error.
[WARN] Skipping prompt (1237 chars): Connection error.
[WARN] Skipping prompt (1010 chars): Connection error.
[WARN] Skipping prompt (925 chars): Connection error.
[WARN] Skipping prompt (1001 chars): Connection error.
[WARN] Skipping prompt (1521 chars): Connection error.
[WARN] Skipping prompt (1118 chars): Connection error.
[WARN] Skipping prompt (1018 chars): Connection error.
[WARN] Skipping prompt (926 chars): Connection error.
[WARN] Skipping prompt (1223 chars): Connection error.
[WARN] Skipping prompt (1406 chars): Connection error.
[WARN] Skipping prompt (1315 chars): Connection error.
[WARN] Skipping prompt (1785 chars): Connection error.
[WARN] Skipping prompt (1302 chars): Connection error.
[WARN] Skipping prompt (1799 chars): Connection error.
[WARN] Skipping prompt (1799 chars): Connection error.
[WARN] Skipping prompt (1089 chars): Connection error.
[WARN] Skipping prompt (1860 chars): Connection error.
[WARN] Skipping prompt (906 chars): Connection error.
[WARN] Skipping prompt (1825 chars): Connection error.
[WARN] Skipping prompt (1439 chars): Connection error.
[WARN] Skipping prompt (1143 chars): Connection error.
[WARN] Skipping prompt (1049 chars): Connection error.
[WARN] Skipping prompt (1123 chars): Connection error.
[WARN] Skipping prompt (1363 chars): Connection error.
[WARN] Skipping prompt (1400 chars): Connection error.
[WARN] Skipping prompt (1158 chars): Connection error.
[WARN] Skipping prompt (1735 chars): Connection error.
[WARN] Skipping prompt (825 chars): Connection error.
[WARN] Skipping prompt (1013 chars): Connection error.
[WARN] Skipping prompt (1392 chars): Connection error.
[WARN] Skipping prompt (1505 chars): Connection error.
[WARN] Skipping prompt (1462 chars): Connection error.
[WARN] Skipping prompt (1292 chars): Connection error.
[WARN] Skipping prompt (1677 chars): Connection error.
[WARN] Skipping prompt (1001 chars): Connection error.
[WARN] Skipping prompt (891 chars): Connection error.
[WARN] Skipping prompt (1382 chars): Connection error.
[WARN] Skipping prompt (1017 chars): Connection error.
[WARN] Skipping prompt (1763 chars): Connection error.
[WARN] Skipping prompt (1070 chars): Connection error.
[WARN] Skipping prompt (1642 chars): Connection error.
[WARN] Skipping prompt (1527 chars): Connection error.
[WARN] Skipping prompt (1414 chars): Connection error.
[WARN] Skipping prompt (1605 chars): Connection error.
[WARN] Skipping prompt (1171 chars): Connection error.
[WARN] Skipping prompt (1172 chars): Connection error.
[WARN] Skipping prompt (1282 chars): Connection error.
[WARN] Skipping prompt (1201 chars): Connection error.
[WARN] Skipping prompt (1063 chars): Connection error.
[WARN] Skipping prompt (1665 chars): Connection error.
[WARN] Skipping prompt (1790 chars): Connection error.
[WARN] Skipping prompt (1163 chars): Connection error.
[WARN] Skipping prompt (1520 chars): Connection error.
[WARN] Skipping prompt (1265 chars): Connection error.
[WARN] Skipping prompt (1192 chars): Connection error.
[WARN] Skipping prompt (1378 chars): Connection error.
[WARN] Skipping prompt (1983 chars): Connection error.
Inference:  30%|████████████████████████████████                                                                           | 9/30 [04:03<04:28, 12.79s/it][WARN] Skipping prompt (1028 chars): Connection error.
[WARN] Skipping prompt (1670 chars): Connection error.
[WARN] Skipping prompt (1604 chars): Connection error.
[WARN] Skipping prompt (1688 chars): Connection error.
[WARN] Skipping prompt (1578 chars): Connection error.
[WARN] Skipping prompt (1609 chars): Connection error.
[WARN] Skipping prompt (1820 chars): Connection error.
[WARN] Skipping prompt (1572 chars): Connection error.
[WARN] Skipping prompt (1043 chars): Connection error.
[WARN] Skipping prompt (1237 chars): Connection error.
[WARN] Skipping prompt (1411 chars): Connection error.
[WARN] Skipping prompt (1421 chars): Connection error.
[WARN] Skipping prompt (2006 chars): Connection error.
[WARN] Skipping prompt (1622 chars): Connection error.
[WARN] Skipping prompt (1031 chars): Connection error.
[WARN] Skipping prompt (1516 chars): Connection error.
[WARN] Skipping prompt (1884 chars): Connection error.
[WARN] Skipping prompt (1273 chars): Connection error.
[WARN] Skipping prompt (1417 chars): Connection error.
[WARN] Skipping prompt (1099 chars): Connection error.
[WARN] Skipping prompt (1649 chars): Connection error.
[WARN] Skipping prompt (1267 chars): Connection error.
[WARN] Skipping prompt (1783 chars): Connection error.
[WARN] Skipping prompt (1180 chars): Connection error.
[WARN] Skipping prompt (1823 chars): Connection error.
[WARN] Skipping prompt (1672 chars): Connection error.
[WARN] Skipping prompt (1808 chars): Connection error.
[WARN] Skipping prompt (1589 chars): Connection error.
[WARN] Skipping prompt (925 chars): Connection error.
[WARN] Skipping prompt (1218 chars): Connection error.
[WARN] Skipping prompt (1721 chars): Connection error.
[WARN] Skipping prompt (1062 chars): Connection error.
[WARN] Skipping prompt (800 chars): Connection error.
[WARN] Skipping prompt (1168 chars): Connection error.
[WARN] Skipping prompt (1606 chars): Connection error.
[WARN] Skipping prompt (1682 chars): Connection error.
[WARN] Skipping prompt (1639 chars): Connection error.
[WARN] Skipping prompt (1091 chars): Connection error.
[WARN] Skipping prompt (1542 chars): Connection error.
[WARN] Skipping prompt (1384 chars): Connection error.
[WARN] Skipping prompt (1836 chars): Connection error.
[WARN] Skipping prompt (1435 chars): Connection error.
[WARN] Skipping prompt (1693 chars): Connection error.
[WARN] Skipping prompt (1093 chars): Connection error.
[WARN] Skipping prompt (1770 chars): Connection error.
[WARN] Skipping prompt (1395 chars): Connection error.
[WARN] Skipping prompt (1648 chars): Connection error.
[WARN] Skipping prompt (1529 chars): Connection error.
[WARN] Skipping prompt (955 chars): Connection error.
[WARN] Skipping prompt (1420 chars): Connection error.
[WARN] Skipping prompt (1645 chars): Connection error.
[WARN] Skipping prompt (1477 chars): Connection error.
[WARN] Skipping prompt (1639 chars): Connection error.
[WARN] Skipping prompt (1608 chars): Connection error.
[WARN] Skipping prompt (1185 chars): Connection error.
[WARN] Skipping prompt (1491 chars): Connection error.
[WARN] Skipping prompt (1371 chars): Connection error.
[WARN] Skipping prompt (1376 chars): Connection error.
[WARN] Skipping prompt (1245 chars): Connection error.
[WARN] Skipping prompt (1327 chars): Connection error.
[WARN] Skipping prompt (905 chars): Connection error.
[WARN] Skipping prompt (1894 chars): Connection error.
[WARN] Skipping prompt (898 chars): Connection error.
[WARN] Skipping prompt (1769 chars): Connection error.
Inference:  33%|███████████████████████████████████▎                                                                      | 10/30 [04:07<03:17,  9.87s/it][WARN] Skipping prompt (1109 chars): Connection error.
[WARN] Skipping prompt (1475 chars): Connection error.
[WARN] Skipping prompt (1326 chars): Connection error.
[WARN] Skipping prompt (1714 chars): Connection error.
[WARN] Skipping prompt (1555 chars): Connection error.
[WARN] Skipping prompt (932 chars): Connection error.
[WARN] Skipping prompt (1284 chars): Connection error.
[WARN] Skipping prompt (1508 chars): Connection error.
[WARN] Skipping prompt (918 chars): Connection error.
[WARN] Skipping prompt (1073 chars): Connection error.
[WARN] Skipping prompt (943 chars): Connection error.
[WARN] Skipping prompt (1260 chars): Connection error.
[WARN] Skipping prompt (883 chars): Connection error.
[WARN] Skipping prompt (1072 chars): Connection error.
[WARN] Skipping prompt (1065 chars): Connection error.
[WARN] Skipping prompt (1395 chars): Connection error.
[WARN] Skipping prompt (1271 chars): Connection error.
[WARN] Skipping prompt (1059 chars): Connection error.
[WARN] Skipping prompt (1641 chars): Connection error.
[WARN] Skipping prompt (1539 chars): Connection error.
[WARN] Skipping prompt (1125 chars): Connection error.
[WARN] Skipping prompt (1703 chars): Connection error.
[WARN] Skipping prompt (867 chars): Connection error.
[WARN] Skipping prompt (877 chars): Connection error.
[WARN] Skipping prompt (1126 chars): Connection error.
[WARN] Skipping prompt (1587 chars): Connection error.
[WARN] Skipping prompt (924 chars): Connection error.
[WARN] Skipping prompt (1293 chars): Connection error.
[WARN] Skipping prompt (1222 chars): Connection error.
[WARN] Skipping prompt (1697 chars): Connection error.
[WARN] Skipping prompt (1102 chars): Connection error.
[WARN] Skipping prompt (1173 chars): Connection error.
[WARN] Skipping prompt (1032 chars): Connection error.
[WARN] Skipping prompt (1036 chars): Connection error.
[WARN] Skipping prompt (1279 chars): Connection error.
[WARN] Skipping prompt (1405 chars): Connection error.
[WARN] Skipping prompt (1396 chars): Connection error.
[WARN] Skipping prompt (1295 chars): Connection error.
[WARN] Skipping prompt (1054 chars): Connection error.
[WARN] Skipping prompt (1612 chars): Connection error.
[WARN] Skipping prompt (1131 chars): Connection error.
[WARN] Skipping prompt (951 chars): Connection error.
[WARN] Skipping prompt (990 chars): Connection error.
[WARN] Skipping prompt (1861 chars): Connection error.
[WARN] Skipping prompt (844 chars): Connection error.
[WARN] Skipping prompt (1309 chars): Connection error.
[WARN] Skipping prompt (1054 chars): Connection error.
[WARN] Skipping prompt (1202 chars): Connection error.
[WARN] Skipping prompt (1456 chars): Connection error.
[WARN] Skipping prompt (1073 chars): Connection error.
[WARN] Skipping prompt (836 chars): Connection error.
[WARN] Skipping prompt (1669 chars): Connection error.
[WARN] Skipping prompt (1489 chars): Connection error.
[WARN] Skipping prompt (1682 chars): Connection error.
[WARN] Skipping prompt (1006 chars): Connection error.
[WARN] Skipping prompt (1178 chars): Connection error.
[WARN] Skipping prompt (997 chars): Connection error.
[WARN] Skipping prompt (1262 chars): Connection error.
[WARN] Skipping prompt (972 chars): Connection error.
[WARN] Skipping prompt (1780 chars): Connection error.
[WARN] Skipping prompt (1480 chars): Connection error.
[WARN] Skipping prompt (1465 chars): Connection error.
[WARN] Skipping prompt (1446 chars): Connection error.
[WARN] Skipping prompt (1224 chars): Connection error.
Inference:  37%|██████████████████████████████████████▊                                                                   | 11/30 [04:10<02:28,  7.83s/it][WARN] Skipping prompt (1842 chars): Connection error.
[WARN] Skipping prompt (1126 chars): Connection error.
[WARN] Skipping prompt (1664 chars): Connection error.
[WARN] Skipping prompt (1331 chars): Connection error.
[WARN] Skipping prompt (1747 chars): Connection error.
[WARN] Skipping prompt (1316 chars): Connection error.
[WARN] Skipping prompt (1744 chars): Connection error.
[WARN] Skipping prompt (1594 chars): Connection error.
[WARN] Skipping prompt (1461 chars): Connection error.
[WARN] Skipping prompt (1252 chars): Connection error.
[WARN] Skipping prompt (1811 chars): Connection error.
[WARN] Skipping prompt (1440 chars): Connection error.
[WARN] Skipping prompt (1235 chars): Connection error.
[WARN] Skipping prompt (1490 chars): Connection error.
[WARN] Skipping prompt (1363 chars): Connection error.
[WARN] Skipping prompt (1720 chars): Connection error.
[WARN] Skipping prompt (1322 chars): Connection error.
[WARN] Skipping prompt (1016 chars): Connection error.
[WARN] Skipping prompt (1445 chars): Connection error.
[WARN] Skipping prompt (1383 chars): Connection error.
[WARN] Skipping prompt (1182 chars): Connection error.
[WARN] Skipping prompt (1451 chars): Connection error.
[WARN] Skipping prompt (1473 chars): Connection error.
[WARN] Skipping prompt (1272 chars): Connection error.
[WARN] Skipping prompt (1487 chars): Connection error.
[WARN] Skipping prompt (2013 chars): Connection error.
[WARN] Skipping prompt (1474 chars): Connection error.
[WARN] Skipping prompt (1299 chars): Connection error.
[WARN] Skipping prompt (1417 chars): Connection error.
[WARN] Skipping prompt (1117 chars): Connection error.
[WARN] Skipping prompt (1329 chars): Connection error.
[WARN] Skipping prompt (1644 chars): Connection error.
[WARN] Skipping prompt (1188 chars): Connection error.
[WARN] Skipping prompt (1048 chars): Connection error.
[WARN] Skipping prompt (1280 chars): Connection error.
[WARN] Skipping prompt (1284 chars): Connection error.
[WARN] Skipping prompt (2147 chars): Connection error.
[WARN] Skipping prompt (1716 chars): Connection error.
[WARN] Skipping prompt (1929 chars): Connection error.
[WARN] Skipping prompt (1723 chars): Connection error.
[WARN] Skipping prompt (1608 chars): Connection error.
[WARN] Skipping prompt (1259 chars): Connection error.
[WARN] Skipping prompt (1394 chars): Connection error.
[WARN] Skipping prompt (1605 chars): Connection error.
[WARN] Skipping prompt (1038 chars): Connection error.
[WARN] Skipping prompt (2091 chars): Connection error.
[WARN] Skipping prompt (1480 chars): Connection error.
[WARN] Skipping prompt (1185 chars): Connection error.
[WARN] Skipping prompt (1299 chars): Connection error.
[WARN] Skipping prompt (1239 chars): Connection error.
[WARN] Skipping prompt (1861 chars): Connection error.
[WARN] Skipping prompt (1241 chars): Connection error.
[WARN] Skipping prompt (1734 chars): Connection error.
[WARN] Skipping prompt (1335 chars): Connection error.
[WARN] Skipping prompt (1799 chars): Connection error.
[WARN] Skipping prompt (1055 chars): Connection error.
[WARN] Skipping prompt (1178 chars): Connection error.
[WARN] Skipping prompt (1282 chars): Connection error.
[WARN] Skipping prompt (1476 chars): Connection error.
[WARN] Skipping prompt (1383 chars): Connection error.
[WARN] Skipping prompt (1937 chars): Connection error.
[WARN] Skipping prompt (1510 chars): Connection error.
[WARN] Skipping prompt (1243 chars): Connection error.
[WARN] Skipping prompt (1485 chars): Connection error.
Inference:  40%|██████████████████████████████████████████▍                                                               | 12/30 [04:13<01:55,  6.43s/it][WARN] Skipping prompt (1438 chars): Connection error.
[WARN] Skipping prompt (1322 chars): Connection error.
[WARN] Skipping prompt (1320 chars): Connection error.
[WARN] Skipping prompt (1232 chars): Connection error.
[WARN] Skipping prompt (1435 chars): Connection error.
[WARN] Skipping prompt (2050 chars): Connection error.
[WARN] Skipping prompt (1557 chars): Connection error.
[WARN] Skipping prompt (1347 chars): Connection error.
[WARN] Skipping prompt (1254 chars): Connection error.
[WARN] Skipping prompt (1692 chars): Connection error.
[WARN] Skipping prompt (1371 chars): Connection error.
[WARN] Skipping prompt (1403 chars): Connection error.
[WARN] Skipping prompt (1613 chars): Connection error.
[WARN] Skipping prompt (2044 chars): Connection error.
[WARN] Skipping prompt (1363 chars): Connection error.
[WARN] Skipping prompt (1543 chars): Connection error.
[WARN] Skipping prompt (1360 chars): Connection error.
[WARN] Skipping prompt (1688 chars): Connection error.
[WARN] Skipping prompt (1691 chars): Connection error.
[WARN] Skipping prompt (1495 chars): Connection error.
[WARN] Skipping prompt (1395 chars): Connection error.
[WARN] Skipping prompt (1491 chars): Connection error.
[WARN] Skipping prompt (1757 chars): Connection error.
[WARN] Skipping prompt (1657 chars): Connection error.
[WARN] Skipping prompt (1689 chars): Connection error.
[WARN] Skipping prompt (1681 chars): Connection error.
[WARN] Skipping prompt (1548 chars): Connection error.
[WARN] Skipping prompt (1447 chars): Connection error.
[WARN] Skipping prompt (1359 chars): Connection error.
[WARN] Skipping prompt (1423 chars): Connection error.
[WARN] Skipping prompt (1755 chars): Connection error.
[WARN] Skipping prompt (1388 chars): Connection error.
[WARN] Skipping prompt (1363 chars): Connection error.
[WARN] Skipping prompt (1982 chars): Connection error.
[WARN] Skipping prompt (1537 chars): Connection error.
[WARN] Skipping prompt (1787 chars): Connection error.
[WARN] Skipping prompt (1484 chars): Connection error.
[WARN] Skipping prompt (1508 chars): Connection error.
[WARN] Skipping prompt (1793 chars): Connection error.
[WARN] Skipping prompt (1460 chars): Connection error.
[WARN] Skipping prompt (1823 chars): Connection error.
[WARN] Skipping prompt (1240 chars): Connection error.
[WARN] Skipping prompt (1937 chars): Connection error.
[WARN] Skipping prompt (1461 chars): Connection error.
[WARN] Skipping prompt (1668 chars): Connection error.
[WARN] Skipping prompt (1819 chars): Connection error.
[WARN] Skipping prompt (1638 chars): Connection error.
[WARN] Skipping prompt (2524 chars): Connection error.
[WARN] Skipping prompt (2051 chars): Connection error.
[WARN] Skipping prompt (1024 chars): Connection error.
[WARN] Skipping prompt (1591 chars): Connection error.
[WARN] Skipping prompt (2085 chars): Connection error.
[WARN] Skipping prompt (1775 chars): Connection error.
[WARN] Skipping prompt (1748 chars): Connection error.
[WARN] Skipping prompt (1594 chars): Connection error.
[WARN] Skipping prompt (1778 chars): Connection error.
[WARN] Skipping prompt (1152 chars): Connection error.
[WARN] Skipping prompt (1945 chars): Connection error.
[WARN] Skipping prompt (1817 chars): Connection error.
[WARN] Skipping prompt (1519 chars): Connection error.
[WARN] Skipping prompt (1611 chars): Connection error.
[WARN] Skipping prompt (1754 chars): Connection error.
[WARN] Skipping prompt (1347 chars): Connection error.
[WARN] Skipping prompt (1041 chars): Connection error.
Inference:  43%|█████████████████████████████████████████████▉                                                            | 13/30 [04:16<01:33,  5.48s/it][WARN] Skipping prompt (1449 chars): Connection error.
[WARN] Skipping prompt (1705 chars): Connection error.
[WARN] Skipping prompt (2331 chars): Connection error.
[WARN] Skipping prompt (1794 chars): Connection error.
[WARN] Skipping prompt (1886 chars): Connection error.
[WARN] Skipping prompt (1503 chars): Connection error.
[WARN] Skipping prompt (1341 chars): Connection error.
[WARN] Skipping prompt (2030 chars): Connection error.
[WARN] Skipping prompt (1551 chars): Connection error.
[WARN] Skipping prompt (1646 chars): Connection error.
[WARN] Skipping prompt (1980 chars): Connection error.
[WARN] Skipping prompt (1371 chars): Connection error.
[WARN] Skipping prompt (1541 chars): Connection error.
[WARN] Skipping prompt (1962 chars): Connection error.
[WARN] Skipping prompt (2023 chars): Connection error.
[WARN] Skipping prompt (1635 chars): Connection error.
[WARN] Skipping prompt (1718 chars): Connection error.
[WARN] Skipping prompt (1615 chars): Connection error.
[WARN] Skipping prompt (1688 chars): Connection error.
[WARN] Skipping prompt (1697 chars): Connection error.
[WARN] Skipping prompt (1595 chars): Connection error.
[WARN] Skipping prompt (1735 chars): Connection error.
[WARN] Skipping prompt (1468 chars): Connection error.
[WARN] Skipping prompt (1062 chars): Connection error.
[WARN] Skipping prompt (1910 chars): Connection error.
[WARN] Skipping prompt (1170 chars): Connection error.
[WARN] Skipping prompt (1625 chars): Connection error.
[WARN] Skipping prompt (1533 chars): Connection error.
[WARN] Skipping prompt (1303 chars): Connection error.
[WARN] Skipping prompt (2125 chars): Connection error.
[WARN] Skipping prompt (1163 chars): Connection error.
[WARN] Skipping prompt (1631 chars): Connection error.
[WARN] Skipping prompt (1723 chars): Connection error.
[WARN] Skipping prompt (1525 chars): Connection error.
[WARN] Skipping prompt (1765 chars): Connection error.
[WARN] Skipping prompt (1772 chars): Connection error.
[WARN] Skipping prompt (1591 chars): Connection error.
[WARN] Skipping prompt (1439 chars): Connection error.
[WARN] Skipping prompt (1506 chars): Connection error.
[WARN] Skipping prompt (1507 chars): Connection error.
[WARN] Skipping prompt (1356 chars): Connection error.
[WARN] Skipping prompt (1383 chars): Connection error.
[WARN] Skipping prompt (1570 chars): Connection error.
[WARN] Skipping prompt (1101 chars): Connection error.
[WARN] Skipping prompt (1812 chars): Connection error.
[WARN] Skipping prompt (1481 chars): Connection error.
[WARN] Skipping prompt (1746 chars): Connection error.
[WARN] Skipping prompt (1621 chars): Connection error.
[WARN] Skipping prompt (1515 chars): Connection error.
[WARN] Skipping prompt (1778 chars): Connection error.
[WARN] Skipping prompt (1833 chars): Connection error.
[WARN] Skipping prompt (1611 chars): Connection error.
[WARN] Skipping prompt (1838 chars): Connection error.
[WARN] Skipping prompt (1339 chars): Connection error.
[WARN] Skipping prompt (1649 chars): Connection error.
[WARN] Skipping prompt (1573 chars): Connection error.
[WARN] Skipping prompt (2208 chars): Connection error.
[WARN] Skipping prompt (1723 chars): Connection error.
[WARN] Skipping prompt (1908 chars): Connection error.
[WARN] Skipping prompt (1707 chars): Connection error.
[WARN] Skipping prompt (1916 chars): Connection error.
[WARN] Skipping prompt (1552 chars): Connection error.
[WARN] Skipping prompt (1662 chars): Connection error.
[WARN] Skipping prompt (1439 chars): Connection error.
Inference:  47%|█████████████████████████████████████████████████▍                                                        | 14/30 [04:20<01:17,  4.82s/it][WARN] Skipping prompt (1753 chars): Connection error.
[WARN] Skipping prompt (1690 chars): Connection error.
[WARN] Skipping prompt (1156 chars): Connection error.
[WARN] Skipping prompt (1705 chars): Connection error.
[WARN] Skipping prompt (1680 chars): Connection error.
[WARN] Skipping prompt (1844 chars): Connection error.
[WARN] Skipping prompt (1440 chars): Connection error.
[WARN] Skipping prompt (1487 chars): Connection error.
[WARN] Skipping prompt (1619 chars): Connection error.
[WARN] Skipping prompt (1306 chars): Connection error.
[WARN] Skipping prompt (1735 chars): Connection error.
[WARN] Skipping prompt (1579 chars): Connection error.
[WARN] Skipping prompt (2108 chars): Connection error.
[WARN] Skipping prompt (1693 chars): Connection error.
[WARN] Skipping prompt (2031 chars): Connection error.
[WARN] Skipping prompt (1882 chars): Connection error.
[WARN] Skipping prompt (1805 chars): Connection error.
[WARN] Skipping prompt (1440 chars): Connection error.
[WARN] Skipping prompt (1322 chars): Connection error.
[WARN] Skipping prompt (2040 chars): Connection error.
[WARN] Skipping prompt (2130 chars): Connection error.
[WARN] Skipping prompt (1614 chars): Connection error.
[WARN] Skipping prompt (1554 chars): Connection error.
[WARN] Skipping prompt (1262 chars): Connection error.
[WARN] Skipping prompt (1256 chars): Connection error.
[WARN] Skipping prompt (2011 chars): Connection error.
[WARN] Skipping prompt (1381 chars): Connection error.
[WARN] Skipping prompt (1055 chars): Connection error.
[WARN] Skipping prompt (1742 chars): Connection error.
[WARN] Skipping prompt (1428 chars): Connection error.
[WARN] Skipping prompt (1841 chars): Connection error.
[WARN] Skipping prompt (1480 chars): Connection error.
[WARN] Skipping prompt (1553 chars): Connection error.
[WARN] Skipping prompt (2045 chars): Connection error.
[WARN] Skipping prompt (1072 chars): Connection error.
[WARN] Skipping prompt (1692 chars): Connection error.
[WARN] Skipping prompt (1432 chars): Connection error.
[WARN] Skipping prompt (1584 chars): Connection error.
[WARN] Skipping prompt (1842 chars): Connection error.
[WARN] Skipping prompt (1738 chars): Connection error.
[WARN] Skipping prompt (1296 chars): Connection error.
[WARN] Skipping prompt (1742 chars): Connection error.
[WARN] Skipping prompt (1971 chars): Connection error.
[WARN] Skipping prompt (1755 chars): Connection error.
[WARN] Skipping prompt (1542 chars): Connection error.
[WARN] Skipping prompt (1415 chars): Connection error.
[WARN] Skipping prompt (1969 chars): Connection error.
[WARN] Skipping prompt (1602 chars): Connection error.
[WARN] Skipping prompt (1472 chars): Connection error.
[WARN] Skipping prompt (1415 chars): Connection error.
[WARN] Skipping prompt (938 chars): Connection error.
[WARN] Skipping prompt (2056 chars): Connection error.
[WARN] Skipping prompt (1736 chars): Connection error.
[WARN] Skipping prompt (1621 chars): Connection error.
[WARN] Skipping prompt (1823 chars): Connection error.
[WARN] Skipping prompt (1838 chars): Connection error.
[WARN] Skipping prompt (1038 chars): Connection error.
[WARN] Skipping prompt (1812 chars): Connection error.
[WARN] Skipping prompt (1726 chars): Connection error.
[WARN] Skipping prompt (1440 chars): Connection error.
[WARN] Skipping prompt (2219 chars): Connection error.
[WARN] Skipping prompt (1457 chars): Connection error.
[WARN] Skipping prompt (1328 chars): Connection error.
[WARN] Skipping prompt (1826 chars): Connection error.
Inference:  50%|█████████████████████████████████████████████████████                                                     | 15/30 [04:23<01:05,  4.33s/it][WARN] Skipping prompt (1132 chars): Connection error.
[WARN] Skipping prompt (1263 chars): Connection error.
[WARN] Skipping prompt (1279 chars): Connection error.
[WARN] Skipping prompt (1217 chars): Connection error.
[WARN] Skipping prompt (1523 chars): Connection error.
[WARN] Skipping prompt (1086 chars): Connection error.
[WARN] Skipping prompt (1579 chars): Connection error.
[WARN] Skipping prompt (1787 chars): Connection error.
[WARN] Skipping prompt (1164 chars): Connection error.
[WARN] Skipping prompt (1226 chars): Connection error.
[WARN] Skipping prompt (909 chars): Connection error.
[WARN] Skipping prompt (1643 chars): Connection error.
[WARN] Skipping prompt (1596 chars): Connection error.
[WARN] Skipping prompt (1317 chars): Connection error.
[WARN] Skipping prompt (1393 chars): Connection error.
[WARN] Skipping prompt (1702 chars): Connection error.
[WARN] Skipping prompt (1356 chars): Connection error.
[WARN] Skipping prompt (2630 chars): Connection error.
[WARN] Skipping prompt (964 chars): Connection error.
[WARN] Skipping prompt (2618 chars): Connection error.
[WARN] Skipping prompt (1064 chars): Connection error.
[WARN] Skipping prompt (2144 chars): Connection error.
[WARN] Skipping prompt (1497 chars): Connection error.
[WARN] Skipping prompt (1987 chars): Connection error.
[WARN] Skipping prompt (1239 chars): Connection error.
[WARN] Skipping prompt (1262 chars): Connection error.
[WARN] Skipping prompt (1241 chars): Connection error.
[WARN] Skipping prompt (1061 chars): Connection error.
[WARN] Skipping prompt (1476 chars): Connection error.
[WARN] Skipping prompt (1217 chars): Connection error.
[WARN] Skipping prompt (942 chars): Connection error.
[WARN] Skipping prompt (1006 chars): Connection error.
[WARN] Skipping prompt (846 chars): Connection error.
[WARN] Skipping prompt (1442 chars): Connection error.
[WARN] Skipping prompt (2139 chars): Connection error.
[WARN] Skipping prompt (1879 chars): Connection error.
[WARN] Skipping prompt (1496 chars): Connection error.
[WARN] Skipping prompt (1275 chars): Connection error.
[WARN] Skipping prompt (1891 chars): Connection error.
[WARN] Skipping prompt (1273 chars): Connection error.
[WARN] Skipping prompt (1442 chars): Connection error.
[WARN] Skipping prompt (1177 chars): Connection error.
[WARN] Skipping prompt (1576 chars): Connection error.
[WARN] Skipping prompt (1236 chars): Connection error.
[WARN] Skipping prompt (1549 chars): Connection error.
[WARN] Skipping prompt (1170 chars): Connection error.
[WARN] Skipping prompt (2005 chars): Connection error.
[WARN] Skipping prompt (1236 chars): Connection error.
[WARN] Skipping prompt (1250 chars): Connection error.
[WARN] Skipping prompt (2632 chars): Connection error.
[WARN] Skipping prompt (1329 chars): Connection error.
[WARN] Skipping prompt (1467 chars): Connection error.
[WARN] Skipping prompt (1876 chars): Connection error.
[WARN] Skipping prompt (908 chars): Connection error.
[WARN] Skipping prompt (1894 chars): Connection error.
[WARN] Skipping prompt (1182 chars): Connection error.
[WARN] Skipping prompt (974 chars): Connection error.
[WARN] Skipping prompt (1732 chars): Connection error.
[WARN] Skipping prompt (1274 chars): Connection error.
[WARN] Skipping prompt (1113 chars): Connection error.
[WARN] Skipping prompt (1295 chars): Connection error.
[WARN] Skipping prompt (1276 chars): Connection error.
[WARN] Skipping prompt (1474 chars): Connection error.
[WARN] Skipping prompt (1215 chars): Connection error.
Inference:  53%|████████████████████████████████████████████████████████▌                                                 | 16/30 [04:26<00:56,  4.01s/it][WARN] Skipping prompt (1193 chars): Connection error.
[WARN] Skipping prompt (1696 chars): Connection error.
[WARN] Skipping prompt (1695 chars): Connection error.
[WARN] Skipping prompt (1221 chars): Connection error.
[WARN] Skipping prompt (1309 chars): Connection error.
[WARN] Skipping prompt (899 chars): Connection error.
[WARN] Skipping prompt (3380 chars): Connection error.
[WARN] Skipping prompt (1059 chars): Connection error.
[WARN] Skipping prompt (1164 chars): Connection error.
[WARN] Skipping prompt (1895 chars): Connection error.
[WARN] Skipping prompt (1466 chars): Connection error.
[WARN] Skipping prompt (2323 chars): Connection error.
[WARN] Skipping prompt (1426 chars): Connection error.
[WARN] Skipping prompt (2147 chars): Connection error.
[WARN] Skipping prompt (1134 chars): Connection error.
[WARN] Skipping prompt (2147 chars): Connection error.
[WARN] Skipping prompt (3033 chars): Connection error.
[WARN] Skipping prompt (1504 chars): Connection error.
[WARN] Skipping prompt (1640 chars): Connection error.
[WARN] Skipping prompt (2148 chars): Connection error.
[WARN] Skipping prompt (2018 chars): Connection error.
[WARN] Skipping prompt (1184 chars): Connection error.
[WARN] Skipping prompt (983 chars): Connection error.
[WARN] Skipping prompt (2333 chars): Connection error.
[WARN] Skipping prompt (1049 chars): Connection error.
[WARN] Skipping prompt (1094 chars): Connection error.
[WARN] Skipping prompt (984 chars): Connection error.
[WARN] Skipping prompt (1788 chars): Connection error.
[WARN] Skipping prompt (1061 chars): Connection error.
[WARN] Skipping prompt (1360 chars): Connection error.
[WARN] Skipping prompt (3303 chars): Connection error.
[WARN] Skipping prompt (1116 chars): Connection error.
[WARN] Skipping prompt (1914 chars): Connection error.
[WARN] Skipping prompt (1141 chars): Connection error.
[WARN] Skipping prompt (2621 chars): Connection error.
[WARN] Skipping prompt (1381 chars): Connection error.
[WARN] Skipping prompt (1068 chars): Connection error.
[WARN] Skipping prompt (2253 chars): Connection error.
[WARN] Skipping prompt (1891 chars): Connection error.
[WARN] Skipping prompt (1081 chars): Connection error.
[WARN] Skipping prompt (1927 chars): Connection error.
[WARN] Skipping prompt (1734 chars): Connection error.
[WARN] Skipping prompt (1069 chars): Connection error.
[WARN] Skipping prompt (1174 chars): Connection error.
[WARN] Skipping prompt (1771 chars): Connection error.
[WARN] Skipping prompt (981 chars): Connection error.
[WARN] Skipping prompt (1283 chars): Connection error.
[WARN] Skipping prompt (1854 chars): Connection error.
[WARN] Skipping prompt (1513 chars): Connection error.
[WARN] Skipping prompt (1051 chars): Connection error.
[WARN] Skipping prompt (1793 chars): Connection error.
[WARN] Skipping prompt (1352 chars): Connection error.
[WARN] Skipping prompt (2716 chars): Connection error.
[WARN] Skipping prompt (2166 chars): Connection error.
[WARN] Skipping prompt (1130 chars): Connection error.
[WARN] Skipping prompt (1727 chars): Connection error.
[WARN] Skipping prompt (1237 chars): Connection error.
[WARN] Skipping prompt (2013 chars): Connection error.
[WARN] Skipping prompt (900 chars): Connection error.
[WARN] Skipping prompt (1317 chars): Connection error.
[WARN] Skipping prompt (1722 chars): Connection error.
[WARN] Skipping prompt (1144 chars): Connection error.
[WARN] Skipping prompt (2011 chars): Connection error.
[WARN] Skipping prompt (900 chars): Connection error.
Inference:  57%|████████████████████████████████████████████████████████████                                              | 17/30 [04:29<00:49,  3.78s/it][WARN] Skipping prompt (929 chars): Connection error.
[WARN] Skipping prompt (1255 chars): Connection error.
[WARN] Skipping prompt (1512 chars): Connection error.
[WARN] Skipping prompt (1748 chars): Connection error.
[WARN] Skipping prompt (1950 chars): Connection error.
[WARN] Skipping prompt (2341 chars): Connection error.
[WARN] Skipping prompt (1324 chars): Connection error.
[WARN] Skipping prompt (2223 chars): Connection error.
[WARN] Skipping prompt (2246 chars): Connection error.
[WARN] Skipping prompt (1728 chars): Connection error.
[WARN] Skipping prompt (1244 chars): Connection error.
[WARN] Skipping prompt (1368 chars): Connection error.
[WARN] Skipping prompt (1490 chars): Connection error.
[WARN] Skipping prompt (1000 chars): Connection error.
[WARN] Skipping prompt (1642 chars): Connection error.
[WARN] Skipping prompt (1848 chars): Connection error.
[WARN] Skipping prompt (2915 chars): Connection error.
[WARN] Skipping prompt (1283 chars): Connection error.
[WARN] Skipping prompt (1226 chars): Connection error.
[WARN] Skipping prompt (998 chars): Connection error.
[WARN] Skipping prompt (3280 chars): Connection error.
[WARN] Skipping prompt (1510 chars): Connection error.
[WARN] Skipping prompt (955 chars): Connection error.
[WARN] Skipping prompt (908 chars): Connection error.
[WARN] Skipping prompt (999 chars): Connection error.
[WARN] Skipping prompt (1509 chars): Connection error.
[WARN] Skipping prompt (998 chars): Connection error.
[WARN] Skipping prompt (1327 chars): Connection error.
[WARN] Skipping prompt (2588 chars): Connection error.
[WARN] Skipping prompt (1060 chars): Connection error.
[WARN] Skipping prompt (1331 chars): Connection error.
[WARN] Skipping prompt (1094 chars): Connection error.
[WARN] Skipping prompt (1378 chars): Connection error.
[WARN] Skipping prompt (1397 chars): Connection error.
[WARN] Skipping prompt (938 chars): Connection error.
[WARN] Skipping prompt (1145 chars): Connection error.
[WARN] Skipping prompt (1640 chars): Connection error.
[WARN] Skipping prompt (1044 chars): Connection error.
[WARN] Skipping prompt (2594 chars): Connection error.
[WARN] Skipping prompt (1250 chars): Connection error.
[WARN] Skipping prompt (1258 chars): Connection error.
[WARN] Skipping prompt (1400 chars): Connection error.
[WARN] Skipping prompt (1942 chars): Connection error.
[WARN] Skipping prompt (1066 chars): Connection error.
[WARN] Skipping prompt (1558 chars): Connection error.
[WARN] Skipping prompt (1033 chars): Connection error.
[WARN] Skipping prompt (1378 chars): Connection error.
[WARN] Skipping prompt (1349 chars): Connection error.
[WARN] Skipping prompt (1697 chars): Connection error.
[WARN] Skipping prompt (1191 chars): Connection error.
[WARN] Skipping prompt (2068 chars): Connection error.
[WARN] Skipping prompt (1424 chars): Connection error.
[WARN] Skipping prompt (1339 chars): Connection error.
[WARN] Skipping prompt (2193 chars): Connection error.
[WARN] Skipping prompt (1176 chars): Connection error.
[WARN] Skipping prompt (1405 chars): Connection error.
[WARN] Skipping prompt (1071 chars): Connection error.
[WARN] Skipping prompt (918 chars): Connection error.
[WARN] Skipping prompt (1809 chars): Connection error.
[WARN] Skipping prompt (1691 chars): Connection error.
[WARN] Skipping prompt (2578 chars): Connection error.
[WARN] Skipping prompt (1872 chars): Connection error.
[WARN] Skipping prompt (994 chars): Connection error.
[WARN] Skipping prompt (2189 chars): Connection error.
Inference:  60%|███████████████████████████████████████████████████████████████▌                                          | 18/30 [04:33<00:43,  3.63s/it][WARN] Skipping prompt (1128 chars): Connection error.
[WARN] Skipping prompt (955 chars): Connection error.
[WARN] Skipping prompt (1179 chars): Connection error.
[WARN] Skipping prompt (1666 chars): Connection error.
[WARN] Skipping prompt (1434 chars): Connection error.
[WARN] Skipping prompt (1747 chars): Connection error.
[WARN] Skipping prompt (2201 chars): Connection error.
[WARN] Skipping prompt (1098 chars): Connection error.
[WARN] Skipping prompt (2145 chars): Connection error.
[WARN] Skipping prompt (1131 chars): Connection error.
[WARN] Skipping prompt (1454 chars): Connection error.
[WARN] Skipping prompt (1222 chars): Connection error.
[WARN] Skipping prompt (2881 chars): Connection error.
[WARN] Skipping prompt (1117 chars): Connection error.
[WARN] Skipping prompt (1516 chars): Connection error.
[WARN] Skipping prompt (1647 chars): Connection error.
[WARN] Skipping prompt (3282 chars): Connection error.
[WARN] Skipping prompt (1075 chars): Connection error.
[WARN] Skipping prompt (1144 chars): Connection error.
[WARN] Skipping prompt (2397 chars): Connection error.
[WARN] Skipping prompt (1009 chars): Connection error.
[WARN] Skipping prompt (1092 chars): Connection error.
[WARN] Skipping prompt (1491 chars): Connection error.
[WARN] Skipping prompt (1804 chars): Connection error.
[WARN] Skipping prompt (1109 chars): Connection error.
[WARN] Skipping prompt (1144 chars): Connection error.
[WARN] Skipping prompt (1007 chars): Connection error.
[WARN] Skipping prompt (1482 chars): Connection error.
[WARN] Skipping prompt (1074 chars): Connection error.
[WARN] Skipping prompt (2159 chars): Connection error.
[WARN] Skipping prompt (1788 chars): Connection error.
[WARN] Skipping prompt (1109 chars): Connection error.
[WARN] Skipping prompt (1130 chars): Connection error.
[WARN] Skipping prompt (1287 chars): Connection error.
[WARN] Skipping prompt (1199 chars): Connection error.
[WARN] Skipping prompt (1253 chars): Connection error.
[WARN] Skipping prompt (1284 chars): Connection error.
[WARN] Skipping prompt (1870 chars): Connection error.
[WARN] Skipping prompt (2506 chars): Connection error.
[WARN] Skipping prompt (1395 chars): Connection error.
[WARN] Skipping prompt (1380 chars): Connection error.
[WARN] Skipping prompt (1227 chars): Connection error.
[WARN] Skipping prompt (1327 chars): Connection error.
[WARN] Skipping prompt (1218 chars): Connection error.
[WARN] Skipping prompt (1668 chars): Connection error.
[WARN] Skipping prompt (2120 chars): Connection error.
[WARN] Skipping prompt (928 chars): Connection error.
[WARN] Skipping prompt (1256 chars): Connection error.
[WARN] Skipping prompt (1459 chars): Connection error.
[WARN] Skipping prompt (1010 chars): Connection error.
[WARN] Skipping prompt (1737 chars): Connection error.
[WARN] Skipping prompt (1202 chars): Connection error.
[WARN] Skipping prompt (1430 chars): Connection error.
[WARN] Skipping prompt (934 chars): Connection error.
[WARN] Skipping prompt (1245 chars): Connection error.
[WARN] Skipping prompt (1050 chars): Connection error.
[WARN] Skipping prompt (1361 chars): Connection error.
[WARN] Skipping prompt (2958 chars): Connection error.
[WARN] Skipping prompt (1098 chars): Connection error.
[WARN] Skipping prompt (909 chars): Connection error.
[WARN] Skipping prompt (1065 chars): Connection error.
[WARN] Skipping prompt (1036 chars): Connection error.
[WARN] Skipping prompt (2914 chars): Connection error.
[WARN] Skipping prompt (1672 chars): Connection error.
Inference:  63%|███████████████████████████████████████████████████████████████████▏                                      | 19/30 [04:36<00:38,  3.51s/it][WARN] Skipping prompt (1093 chars): Connection error.
[WARN] Skipping prompt (1724 chars): Connection error.
[WARN] Skipping prompt (956 chars): Connection error.
[WARN] Skipping prompt (1069 chars): Connection error.
[WARN] Skipping prompt (1275 chars): Connection error.
[WARN] Skipping prompt (1565 chars): Connection error.
[WARN] Skipping prompt (1664 chars): Connection error.
[WARN] Skipping prompt (1500 chars): Connection error.
[WARN] Skipping prompt (1083 chars): Connection error.
[WARN] Skipping prompt (1179 chars): Connection error.
[WARN] Skipping prompt (1358 chars): Connection error.
[WARN] Skipping prompt (1085 chars): Connection error.
[WARN] Skipping prompt (1103 chars): Connection error.
[WARN] Skipping prompt (1093 chars): Connection error.
[WARN] Skipping prompt (1149 chars): Connection error.
[WARN] Skipping prompt (1108 chars): Connection error.
[WARN] Skipping prompt (1060 chars): Connection error.
[WARN] Skipping prompt (865 chars): Connection error.
[WARN] Skipping prompt (999 chars): Connection error.
[WARN] Skipping prompt (1052 chars): Connection error.
[WARN] Skipping prompt (1042 chars): Connection error.
[WARN] Skipping prompt (1523 chars): Connection error.
[WARN] Skipping prompt (1076 chars): Connection error.
[WARN] Skipping prompt (1047 chars): Connection error.
[WARN] Skipping prompt (1001 chars): Connection error.
[WARN] Skipping prompt (964 chars): Connection error.
[WARN] Skipping prompt (1068 chars): Connection error.
[WARN] Skipping prompt (1065 chars): Connection error.
[WARN] Skipping prompt (1188 chars): Connection error.
[WARN] Skipping prompt (1370 chars): Connection error.
[WARN] Skipping prompt (1048 chars): Connection error.
[WARN] Skipping prompt (1906 chars): Connection error.
[WARN] Skipping prompt (1192 chars): Connection error.
[WARN] Skipping prompt (1553 chars): Connection error.
[WARN] Skipping prompt (2145 chars): Connection error.
[WARN] Skipping prompt (1700 chars): Connection error.
[WARN] Skipping prompt (1258 chars): Connection error.
[WARN] Skipping prompt (1642 chars): Connection error.
[WARN] Skipping prompt (1633 chars): Connection error.
[WARN] Skipping prompt (1327 chars): Connection error.
[WARN] Skipping prompt (1450 chars): Connection error.
[WARN] Skipping prompt (1178 chars): Connection error.
[WARN] Skipping prompt (2553 chars): Connection error.
[WARN] Skipping prompt (1415 chars): Connection error.
[WARN] Skipping prompt (1179 chars): Connection error.
[WARN] Skipping prompt (1196 chars): Connection error.
[WARN] Skipping prompt (930 chars): Connection error.
[WARN] Skipping prompt (841 chars): Connection error.
[WARN] Skipping prompt (1127 chars): Connection error.
[WARN] Skipping prompt (2508 chars): Connection error.
[WARN] Skipping prompt (894 chars): Connection error.
[WARN] Skipping prompt (1130 chars): Connection error.
[WARN] Skipping prompt (971 chars): Connection error.
[WARN] Skipping prompt (2498 chars): Connection error.
[WARN] Skipping prompt (1055 chars): Connection error.
[WARN] Skipping prompt (989 chars): Connection error.
[WARN] Skipping prompt (2134 chars): Connection error.
[WARN] Skipping prompt (2960 chars): Connection error.
[WARN] Skipping prompt (1360 chars): Connection error.
[WARN] Skipping prompt (2017 chars): Connection error.
[WARN] Skipping prompt (1146 chars): Connection error.
[WARN] Skipping prompt (1206 chars): Connection error.
[WARN] Skipping prompt (2114 chars): Connection error.
[WARN] Skipping prompt (1764 chars): Connection error.
Inference:  67%|██████████████████████████████████████████████████████████████████████▋                                   | 20/30 [04:39<00:34,  3.42s/it][WARN] Skipping prompt (1090 chars): Connection error.
[WARN] Skipping prompt (1359 chars): Connection error.
[WARN] Skipping prompt (1300 chars): Connection error.
[WARN] Skipping prompt (1274 chars): Connection error.
[WARN] Skipping prompt (837 chars): Connection error.
[WARN] Skipping prompt (1382 chars): Connection error.
[WARN] Skipping prompt (1707 chars): Connection error.
[WARN] Skipping prompt (1029 chars): Connection error.
[WARN] Skipping prompt (1479 chars): Connection error.
[WARN] Skipping prompt (1082 chars): Connection error.
[WARN] Skipping prompt (840 chars): Connection error.
[WARN] Skipping prompt (1496 chars): Connection error.
[WARN] Skipping prompt (1255 chars): Connection error.
[WARN] Skipping prompt (1710 chars): Connection error.
[WARN] Skipping prompt (1210 chars): Connection error.
[WARN] Skipping prompt (1089 chars): Connection error.
[WARN] Skipping prompt (1458 chars): Connection error.
[WARN] Skipping prompt (1680 chars): Connection error.
[WARN] Skipping prompt (1097 chars): Connection error.
[WARN] Skipping prompt (983 chars): Connection error.
[WARN] Skipping prompt (1001 chars): Connection error.
[WARN] Skipping prompt (1103 chars): Connection error.
[WARN] Skipping prompt (1440 chars): Connection error.
[WARN] Skipping prompt (954 chars): Connection error.
[WARN] Skipping prompt (965 chars): Connection error.
[WARN] Skipping prompt (1458 chars): Connection error.
[WARN] Skipping prompt (1009 chars): Connection error.
[WARN] Skipping prompt (1139 chars): Connection error.
[WARN] Skipping prompt (1331 chars): Connection error.
[WARN] Skipping prompt (1125 chars): Connection error.
[WARN] Skipping prompt (936 chars): Connection error.
[WARN] Skipping prompt (1239 chars): Connection error.
[WARN] Skipping prompt (1058 chars): Connection error.
[WARN] Skipping prompt (1266 chars): Connection error.
[WARN] Skipping prompt (1000 chars): Connection error.
[WARN] Skipping prompt (1113 chars): Connection error.
[WARN] Skipping prompt (1460 chars): Connection error.
[WARN] Skipping prompt (1108 chars): Connection error.
[WARN] Skipping prompt (1466 chars): Connection error.
[WARN] Skipping prompt (1899 chars): Connection error.
[WARN] Skipping prompt (1449 chars): Connection error.
[WARN] Skipping prompt (978 chars): Connection error.
[WARN] Skipping prompt (1458 chars): Connection error.
[WARN] Skipping prompt (2169 chars): Connection error.
[WARN] Skipping prompt (1042 chars): Connection error.
[WARN] Skipping prompt (1286 chars): Connection error.
[WARN] Skipping prompt (862 chars): Connection error.
[WARN] Skipping prompt (1667 chars): Connection error.
[WARN] Skipping prompt (1034 chars): Connection error.
[WARN] Skipping prompt (1341 chars): Connection error.
[WARN] Skipping prompt (1641 chars): Connection error.
[WARN] Skipping prompt (1234 chars): Connection error.
[WARN] Skipping prompt (1440 chars): Connection error.
[WARN] Skipping prompt (790 chars): Connection error.
[WARN] Skipping prompt (1028 chars): Connection error.
[WARN] Skipping prompt (1750 chars): Connection error.
[WARN] Skipping prompt (1671 chars): Connection error.
[WARN] Skipping prompt (1887 chars): Connection error.
[WARN] Skipping prompt (1338 chars): Connection error.
[WARN] Skipping prompt (1289 chars): Connection error.
[WARN] Skipping prompt (965 chars): Connection error.
[WARN] Skipping prompt (1051 chars): Connection error.
[WARN] Skipping prompt (1646 chars): Connection error.
[WARN] Skipping prompt (1189 chars): Connection error.
Inference:  70%|██████████████████████████████████████████████████████████████████████████▏                               | 21/30 [04:42<00:30,  3.40s/it][WARN] Skipping prompt (1350 chars): Connection error.
[WARN] Skipping prompt (1149 chars): Connection error.
[WARN] Skipping prompt (1015 chars): Connection error.
[WARN] Skipping prompt (1284 chars): Connection error.
[WARN] Skipping prompt (1245 chars): Connection error.
[WARN] Skipping prompt (1228 chars): Connection error.
[WARN] Skipping prompt (1186 chars): Connection error.
[WARN] Skipping prompt (1287 chars): Connection error.
[WARN] Skipping prompt (1106 chars): Connection error.
[WARN] Skipping prompt (1887 chars): Connection error.
[WARN] Skipping prompt (1660 chars): Connection error.
[WARN] Skipping prompt (1283 chars): Connection error.
[WARN] Skipping prompt (1126 chars): Connection error.
[WARN] Skipping prompt (1453 chars): Connection error.
[WARN] Skipping prompt (963 chars): Connection error.
[WARN] Skipping prompt (1244 chars): Connection error.
[WARN] Skipping prompt (967 chars): Connection error.
[WARN] Skipping prompt (1028 chars): Connection error.
[WARN] Skipping prompt (1278 chars): Connection error.
[WARN] Skipping prompt (958 chars): Connection error.
[WARN] Skipping prompt (977 chars): Connection error.
[WARN] Skipping prompt (1271 chars): Connection error.
[WARN] Skipping prompt (1460 chars): Connection error.
[WARN] Skipping prompt (1427 chars): Connection error.
[WARN] Skipping prompt (1288 chars): Connection error.
[WARN] Skipping prompt (1535 chars): Connection error.
[WARN] Skipping prompt (1010 chars): Connection error.
[WARN] Skipping prompt (1266 chars): Connection error.
[WARN] Skipping prompt (1020 chars): Connection error.
[WARN] Skipping prompt (1037 chars): Connection error.
[WARN] Skipping prompt (1351 chars): Connection error.
[WARN] Skipping prompt (999 chars): Connection error.
[WARN] Skipping prompt (962 chars): Connection error.
[WARN] Skipping prompt (1241 chars): Connection error.
[WARN] Skipping prompt (1559 chars): Connection error.
[WARN] Skipping prompt (1037 chars): Connection error.
[WARN] Skipping prompt (832 chars): Connection error.
[WARN] Skipping prompt (1093 chars): Connection error.
[WARN] Skipping prompt (1043 chars): Connection error.
[WARN] Skipping prompt (1059 chars): Connection error.
[WARN] Skipping prompt (1178 chars): Connection error.
[WARN] Skipping prompt (1449 chars): Connection error.
[WARN] Skipping prompt (2500 chars): Connection error.
[WARN] Skipping prompt (1664 chars): Connection error.
[WARN] Skipping prompt (1554 chars): Connection error.
[WARN] Skipping prompt (1077 chars): Connection error.
[WARN] Skipping prompt (1339 chars): Connection error.
[WARN] Skipping prompt (1205 chars): Connection error.
[WARN] Skipping prompt (956 chars): Connection error.
[WARN] Skipping prompt (1178 chars): Connection error.
[WARN] Skipping prompt (1220 chars): Connection error.
[WARN] Skipping prompt (846 chars): Connection error.
[WARN] Skipping prompt (1565 chars): Connection error.
[WARN] Skipping prompt (1290 chars): Connection error.
[WARN] Skipping prompt (1189 chars): Connection error.
[WARN] Skipping prompt (1179 chars): Connection error.
[WARN] Skipping prompt (1102 chars): Connection error.
[WARN] Skipping prompt (1002 chars): Connection error.
[WARN] Skipping prompt (1189 chars): Connection error.
[WARN] Skipping prompt (1116 chars): Connection error.
[WARN] Skipping prompt (1541 chars): Connection error.
[WARN] Skipping prompt (1090 chars): Connection error.
[WARN] Skipping prompt (1053 chars): Connection error.
[WARN] Skipping prompt (850 chars): Connection error.
Inference:  73%|█████████████████████████████████████████████████████████████████████████████▋                            | 22/30 [04:46<00:26,  3.36s/it][WARN] Skipping prompt (2520 chars): Connection error.
[WARN] Skipping prompt (1298 chars): Connection error.
[WARN] Skipping prompt (1110 chars): Connection error.
[WARN] Skipping prompt (2035 chars): Connection error.
[WARN] Skipping prompt (1736 chars): Connection error.
[WARN] Skipping prompt (843 chars): Connection error.
[WARN] Skipping prompt (1479 chars): Connection error.
[WARN] Skipping prompt (1262 chars): Connection error.
[WARN] Skipping prompt (1415 chars): Connection error.
[WARN] Skipping prompt (782 chars): Connection error.
[WARN] Skipping prompt (1897 chars): Connection error.
[WARN] Skipping prompt (1704 chars): Connection error.
[WARN] Skipping prompt (1335 chars): Connection error.
[WARN] Skipping prompt (1573 chars): Connection error.
[WARN] Skipping prompt (1108 chars): Connection error.
[WARN] Skipping prompt (838 chars): Connection error.
[WARN] Skipping prompt (1233 chars): Connection error.
[WARN] Skipping prompt (1108 chars): Connection error.
[WARN] Skipping prompt (1253 chars): Connection error.
[WARN] Skipping prompt (1432 chars): Connection error.
[WARN] Skipping prompt (1089 chars): Connection error.
[WARN] Skipping prompt (1348 chars): Connection error.
[WARN] Skipping prompt (928 chars): Connection error.
[WARN] Skipping prompt (1735 chars): Connection error.
[WARN] Skipping prompt (1213 chars): Connection error.
[WARN] Skipping prompt (1112 chars): Connection error.
[WARN] Skipping prompt (1333 chars): Connection error.
[WARN] Skipping prompt (1448 chars): Connection error.
[WARN] Skipping prompt (1244 chars): Connection error.
[WARN] Skipping prompt (850 chars): Connection error.
[WARN] Skipping prompt (838 chars): Connection error.
[WARN] Skipping prompt (1444 chars): Connection error.
[WARN] Skipping prompt (1107 chars): Connection error.
[WARN] Skipping prompt (1019 chars): Connection error.
[WARN] Skipping prompt (1362 chars): Connection error.
[WARN] Skipping prompt (1051 chars): Connection error.
[WARN] Skipping prompt (1672 chars): Connection error.
[WARN] Skipping prompt (1710 chars): Connection error.
[WARN] Skipping prompt (1149 chars): Connection error.
[WARN] Skipping prompt (1179 chars): Connection error.
[WARN] Skipping prompt (1126 chars): Connection error.
[WARN] Skipping prompt (1734 chars): Connection error.
[WARN] Skipping prompt (1364 chars): Connection error.
[WARN] Skipping prompt (977 chars): Connection error.
[WARN] Skipping prompt (839 chars): Connection error.
[WARN] Skipping prompt (1081 chars): Connection error.
[WARN] Skipping prompt (1460 chars): Connection error.
[WARN] Skipping prompt (865 chars): Connection error.
[WARN] Skipping prompt (1045 chars): Connection error.
[WARN] Skipping prompt (835 chars): Connection error.
[WARN] Skipping prompt (965 chars): Connection error.
[WARN] Skipping prompt (922 chars): Connection error.
[WARN] Skipping prompt (1237 chars): Connection error.
[WARN] Skipping prompt (929 chars): Connection error.
[WARN] Skipping prompt (2465 chars): Connection error.
[WARN] Skipping prompt (1459 chars): Connection error.
[WARN] Skipping prompt (1097 chars): Connection error.
[WARN] Skipping prompt (1052 chars): Connection error.
[WARN] Skipping prompt (1708 chars): Connection error.
[WARN] Skipping prompt (1067 chars): Connection error.
[WARN] Skipping prompt (1342 chars): Connection error.
[WARN] Skipping prompt (1078 chars): Connection error.
[WARN] Skipping prompt (1359 chars): Connection error.
[WARN] Skipping prompt (990 chars): Connection error.
Inference:  77%|█████████████████████████████████████████████████████████████████████████████████▎                        | 23/30 [04:49<00:23,  3.31s/it][WARN] Skipping prompt (859 chars): Connection error.
[WARN] Skipping prompt (1458 chars): Connection error.
[WARN] Skipping prompt (965 chars): Connection error.
[WARN] Skipping prompt (838 chars): Connection error.
[WARN] Skipping prompt (1290 chars): Connection error.
[WARN] Skipping prompt (958 chars): Connection error.
[WARN] Skipping prompt (1460 chars): Connection error.
[WARN] Skipping prompt (1292 chars): Connection error.
[WARN] Skipping prompt (1134 chars): Connection error.
[WARN] Skipping prompt (1457 chars): Connection error.
[WARN] Skipping prompt (1342 chars): Connection error.
[WARN] Skipping prompt (837 chars): Connection error.
[WARN] Skipping prompt (1339 chars): Connection error.
[WARN] Skipping prompt (843 chars): Connection error.
[WARN] Skipping prompt (1021 chars): Connection error.
[WARN] Skipping prompt (1107 chars): Connection error.
[WARN] Skipping prompt (1279 chars): Connection error.
[WARN] Skipping prompt (1340 chars): Connection error.
[WARN] Skipping prompt (1018 chars): Connection error.
[WARN] Skipping prompt (1634 chars): Connection error.
[WARN] Skipping prompt (1777 chars): Connection error.
[WARN] Skipping prompt (1447 chars): Connection error.
[WARN] Skipping prompt (955 chars): Connection error.
[WARN] Skipping prompt (1529 chars): Connection error.
[WARN] Skipping prompt (976 chars): Connection error.
[WARN] Skipping prompt (1039 chars): Connection error.
[WARN] Skipping prompt (1078 chars): Connection error.
[WARN] Skipping prompt (1334 chars): Connection error.
[WARN] Skipping prompt (1090 chars): Connection error.
[WARN] Skipping prompt (1724 chars): Connection error.
[WARN] Skipping prompt (1300 chars): Connection error.
[WARN] Skipping prompt (977 chars): Connection error.
[WARN] Skipping prompt (1756 chars): Connection error.
[WARN] Skipping prompt (928 chars): Connection error.
[WARN] Skipping prompt (837 chars): Connection error.
[WARN] Skipping prompt (1492 chars): Connection error.
[WARN] Skipping prompt (1807 chars): Connection error.
[WARN] Skipping prompt (1268 chars): Connection error.
[WARN] Skipping prompt (2059 chars): Connection error.
[WARN] Skipping prompt (1731 chars): Connection error.
[WARN] Skipping prompt (960 chars): Connection error.
[WARN] Skipping prompt (1802 chars): Connection error.
[WARN] Skipping prompt (2500 chars): Connection error.
[WARN] Skipping prompt (837 chars): Connection error.
[WARN] Skipping prompt (1456 chars): Connection error.
[WARN] Skipping prompt (1089 chars): Connection error.
[WARN] Skipping prompt (1478 chars): Connection error.
[WARN] Skipping prompt (986 chars): Connection error.
[WARN] Skipping prompt (840 chars): Connection error.
[WARN] Skipping prompt (1690 chars): Connection error.
[WARN] Skipping prompt (1692 chars): Connection error.
[WARN] Skipping prompt (1051 chars): Connection error.
[WARN] Skipping prompt (1476 chars): Connection error.
[WARN] Skipping prompt (1330 chars): Connection error.
[WARN] Skipping prompt (1751 chars): Connection error.
[WARN] Skipping prompt (1457 chars): Connection error.
[WARN] Skipping prompt (1344 chars): Connection error.
[WARN] Skipping prompt (840 chars): Connection error.
[WARN] Skipping prompt (1002 chars): Connection error.
[WARN] Skipping prompt (1738 chars): Connection error.
[WARN] Skipping prompt (1013 chars): Connection error.
[WARN] Skipping prompt (1102 chars): Connection error.
[WARN] Skipping prompt (1042 chars): Connection error.
[WARN] Skipping prompt (975 chars): Connection error.
Inference:  80%|████████████████████████████████████████████████████████████████████████████████████▊                     | 24/30 [04:52<00:19,  3.28s/it][WARN] Skipping prompt (1110 chars): Connection error.
[WARN] Skipping prompt (840 chars): Connection error.
[WARN] Skipping prompt (1764 chars): Connection error.
[WARN] Skipping prompt (1458 chars): Connection error.
[WARN] Skipping prompt (842 chars): Connection error.
[WARN] Skipping prompt (1749 chars): Connection error.
[WARN] Skipping prompt (1748 chars): Connection error.
[WARN] Skipping prompt (1762 chars): Connection error.
[WARN] Skipping prompt (1459 chars): Connection error.
[WARN] Skipping prompt (1052 chars): Connection error.
[WARN] Skipping prompt (1723 chars): Connection error.
[WARN] Skipping prompt (2148 chars): Connection error.
[WARN] Skipping prompt (1333 chars): Connection error.
[WARN] Skipping prompt (1459 chars): Connection error.
[WARN] Skipping prompt (1643 chars): Connection error.
[WARN] Skipping prompt (842 chars): Connection error.
[WARN] Skipping prompt (1458 chars): Connection error.
[WARN] Skipping prompt (842 chars): Connection error.
[WARN] Skipping prompt (979 chars): Connection error.
[WARN] Skipping prompt (1658 chars): Connection error.
[WARN] Skipping prompt (1052 chars): Connection error.
[WARN] Skipping prompt (1342 chars): Connection error.
[WARN] Skipping prompt (1763 chars): Connection error.
[WARN] Skipping prompt (1584 chars): Connection error.
[WARN] Skipping prompt (1458 chars): Connection error.
[WARN] Skipping prompt (980 chars): Connection error.
[WARN] Skipping prompt (1350 chars): Connection error.
[WARN] Skipping prompt (1459 chars): Connection error.
[WARN] Skipping prompt (1456 chars): Connection error.
[WARN] Skipping prompt (1409 chars): Connection error.
[WARN] Skipping prompt (1458 chars): Connection error.
[WARN] Skipping prompt (1341 chars): Connection error.
[WARN] Skipping prompt (839 chars): Connection error.
[WARN] Skipping prompt (1338 chars): Connection error.
[WARN] Skipping prompt (1022 chars): Connection error.
[WARN] Skipping prompt (1342 chars): Connection error.
[WARN] Skipping prompt (1229 chars): Connection error.
[WARN] Skipping prompt (1338 chars): Connection error.
[WARN] Skipping prompt (966 chars): Connection error.
[WARN] Skipping prompt (1722 chars): Connection error.
[WARN] Skipping prompt (1458 chars): Connection error.
[WARN] Skipping prompt (1337 chars): Connection error.
[WARN] Skipping prompt (837 chars): Connection error.
[WARN] Skipping prompt (1341 chars): Connection error.
[WARN] Skipping prompt (1764 chars): Connection error.
[WARN] Skipping prompt (1458 chars): Connection error.
[WARN] Skipping prompt (1736 chars): Connection error.
[WARN] Skipping prompt (1262 chars): Connection error.
[WARN] Skipping prompt (838 chars): Connection error.
[WARN] Skipping prompt (2517 chars): Connection error.
[WARN] Skipping prompt (1750 chars): Connection error.
[WARN] Skipping prompt (1715 chars): Connection error.
[WARN] Skipping prompt (1750 chars): Connection error.
[WARN] Skipping prompt (971 chars): Connection error.
[WARN] Skipping prompt (1335 chars): Connection error.
[WARN] Skipping prompt (1350 chars): Connection error.
[WARN] Skipping prompt (2083 chars): Connection error.
[WARN] Skipping prompt (926 chars): Connection error.
[WARN] Skipping prompt (1472 chars): Connection error.
[WARN] Skipping prompt (1132 chars): Connection error.
[WARN] Skipping prompt (1776 chars): Connection error.
[WARN] Skipping prompt (1336 chars): Connection error.
[WARN] Skipping prompt (2461 chars): Connection error.
[WARN] Skipping prompt (1755 chars): Connection error.
Inference:  83%|████████████████████████████████████████████████████████████████████████████████████████▎                 | 25/30 [04:55<00:16,  3.29s/it][WARN] Skipping prompt (1340 chars): Connection error.
[WARN] Skipping prompt (1881 chars): Connection error.
[WARN] Skipping prompt (2069 chars): Connection error.
[WARN] Skipping prompt (1637 chars): Connection error.
[WARN] Skipping prompt (1068 chars): Connection error.
[WARN] Skipping prompt (1053 chars): Connection error.
[WARN] Skipping prompt (1532 chars): Connection error.
[WARN] Skipping prompt (2829 chars): Connection error.
[WARN] Skipping prompt (2147 chars): Connection error.
[WARN] Skipping prompt (1595 chars): Connection error.
[WARN] Skipping prompt (1079 chars): Connection error.
[WARN] Skipping prompt (1864 chars): Connection error.
[WARN] Skipping prompt (1531 chars): Connection error.
[WARN] Skipping prompt (1069 chars): Connection error.
[WARN] Skipping prompt (1066 chars): Connection error.
[WARN] Skipping prompt (1082 chars): Connection error.
[WARN] Skipping prompt (1077 chars): Connection error.
[WARN] Skipping prompt (1472 chars): Connection error.
[WARN] Skipping prompt (1067 chars): Connection error.
[WARN] Skipping prompt (1092 chars): Connection error.
[WARN] Skipping prompt (1590 chars): Connection error.
[WARN] Skipping prompt (2187 chars): Connection error.
[WARN] Skipping prompt (1475 chars): Connection error.
[WARN] Skipping prompt (1052 chars): Connection error.
[WARN] Skipping prompt (1068 chars): Connection error.
[WARN] Skipping prompt (2635 chars): Connection error.
[WARN] Skipping prompt (1339 chars): Connection error.
[WARN] Skipping prompt (1366 chars): Connection error.
[WARN] Skipping prompt (2548 chars): Connection error.
[WARN] Skipping prompt (2116 chars): Connection error.
[WARN] Skipping prompt (1136 chars): Connection error.
[WARN] Skipping prompt (1056 chars): Connection error.
[WARN] Skipping prompt (2143 chars): Connection error.
[WARN] Skipping prompt (2195 chars): Connection error.
[WARN] Skipping prompt (1669 chars): Connection error.
[WARN] Skipping prompt (1144 chars): Connection error.
[WARN] Skipping prompt (1212 chars): Connection error.
[WARN] Skipping prompt (1407 chars): Connection error.
[WARN] Skipping prompt (1697 chars): Connection error.
[WARN] Skipping prompt (939 chars): Connection error.
[WARN] Skipping prompt (1469 chars): Connection error.
[WARN] Skipping prompt (1203 chars): Connection error.
[WARN] Skipping prompt (1945 chars): Connection error.
[WARN] Skipping prompt (2161 chars): Connection error.
[WARN] Skipping prompt (1068 chars): Connection error.
[WARN] Skipping prompt (1128 chars): Connection error.
[WARN] Skipping prompt (1663 chars): Connection error.
[WARN] Skipping prompt (1362 chars): Connection error.
[WARN] Skipping prompt (2120 chars): Connection error.
[WARN] Skipping prompt (1051 chars): Connection error.
[WARN] Skipping prompt (1066 chars): Connection error.
[WARN] Skipping prompt (2464 chars): Connection error.
[WARN] Skipping prompt (2245 chars): Connection error.
[WARN] Skipping prompt (3286 chars): Connection error.
[WARN] Skipping prompt (1402 chars): Connection error.
[WARN] Skipping prompt (1102 chars): Connection error.
[WARN] Skipping prompt (1038 chars): Connection error.
[WARN] Skipping prompt (1326 chars): Connection error.
[WARN] Skipping prompt (2152 chars): Connection error.
[WARN] Skipping prompt (1250 chars): Connection error.
[WARN] Skipping prompt (1133 chars): Connection error.
[WARN] Skipping prompt (2200 chars): Connection error.
[WARN] Skipping prompt (1162 chars): Connection error.
[WARN] Skipping prompt (1478 chars): Connection error.
Inference:  87%|███████████████████████████████████████████████████████████████████████████████████████████▊              | 26/30 [04:59<00:13,  3.27s/it][WARN] Skipping prompt (1388 chars): Connection error.
[WARN] Skipping prompt (2227 chars): Connection error.
[WARN] Skipping prompt (1430 chars): Connection error.
[WARN] Skipping prompt (996 chars): Connection error.
[WARN] Skipping prompt (1370 chars): Connection error.
[WARN] Skipping prompt (1367 chars): Connection error.
[WARN] Skipping prompt (1175 chars): Connection error.
[WARN] Skipping prompt (1114 chars): Connection error.
[WARN] Skipping prompt (1252 chars): Connection error.
[WARN] Skipping prompt (1101 chars): Connection error.
[WARN] Skipping prompt (1326 chars): Connection error.
[WARN] Skipping prompt (1456 chars): Connection error.
[WARN] Skipping prompt (1054 chars): Connection error.
[WARN] Skipping prompt (1429 chars): Connection error.
[WARN] Skipping prompt (1472 chars): Connection error.
[WARN] Skipping prompt (1531 chars): Connection error.
[WARN] Skipping prompt (2144 chars): Connection error.
[WARN] Skipping prompt (965 chars): Connection error.
[WARN] Skipping prompt (1480 chars): Connection error.
[WARN] Skipping prompt (1234 chars): Connection error.
[WARN] Skipping prompt (2881 chars): Connection error.
[WARN] Skipping prompt (2363 chars): Connection error.
[WARN] Skipping prompt (1857 chars): Connection error.
[WARN] Skipping prompt (1189 chars): Connection error.
[WARN] Skipping prompt (930 chars): Connection error.
[WARN] Skipping prompt (1865 chars): Connection error.
[WARN] Skipping prompt (1216 chars): Connection error.
[WARN] Skipping prompt (1092 chars): Connection error.
[WARN] Skipping prompt (1306 chars): Connection error.
[WARN] Skipping prompt (1387 chars): Connection error.
[WARN] Skipping prompt (1053 chars): Connection error.
[WARN] Skipping prompt (1069 chars): Connection error.
[WARN] Skipping prompt (1452 chars): Connection error.
[WARN] Skipping prompt (2545 chars): Connection error.
[WARN] Skipping prompt (1562 chars): Connection error.
[WARN] Skipping prompt (1295 chars): Connection error.
[WARN] Skipping prompt (2153 chars): Connection error.
[WARN] Skipping prompt (1129 chars): Connection error.
[WARN] Skipping prompt (1145 chars): Connection error.
[WARN] Skipping prompt (926 chars): Connection error.
[WARN] Skipping prompt (1595 chars): Connection error.
[WARN] Skipping prompt (1091 chars): Connection error.
[WARN] Skipping prompt (1245 chars): Connection error.
[WARN] Skipping prompt (2162 chars): Connection error.
[WARN] Skipping prompt (1131 chars): Connection error.
[WARN] Skipping prompt (1045 chars): Connection error.
[WARN] Skipping prompt (1174 chars): Connection error.
[WARN] Skipping prompt (2186 chars): Connection error.
[WARN] Skipping prompt (3285 chars): Connection error.
[WARN] Skipping prompt (2601 chars): Connection error.
[WARN] Skipping prompt (1126 chars): Connection error.
[WARN] Skipping prompt (928 chars): Connection error.
[WARN] Skipping prompt (971 chars): Connection error.
[WARN] Skipping prompt (1404 chars): Connection error.
[WARN] Skipping prompt (2500 chars): Connection error.
[WARN] Skipping prompt (1187 chars): Connection error.
[WARN] Skipping prompt (2224 chars): Connection error.
[WARN] Skipping prompt (1665 chars): Connection error.
[WARN] Skipping prompt (1009 chars): Connection error.
[WARN] Skipping prompt (1052 chars): Connection error.
[WARN] Skipping prompt (1528 chars): Connection error.
[WARN] Skipping prompt (1338 chars): Connection error.
[WARN] Skipping prompt (1323 chars): Connection error.
[WARN] Skipping prompt (1396 chars): Connection error.
Inference:  90%|███████████████████████████████████████████████████████████████████████████████████████████████▍          | 27/30 [05:02<00:09,  3.26s/it][WARN] Skipping prompt (2581 chars): Connection error.
[WARN] Skipping prompt (1906 chars): Connection error.
[WARN] Skipping prompt (1142 chars): Connection error.
[WARN] Skipping prompt (2153 chars): Connection error.
[WARN] Skipping prompt (2473 chars): Connection error.
[WARN] Skipping prompt (2631 chars): Connection error.
[WARN] Skipping prompt (1871 chars): Connection error.
[WARN] Skipping prompt (1945 chars): Connection error.
[WARN] Skipping prompt (1364 chars): Connection error.
[WARN] Skipping prompt (1277 chars): Connection error.
[WARN] Skipping prompt (1382 chars): Connection error.
[WARN] Skipping prompt (1137 chars): Connection error.
[WARN] Skipping prompt (1643 chars): Connection error.
[WARN] Skipping prompt (1576 chars): Connection error.
[WARN] Skipping prompt (1367 chars): Connection error.
[WARN] Skipping prompt (1150 chars): Connection error.
[WARN] Skipping prompt (1200 chars): Connection error.
[WARN] Skipping prompt (2069 chars): Connection error.
[WARN] Skipping prompt (1085 chars): Connection error.
[WARN] Skipping prompt (1338 chars): Connection error.
[WARN] Skipping prompt (1873 chars): Connection error.
[WARN] Skipping prompt (2534 chars): Connection error.
[WARN] Skipping prompt (2548 chars): Connection error.
[WARN] Skipping prompt (2269 chars): Connection error.
[WARN] Skipping prompt (1143 chars): Connection error.
[WARN] Skipping prompt (2916 chars): Connection error.
[WARN] Skipping prompt (1673 chars): Connection error.
[WARN] Skipping prompt (1398 chars): Connection error.
[WARN] Skipping prompt (1211 chars): Connection error.
[WARN] Skipping prompt (1243 chars): Connection error.
[WARN] Skipping prompt (2391 chars): Connection error.
[WARN] Skipping prompt (2850 chars): Connection error.
[WARN] Skipping prompt (1240 chars): Connection error.
[WARN] Skipping prompt (2144 chars): Connection error.
[WARN] Skipping prompt (2108 chars): Connection error.
[WARN] Skipping prompt (1257 chars): Connection error.
[WARN] Skipping prompt (1888 chars): Connection error.
[WARN] Skipping prompt (1852 chars): Connection error.
[WARN] Skipping prompt (1166 chars): Connection error.
[WARN] Skipping prompt (1110 chars): Connection error.
[WARN] Skipping prompt (1131 chars): Connection error.
[WARN] Skipping prompt (939 chars): Connection error.
[WARN] Skipping prompt (2883 chars): Connection error.
[WARN] Skipping prompt (1074 chars): Connection error.
[WARN] Skipping prompt (1480 chars): Connection error.
[WARN] Skipping prompt (1173 chars): Connection error.
[WARN] Skipping prompt (2882 chars): Connection error.
[WARN] Skipping prompt (1038 chars): Connection error.
[WARN] Skipping prompt (1051 chars): Connection error.
[WARN] Skipping prompt (1052 chars): Connection error.
[WARN] Skipping prompt (1241 chars): Connection error.
[WARN] Skipping prompt (1873 chars): Connection error.
[WARN] Skipping prompt (1693 chars): Connection error.
[WARN] Skipping prompt (1051 chars): Connection error.
[WARN] Skipping prompt (1190 chars): Connection error.
[WARN] Skipping prompt (1662 chars): Connection error.
[WARN] Skipping prompt (994 chars): Connection error.
[WARN] Skipping prompt (1871 chars): Connection error.
[WARN] Skipping prompt (1034 chars): Connection error.
[WARN] Skipping prompt (1162 chars): Connection error.
[WARN] Skipping prompt (1789 chars): Connection error.
[WARN] Skipping prompt (1077 chars): Connection error.
[WARN] Skipping prompt (1464 chars): Connection error.
[WARN] Skipping prompt (1925 chars): Connection error.
Inference:  93%|██████████████████████████████████████████████████████████████████████████████████████████████████▉       | 28/30 [05:05<00:06,  3.28s/it][WARN] Skipping prompt (1895 chars): Connection error.
[WARN] Skipping prompt (1763 chars): Connection error.
[WARN] Skipping prompt (1052 chars): Connection error.
[WARN] Skipping prompt (1203 chars): Connection error.
[WARN] Skipping prompt (2330 chars): Connection error.
[WARN] Skipping prompt (1496 chars): Connection error.
[WARN] Skipping prompt (1362 chars): Connection error.
[WARN] Skipping prompt (1922 chars): Connection error.
[WARN] Skipping prompt (1191 chars): Connection error.
[WARN] Skipping prompt (1065 chars): Connection error.
[WARN] Skipping prompt (1706 chars): Connection error.
[WARN] Skipping prompt (1136 chars): Connection error.
[WARN] Skipping prompt (2633 chars): Connection error.
[WARN] Skipping prompt (1196 chars): Connection error.
[WARN] Skipping prompt (1576 chars): Connection error.
[WARN] Skipping prompt (2630 chars): Connection error.
[WARN] Skipping prompt (1172 chars): Connection error.
[WARN] Skipping prompt (1896 chars): Connection error.
[WARN] Skipping prompt (1828 chars): Connection error.
[WARN] Skipping prompt (1773 chars): Connection error.
[WARN] Skipping prompt (2635 chars): Connection error.
[WARN] Skipping prompt (2628 chars): Connection error.
[WARN] Skipping prompt (1869 chars): Connection error.
[WARN] Skipping prompt (1441 chars): Connection error.
[WARN] Skipping prompt (1873 chars): Connection error.
[WARN] Skipping prompt (1334 chars): Connection error.
[WARN] Skipping prompt (2318 chars): Connection error.
[WARN] Skipping prompt (907 chars): Connection error.
[WARN] Skipping prompt (1238 chars): Connection error.
[WARN] Skipping prompt (964 chars): Connection error.
[WARN] Skipping prompt (1858 chars): Connection error.
[WARN] Skipping prompt (964 chars): Connection error.
[WARN] Skipping prompt (1136 chars): Connection error.
[WARN] Skipping prompt (1146 chars): Connection error.
[WARN] Skipping prompt (2020 chars): Connection error.
[WARN] Skipping prompt (1140 chars): Connection error.
[WARN] Skipping prompt (2744 chars): Connection error.
[WARN] Skipping prompt (2701 chars): Connection error.
[WARN] Skipping prompt (1214 chars): Connection error.
[WARN] Skipping prompt (1768 chars): Connection error.
[WARN] Skipping prompt (1864 chars): Connection error.
[WARN] Skipping prompt (1835 chars): Connection error.
[WARN] Skipping prompt (1810 chars): Connection error.
[WARN] Skipping prompt (1163 chars): Connection error.
[WARN] Skipping prompt (908 chars): Connection error.
[WARN] Skipping prompt (1046 chars): Connection error.
[WARN] Skipping prompt (1643 chars): Connection error.
[WARN] Skipping prompt (2752 chars): Connection error.
[WARN] Skipping prompt (2130 chars): Connection error.
[WARN] Skipping prompt (1842 chars): Connection error.
[WARN] Skipping prompt (1837 chars): Connection error.
[WARN] Skipping prompt (1873 chars): Connection error.
[WARN] Skipping prompt (1498 chars): Connection error.
[WARN] Skipping prompt (1891 chars): Connection error.
[WARN] Skipping prompt (1782 chars): Connection error.
[WARN] Skipping prompt (1235 chars): Connection error.
[WARN] Skipping prompt (2251 chars): Connection error.
[WARN] Skipping prompt (1278 chars): Connection error.
[WARN] Skipping prompt (1095 chars): Connection error.
[WARN] Skipping prompt (1597 chars): Connection error.
[WARN] Skipping prompt (2633 chars): Connection error.
[WARN] Skipping prompt (1333 chars): Connection error.
[WARN] Skipping prompt (2302 chars): Connection error.
[WARN] Skipping prompt (1018 chars): Connection error.
Inference:  97%|██████████████████████████████████████████████████████████████████████████████████████████████████████▍   | 29/30 [05:08<00:03,  3.28s/it][WARN] Skipping prompt (2636 chars): Connection error.
[WARN] Skipping prompt (1105 chars): Connection error.
[WARN] Skipping prompt (1828 chars): Connection error.
[WARN] Skipping prompt (1398 chars): Connection error.
[WARN] Skipping prompt (1579 chars): Connection error.
[WARN] Skipping prompt (1839 chars): Connection error.
[WARN] Skipping prompt (1141 chars): Connection error.
[WARN] Skipping prompt (2634 chars): Connection error.
[WARN] Skipping prompt (2738 chars): Connection error.
[WARN] Skipping prompt (1320 chars): Connection error.
[WARN] Skipping prompt (1141 chars): Connection error.
[WARN] Skipping prompt (1046 chars): Connection error.
[WARN] Skipping prompt (1829 chars): Connection error.
[WARN] Skipping prompt (1266 chars): Connection error.
[WARN] Skipping prompt (1046 chars): Connection error.
[WARN] Skipping prompt (1858 chars): Connection error.
[WARN] Skipping prompt (1264 chars): Connection error.
[WARN] Skipping prompt (1134 chars): Connection error.
[WARN] Skipping prompt (1677 chars): Connection error.
[WARN] Skipping prompt (1109 chars): Connection error.
[WARN] Skipping prompt (2731 chars): Connection error.
[WARN] Skipping prompt (949 chars): Connection error.
[WARN] Skipping prompt (942 chars): Connection error.
[WARN] Skipping prompt (1491 chars): Connection error.
[WARN] Skipping prompt (1299 chars): Connection error.
[WARN] Skipping prompt (1575 chars): Connection error.
[WARN] Skipping prompt (1153 chars): Connection error.
[WARN] Skipping prompt (1327 chars): Connection error.
[WARN] Skipping prompt (1836 chars): Connection error.
[WARN] Skipping prompt (2632 chars): Connection error.
[WARN] Skipping prompt (1895 chars): Connection error.
[WARN] Skipping prompt (2631 chars): Connection error.
[WARN] Skipping prompt (2327 chars): Connection error.
[WARN] Skipping prompt (2137 chars): Connection error.
[WARN] Skipping prompt (1889 chars): Connection error.
[WARN] Skipping prompt (1139 chars): Connection error.
[WARN] Skipping prompt (1921 chars): Connection error.
[WARN] Skipping prompt (1133 chars): Connection error.
[WARN] Skipping prompt (1786 chars): Connection error.
[WARN] Skipping prompt (1775 chars): Connection error.
[WARN] Skipping prompt (2731 chars): Connection error.
[WARN] Skipping prompt (1138 chars): Connection error.
[WARN] Skipping prompt (2139 chars): Connection error.
[WARN] Skipping prompt (2497 chars): Connection error.
[WARN] Skipping prompt (2120 chars): Connection error.
[WARN] Skipping prompt (2331 chars): Connection error.
[WARN] Skipping prompt (2151 chars): Connection error.
[WARN] Skipping prompt (1142 chars): Connection error.
[WARN] Skipping prompt (2755 chars): Connection error.
[WARN] Skipping prompt (1142 chars): Connection error.
[WARN] Skipping prompt (1335 chars): Connection error.
Inference: 100%|██████████████████████████████████████████████████████████████████████████████████████████████████████████| 30/30 [05:12<00:00,  3.24s/it]Inference: 100%|██████████████████████████████████████████████████████████████████████████████████████████████████████████| 30/30 [05:12<00:00, 10.40s/it]
Time used: 312.0168001651764
Each batch time: 10.400560005505879
